data_2.csv
NameID,year,Sales,price,FuelEfficiency,HH,size,hppw,share,share0,hppw_own_sum,FuelEfficiency_own_sum,size_own_sum,iv_BLP_own_hppw,iv_BLP_own_FuelEfficiency,iv_BLP_own_size,iv_BLP_other_hppw,iv_BLP_other_FuelEfficiency,iv_BLP_other_size,iv_GH_own_hppw,iv_GH_own_FuelEfficiency,iv_GH_own_size,iv_GH_other_hppw,iv_GH_other_FuelEfficiency,iv_GH_other_size,logit_share
1,2006,4830,2.918888888888889,12.2,51102005,10.815125749999998,0.075,9.451683940776884e-05,0.9152275336359111,0.16343537414965986,23.4,22.420219249999995,0.08843537414965986,11.2,11.605093499999997,16.160872653184775,2391.0,1840.9026385,0.00018050927854134854,1.0,0.6240490460401134,0.2553132574247594,4557.360000000001,1004.2912029808358,-9.178149970568484
1,2007,3874,2.9394444444444447,12.2,51713048,10.815125749999998,0.075,7.491339516479477e-05,0.9201741889203668,0.31268910549294343,35.4,33.110987249999994,0.23768910549294342,23.2,22.295861499999994,16.0533523519593,2382.0,1839.158933875,0.005694125896941883,1.0399999999999636,0.6395138960251643,0.25281060045889525,4335.919999999998,1039.1139366124553,-9.415985551701917
1,2008,3683,3.0294219066937127,15.8,52324877,10.827745499999999,0.09057971014492754,7.038716975865992e-05,0.9235641012591391,0.34579370638887336,40.0,33.883253499999995,0.2552139962439458,24.2,23.055507999999996,16.027986782675104,2408.6,1838.3881150000002,0.0036792022281792874,27.40000000000009,2.381114928536533,0.21955645601260443,3224.4000000000087,1073.2142268209718,-9.481984488621293
1,2009,4338,3.073055555555556,15.8,52877802,10.827745499999999,0.09057971014492754,8.203820574841595e-05,0.9291896626111653,0.1965399750455898,29.200000000000003,23.192485499999997,0.10596026490066225,13.400000000000002,12.364739999999998,16.50055341275912,2422.0,1888.995165,0.00023656146459415453,5.759999999999934,2.3623520930302675,0.23167708946311505,3428.540000000008,1100.731404048056,-9.334883092258064
1,2010,4506,3.1574611398963732,16.6,53362801,10.827745499999999,0.09057971014492754,8.444084484995456e-05,0.9249569564386247,0.32519851163095564,42.0,34.989126125,0.2346188014860281,25.4,24.161380625,16.818433048746915,2527.6,1917.23652925,0.0016865584876751827,31.400000000000205,3.3011098562790266,0.23359835863816825,3695.459999999992,1114.4359718710257,-9.30145125357322
1,2011,3739,3.1640186915887853,16.6,53783435,10.827745499999999,0.09057971014492754,6.951954630640457e-05,0.9389811007794501,0.29906098344895116,49.4,33.139717499999996,0.2084812733040236,32.8,22.311971999999997,15.722896743681806,2464.5,1811.610311865,0.00037915606869102364,18.079999999999927,3.137656116712492,0.22979697433273039,3678.9300000000076,1013.9806804619802,-9.510942676173958
1,2012,3603,3.167307692307692,16.6,54171475,10.827745499999999,0.09057971014492754,6.651101894493366e-05,0.9197618488328037,0.30998383543140573,49.8,33.179137499999996,0.21940412528647818,33.199999999999996,22.351391999999997,16.185120847671307,2659.2999999999997,1891.364785625,0.0008344638101315041,15.680000000000064,3.2603866994924715,0.22899931941731122,4818.37000000001,1097.7557243328702,-9.534502423195459
1,2013,4604,3.1852173913043482,19.5,54594744,11.19418125,0.09242424242424242,8.433046228772499e-05,0.9195631909181587,0.31182836771072064,52.7,33.54557325,0.21940412528647824,33.2,22.351391999999997,15.538474436893932,2762.2000000000003,1857.627278875,0.0007001812230320661,32.49999999999977,3.018931007527158,0.1985052208258864,6686.109999999986,1012.1506872247337,-9.296910888334493
1,2014,10400,3.2225806451612904,19.5,55952365,11.19418125,0.09242424242424242,0.00018587239341893768,0.9188134228106355,0.2093073593073593,33.3,23.598341249999997,0.11688311688311688,13.799999999999997,12.404159999999997,16.24547409380297,2891.2999999999997,1918.75842025,0.0005982365397949815,32.49000000000012,1.4640485754515566,0.23333989110354114,6939.700000000012,1040.096101390991,-8.505777977376184
1,2015,10604,3.0269700000000004,19.5,56412140,11.19418125,0.09242424242424242,0.00018797372338649092,0.9279170405519096,0.09242424242424242,19.5,11.19418125,0.0,0.0,0.0,16.183900550153076,2999.9,1913.483649,0.0,0.0,0.0,0.2338676400535813,7336.029999999999,1126.7750063289714,-8.504395427974758
1,2016,8063,3.28,19.5,56950757,11.19418125,0.09242424242424242,0.00014157845171399564,0.9300480413280547,0.2158008658008658,37.9,23.652913249999997,0.12337662337662338,18.4,12.458731999999998,16.497019187782353,3138.2,1950.74698775,0.0009580498866213136,1.2100000000000364,1.5990885993256256,0.2586003162217638,7979.190000000017,1119.697344014865,-8.790137528618786
2,2006,6066,3.7925,11.2,51102005,11.605093499999999,0.08843537414965986,0.0001187037573183283,0.9152275336359111,0.16343537414965986,23.4,22.420219249999995,0.075,12.2,10.815125749999996,16.160872653184775,2391.0,1840.9026385,0.00018050927854134854,1.0,0.6240490460401134,0.17897642642509526,5525.1600000000035,982.7175477059791,-8.950297028966576
2,2007,5258,3.8952777777777783,11.2,51713048,11.605093499999999,0.08843537414965986,0.0001016764666433895,0.9201741889203668,0.31268910549294343,35.4,33.110987249999994,0.22425373134328358,24.2,21.505893749999995,16.0533523519593,2382.0,1839.158933875,0.003879381850272548,1.6399999999999864,1.4600401659902786,0.17716710500953736,5309.120000000003,1002.5839720207077,-9.110522390379032
2,2008,5976,4.245243407707911,12.2,52324877,12.36474,0.10596026490066225,0.00011420953746341343,0.9235641012591391,0.34579370638887336,40.0,33.883253499999995,0.23983344148821112,27.8,21.518513499999997,16.027986782675104,2408.6,1838.3881150000002,0.0021108857012125323,13.0,5.164534349814289,0.2162266026988191,4236.719999999994,1196.7984536626464,-8.997960678253705
2,2009,6587,4.3372222222222225,13.4,52877802,12.36474,0.10596026490066225,0.000124570230812544,0.9291896626111653,0.1965399750455898,29.200000000000003,23.192485499999997,0.09057971014492754,15.800000000000002,10.827745499999997,16.50055341275912,2422.0,1888.995165,0.00023656146459415453,5.759999999999991,2.3623520930302675,0.21985634998560677,3561.0200000000114,1140.0435611769572,-8.91719849500419
2,2010,5660,4.503264248704664,13.4,53362801,12.36474,0.10596026490066225,0.00010606639632728425,0.9249569564386247,0.32519851163095564,42.0,34.989126125,0.2192382467302934,28.6,22.624386125,16.818433048746915,2527.6,1917.23652925,0.0007517730020667746,12.200000000000045,2.6850889929055484,0.2210679704102123,3840.100000000006,1173.8746539149215,-9.073437203368181
2,2011,5220,4.512616822429907,13.4,53783435,12.36474,0.10596026490066225,9.705590578214277e-05,0.9389811007794501,0.29906098344895116,49.4,33.139717499999996,0.19310071854828892,36.0,20.7749775,15.722896743681806,2464.5,1811.610311865,0.00024838994984836826,46.24000000000001,8.206697023094193,0.22073755987987864,4379.729999999996,1041.6459663106652,-9.177263470274386
2,2012,4797,4.56923076923077,13.8,54171475,12.404159999999997,0.11688311688311688,8.855213929471183e-05,0.9197618488328037,0.30998383543140573,49.8,33.179137499999996,0.19310071854828886,36.0,20.7749775,16.185120847671307,2659.2999999999997,1891.364785625,0.0008981393660188949,39.19999999999993,8.521577872994158,0.27249626196043586,5750.770000000019,1140.7964602596621,-9.24827853244149
2,2013,6227,4.550310559006212,13.8,54594744,12.404159999999997,0.11688311688311688,0.00011405859875448817,0.9195631909181587,0.31182836771072064,52.7,33.54557325,0.19494525082760378,38.900000000000006,21.14141325,15.538474436893932,2762.2000000000003,1857.627278875,0.000804506699779238,63.84999999999991,7.500543772635524,0.26262504012042287,7615.779999999984,1113.883744594088,-8.994941703303814
2,2014,5641,4.561965725806452,13.8,55952365,12.404159999999997,0.11688311688311688,0.00010081790108425264,0.9188134228106355,0.2093073593073593,33.3,23.598341249999997,0.09242424242424242,19.499999999999996,11.19418125,16.24547409380297,2891.2999999999997,1918.75842025,0.0005982365397949815,32.49000000000012,1.4640485754515566,0.28335256839493583,8581.87000000001,1108.1083604973392,-9.117522428765671
2,2016,5807,5.18,18.4,56950757,12.458732,0.12337662337662338,0.00010196528204181729,0.9300480413280547,0.2158008658008658,37.9,23.652913249999997,0.09242424242424242,19.5,11.194181249999998,16.497019187782353,3138.2,1950.74698775,0.0009580498866213136,1.2100000000000364,1.5990885993256256,0.3528412228201887,7921.000000000015,1181.0818459012517,-9.118359137931758
5,2006,8821,3.0319444444444446,11.6,51102005,10.6106,0.08518518518518518,0.0001726155363179977,0.9152275336359111,0.39680170152146554,43.6,44.6619245,0.31161651633628035,32.0,34.0513245,15.92750632581297,2370.8,1818.66093325,0.002618600182142883,7.920000000000073,10.897299464770867,0.18954306884500394,5091.519999999997,1033.1643788373767,-8.575861195956335
5,2007,8100,3.0319444444444446,11.8,51713048,10.6106,0.08394160583941605,0.0001566335830755905,0.9201741889203668,0.40100478956926644,46.2,44.602092,0.3170631837298504,34.400000000000006,33.991492,15.965036667882977,2371.2000000000003,1827.667829125,0.002871825708509697,14.919999999999845,11.096583422939602,0.19745239341764886,4671.959999999992,1071.4631030549353,-8.678409055008329
5,2008,7220,3.0091582150101424,11.8,52324877,10.6106,0.08394160583941605,0.00013798407973324045,0.9235641012591391,0.40100478956926644,46.2,44.602092,0.3170631837298504,34.400000000000006,33.991492,15.972775699494711,2402.4,1827.6692765,0.002871825708509697,14.919999999999845,11.096583422939602,0.2465945927147173,4609.68,1109.4947215167122,-8.808857173179486
5,2009,5350,3.0525,11.8,52877802,10.6106,0.08394160583941605,0.00010117667145090487,0.9291896626111653,0.40100478956926644,46.2,44.52977325,0.3170631837298504,34.400000000000006,33.91917325,16.296088598235443,2405.0,1867.65787725,0.002871825708509697,14.919999999999845,10.914064005713044,0.25840646419291957,4702.580000000002,1149.855697098821,-9.125199943754831
5,2010,5856,3.0953471502590673,13.6,53362801,10.388,0.08776978417266187,0.00010973936694215133,0.9249569564386247,0.4926159707301661,64.0,57.015277,0.40484618655750426,50.4,46.627277,16.651015589647702,2505.6,1895.2103783750001,0.0013217050237496752,17.200000000000045,17.328644272239103,0.2451125743050273,3725.2600000000093,1231.353467155539,-9.039394318924263
5,2011,5279,3.1951401869158884,16.6,53783435,11.017835999999999,0.09714285714285714,9.815289782067657e-05,0.9389811007794501,0.4918776635550829,70.0,57.548731000000004,0.39473480641222575,53.4,46.530895,15.530080063575674,2443.9,1787.201298365,0.0004011759570129725,53.80000000000018,12.918230503518998,0.21659415555901607,3643.209999999992,967.2831967812672,-9.166024186327455
5,2012,10436,3.1984615384615385,16.6,54171475,11.017835999999999,0.09714285714285714,0.0001926475142129691,0.9197618488328037,0.49126521867512213,71.2,57.686828000000006,0.394122361532265,54.6,46.668992,16.003839464427593,2637.9,1866.857095125,0.00040276247517684327,41.320000000000164,12.641879744523976,0.21866391144710828,4792.729999999996,1050.1896622412532,-8.471007887686934
5,2013,8246,3.1852173913043482,16.6,54594744,11.017835999999999,0.0951048951048951,0.00015104018071776287,0.9195631909181587,0.5940092967417808,88.0,72.751952,0.4989044016368857,71.4,61.734116,15.256293507862871,2726.9,1818.420900125,0.000644419780038541,38.63999999999987,26.500561271038123,0.19602554843998599,5837.229999999996,1013.2824232309067,-8.714108144909419
5,2014,7723,3.011098790322581,16.6,55952365,11.017835999999999,0.0951048951048951,0.00013802812445908228,0.9188134228106355,0.4002477522477523,66.4,46.017394125,0.30514285714285716,49.800000000000004,34.99955812500001,16.054533700862578,2858.2,1896.339367375,0.0005986847857437291,12.559999999999718,10.121377413728169,0.22907131586532437,6439.080000000002,1062.3532662069556,-8.803380893936383
5,2015,8080,2.9770200000000004,18.1,56412140,11.030543999999999,0.0951048951048951,0.0001432315810036634,0.9279170405519096,0.37757247242052705,69.2,46.115324625,0.28246757731563193,51.1,35.084780625,15.898752320156794,2950.2000000000003,1878.5625056249999,0.0004217307317261054,11.059999999999945,10.354672504782002,0.2291291420100272,7093.689999999988,1146.2474762642814,-8.776234843868535
5,2016,7724,3.1,18.1,56950757,11.030543999999999,0.0951048951048951,0.0001356259408457029,0.9300480413280547,0.4731138736944124,81.6,58.588109625,0.37800897858951726,63.49999999999999,47.557565625,16.239706179888806,3094.5,1915.811791375,0.0004219212693616775,47.150000000000546,12.434731606863124,0.25449029508505294,7930.169999999998,1140.4144376034237,-8.833090859755403
7,2006,22789,4.491388888888889,11.4,51102005,11.90866875,0.09740259740259741,0.0004459511911518932,0.9152275336359111,0.39680170152146554,43.6,44.6619245,0.29939910411886816,32.2,32.753255749999994,15.92750632581297,2370.8,1818.66093325,0.0018458210929789831,6.959999999999923,11.875038597058506,0.159508031213055,5299.240000000005,1017.9515352355302,-7.626718474832331
7,2007,23330,4.491388888888889,11.4,51713048,11.90866875,0.1012987012987013,0.0004511433942164848,0.9201741889203668,0.40100478956926644,46.2,44.602092,0.2997060882705651,34.800000000000004,32.693423249999995,15.965036667882977,2371.2000000000003,1827.667829125,0.0018122036597554778,14.759999999999764,12.229655952196026,0.1608916872252637,5074.839999999989,1032.8671193134069,-7.620533030653383
7,2008,17809,4.427616632860041,11.4,52324877,11.90866875,0.1012987012987013,0.00034035435955253175,0.9235641012591391,0.40100478956926644,46.2,44.602092,0.2997060882705651,34.800000000000004,32.693423249999995,15.972775699494711,2402.4,1827.6692765,0.0018122036597554778,14.759999999999764,12.229655952196026,0.20976523230143718,5037.520000000004,1070.894980190671,-7.906008178590354
7,2009,14042,4.357777777777779,11.4,52877802,11.83635,0.1012987012987013,0.00026555566738572074,0.9291896626111653,0.40100478956926644,46.2,44.52977325,0.2997060882705651,34.800000000000004,32.693423249999995,16.296088598235443,2405.0,1867.65787725,0.0018122036597554778,14.759999999999764,11.806720733338125,0.21356879178022092,5123.220000000001,1028.6169429454458,-8.16024366606769
7,2010,11664,4.813834196891192,13.0,53362801,11.713905,0.10967741935483871,0.0002185792308765801,0.9249569564386247,0.4926159707301661,64.0,57.015277,0.3829385513753274,51.0,45.301372,16.651015589647702,2505.6,1895.2103783750001,0.0013656095935164342,14.200000000000045,12.660094315994002,0.22926803933609285,4098.5799999999945,1040.9449812660532,-8.350353920316971
7,2011,8912,4.823831775700935,13.0,53783435,11.713905,0.10967741935483871,0.0001657015770748001,0.9389811007794501,0.4918776635550829,70.0,57.548731000000004,0.3822002442002442,57.0,45.83482600000001,15.530080063575674,2443.9,1787.201298365,0.0010322417202803247,25.0,11.916756357285749,0.22909089761236556,4722.489999999998,931.7956907280168,-8.642362188984006
7,2012,11107,4.828846153846154,13.0,54171475,11.713905,0.10967741935483871,0.0002050341069723503,0.9197618488328037,0.49126521867512213,71.2,57.686828000000006,0.3815877993202834,58.2,45.97292300000001,16.003839464427593,2637.9,1866.857095125,0.0010491816953427519,21.160000000000082,11.448155516904535,0.2374307314906967,6522.889999999999,1014.5703161810234,-8.408693714776433
7,2013,18739,4.870900621118014,16.4,54594744,12.1545,0.115,0.0003432381695937616,0.9195631909181587,0.5940092967417808,88.0,72.751952,0.47900929674178083,71.6,60.597452000000004,15.256293507862871,2726.9,1818.420900125,0.0020890188078694916,34.24000000000069,19.146472497406194,0.2494237396208363,5885.190000000017,1041.0025752739748,-7.893229465600601
7,2014,15835,5.025211693548387,16.4,55952365,12.1545,0.115,0.0002830085913258537,0.9188134228106355,0.4002477522477523,66.4,46.017394125,0.2852477522477523,50.00000000000001,33.862894125000004,16.054533700862578,2858.2,1896.339367375,0.0013929784640933363,12.7199999999998,10.865387370746248,0.2716076569391732,6506.559999999998,1044.634985569035,-8.085361103532907
7,2015,12050,4.4855100000000006,15.4,56412140,12.207059999999998,0.1108433734939759,0.00021360650384828514,0.9279170405519096,0.37757247242052705,69.2,46.115324625,0.26672909892655117,53.800000000000004,33.908264625,15.898752320156794,2950.2000000000003,1878.5625056249999,0.001502147835169318,22.939999999999827,11.201489602425113,0.2505360947142776,8462.319999999992,1127.5752646623805,-8.376562056464874
7,2016,11947,4.49,15.4,56950757,12.207059999999998,0.1108433734939759,0.0002097777207772673,0.9300480413280547,0.4731138736944124,81.6,58.588109625,0.3622705002004365,66.19999999999999,46.381049625,16.239706179888806,3094.5,1915.811791375,0.0017362981889937484,35.54000000000019,11.272099378050143,0.27488899500700725,9806.669999999998,1116.1117033776245,-8.396943023486584
