data_2.csv
NameID,year,Sales,price,FuelEfficiency,HH,size,hppw,share,share0,hppw_own_sum,FuelEfficiency_own_sum,size_own_sum,iv_BLP_own_hppw,iv_BLP_own_FuelEfficiency,iv_BLP_own_size,iv_BLP_other_hppw,iv_BLP_other_FuelEfficiency,iv_BLP_other_size,iv_GH_own_hppw,iv_GH_own_FuelEfficiency,iv_GH_own_size,iv_GH_other_hppw,iv_GH_other_FuelEfficiency,iv_GH_other_size,logit_share
8,2006,8092,6.454444444444444,8.8,51102005,13.16748825,0.1345679012345679,0.00015834995123968228,0.9152275336359111,0.39680170152146554,43.6,44.6619245,0.26223380028689763,34.8,31.49443625,15.92750632581297,2370.8,1818.66093325,0.006836325744418503,23.600000000000136,25.697857327448787,0.363628711410648,9171.68,1521.4030639914272,-8.662120518927466
8,2007,7236,6.505833333333333,8.8,51713048,13.16748825,0.1345679012345679,0.00013992600088086086,0.9201741889203668,0.40100478956926644,46.2,44.602092,0.26643688833469853,37.400000000000006,31.43460375,15.965036667882977,2371.2000000000003,1827.667829125,0.006518359252407055,44.91999999999996,26.203111318053857,0.3619856918683224,8949.359999999993,1513.6425357454718,-8.791204549153672
8,2008,4105,6.53504056795132,8.8,52324877,13.16748825,0.1345679012345679,7.845216721675237e-05,0.9235641012591391,0.40100478956926644,46.2,44.602092,0.26643688833469853,37.400000000000006,31.43460375,15.972775699494711,2402.4,1827.6692765,0.006518359252407055,44.91999999999996,26.203111318053857,0.4103442941644948,9074.279999999999,1551.6667526549936,-9.37350638317983
8,2009,2864,6.546944444444445,8.8,52877802,13.16748825,0.1345679012345679,5.41626143991386e-05,0.9291896626111653,0.40100478956926644,46.2,44.52977325,0.26643688833469853,37.400000000000006,31.362285,16.296088598235443,2405.0,1867.65787725,0.006518359252407055,44.91999999999996,26.390413825086625,0.4004822238610517,9120.98000000001,1448.3328759077485,-9.750077255564348
8,2010,6049,6.3149222797927465,11.2,53362801,13.470585000000002,0.1152542372881356,0.00011335611861903575,0.9249569564386247,0.4926159707301661,64.0,57.015277,0.3773617334420305,52.8,43.544692,16.651015589647702,2505.6,1895.2103783750001,0.0021431649165871147,26.800000000000182,33.5503501812741,0.2505251525680845,5931.340000000004,1682.1684786764672,-9.006968126458496
8,2011,9257,6.328037383177571,14.2,53783435,13.470585000000002,0.10514285714285715,0.00017211619153741295,0.9389811007794501,0.4918776635550829,70.0,57.548731000000004,0.38673480641222574,55.8,44.078146000000004,15.530080063575674,2443.9,1787.201298365,0.0006225619115602238,20.200000000000273,30.932796277126045,0.21894716025609062,3916.3300000000017,1510.0830705503613,-8.60438085008386
8,2012,7265,6.334615384615384,14.2,54171475,13.470585000000002,0.10514285714285715,0.00013411117197750292,0.9197618488328037,0.49126521867512213,71.2,57.686828000000006,0.386122361532265,57.0,44.216243000000006,16.003839464427593,2637.9,1866.857095125,0.0006339475478034651,13.480000000000246,29.97901096082478,0.2247647657305527,5479.610000000001,1622.68583515106,-8.83320095793917
8,2013,6360,6.825465838509318,14.2,54594744,13.452264000000001,0.10514285714285715,0.00011649473070154886,0.9195631909181587,0.5940092967417808,88.0,72.751952,0.4888664395989237,73.8,59.299688,15.256293507862871,2726.9,1818.420900125,0.0007796102497584778,17.520000000000437,29.70596288092588,0.20733389326564344,7246.990000000005,1571.8229763743075,-8.973808001842098
8,2014,4508,6.374667338709678,14.2,55952365,13.4843025,0.10514285714285715,8.056853360890108e-05,0.9188134228106355,0.4002477522477523,66.4,46.017394125,0.2951048951048951,52.2,32.533091625000004,16.054533700862578,2858.2,1896.339367375,0.0006036586410592334,35.59999999999991,24.85547051495064,0.23440464785821957,8109.4800000000105,1558.531939227163,-9.34173018734598
11,2006,13184,2.271388888888889,11.8,51102005,8.9751675,0.07964601769911504,0.00025799379104596775,0.9152275336359111,0.39680170152146554,43.6,44.6619245,0.3171556838223505,31.8,35.686757,15.92750632581297,2370.8,1818.66093325,0.0033623917902867173,9.200000000000045,28.85562231668837,0.21899586920048897,4896.680000000008,1824.73545845419,-8.173992465065849
11,2007,14013,2.374166666666667,14.2,51713048,8.915335,0.0811965811965812,0.0002709760987207716,0.9201741889203668,0.40100478956926644,46.2,44.602092,0.31980820837268525,32.0,35.686757,15.965036667882977,2371.2000000000003,1827.667829125,0.0032601281954870373,42.75999999999999,29.914777620599693,0.2121185803170622,3336.5999999999913,1938.8626018963514,-8.13028764649864
11,2008,12744,2.340456389452333,14.2,52324877,8.915335,0.0811965811965812,0.0002435552786870383,0.9235641012591391,0.40100478956926644,46.2,44.602092,0.31980820837268525,32.0,35.686757,15.972775699494711,2402.4,1827.6692765,0.0032601281954870373,42.75999999999999,29.914777620599693,0.26130326727910225,3124.5599999999977,1976.8991277264831,-8.240651553476475
11,2009,11002,2.415277777777778,14.2,52877802,8.915335,0.0811965811965812,0.00020806462416875798,0.9291896626111653,0.40100478956926644,46.2,44.52977325,0.31980820837268525,32.0,35.61443825,16.296088598235443,2405.0,1867.65787725,0.0032601281954870373,42.75999999999999,29.48705931193558,0.2744368341131973,3267.3800000000047,2119.7410196117125,-8.40421943020948
11,2010,11338,2.411058031088083,15.4,53362801,9.011717,0.08376068376068375,0.00021247010628246444,0.9249569564386247,0.4926159707301661,64.0,57.015277,0.40885528696948237,48.6,48.00355999999999,16.651015589647702,2505.6,1895.2103783750001,0.0018331844578604317,47.799999999999955,40.76945366346615,0.26515608773201693,3318.100000000006,2042.627500052382,-8.37870117968116
11,2011,14350,2.385981308411215,15.4,53783435,8.915335,0.08376068376068375,0.00026681077547389823,0.9389811007794501,0.4918776635550829,70.0,57.548731000000004,0.40811697979439915,54.6,48.633396000000005,15.530080063575674,2443.9,1787.201298365,0.001461547560936513,29.800000000000182,45.363199652625894,0.25700980843648,3556.5699999999924,1986.4938769046857,-8.166010929963303
11,2012,16212,2.418576923076923,15.4,54171475,9.011717,0.08376068376068375,0.0002992718954025158,0.9197618488328037,0.49126521867512213,71.2,57.686828000000006,0.4075045349144384,55.800000000000004,48.675111,16.003839464427593,2637.9,1866.857095125,0.0014467423919590633,20.200000000000045,43.18682897155281,0.25481324736310107,4902.889999999999,2031.034612632655,-8.030517546195354
11,2013,16982,2.408562111801243,15.4,54594744,9.011717,0.08376068376068375,0.0003110555843983809,0.9195631909181587,0.5940092967417808,88.0,72.751952,0.510248612981097,72.6,63.740235,15.256293507862871,2726.9,1818.420900125,0.0019470202122337937,19.44000000000051,77.30870665077191,0.2215707334457968,6314.590000000011,1960.5164988071265,-7.991682419616958
11,2014,17596,2.416935483870968,19.2,55952365,9.360755625000001,0.085,0.00031448179178842576,0.9188134228106355,0.4002477522477523,66.4,46.017394125,0.31524775224775226,47.2,36.6566385,16.054533700862578,2858.2,1896.339367375,0.0014078435989584859,39.59999999999991,27.554561832376407,0.25687967899092845,6748.4800000000105,1842.78559317693,-7.979912180037036
11,2015,21083,2.3976,19.2,56412140,9.360755625000001,0.085,0.00037373161167082123,0.9279170405519096,0.37757247242052705,69.2,46.115324625,0.29257247242052703,50.0,36.754569,15.898752320156794,2950.2000000000003,1878.5625056249999,0.0007726268966843503,22.940000000000055,28.1637181812672,0.25742907825880224,7209.079999999987,1937.9371780116126,-7.817159687863681
11,2016,24548,2.4,19.2,56950757,9.360755625000001,0.085,0.0004310390465924799,0.9300480413280547,0.4731138736944124,81.6,58.588109625,0.38811387369441236,62.39999999999999,49.227354,16.239706179888806,3094.5,1915.811791375,0.0008837480375014362,72.78000000000065,37.8484450121299,0.2842210140914907,7851.190000000002,1954.3535228006513,-7.67679283979482
12,2006,20228,1.371055555555556,14.6,51102005,9.389296875,0.06597938144329897,0.0003958357406915834,0.9152275336359111,0.9430490962244137,215.0,107.16148100000001,0.8770697147811147,200.4,97.77218412500001,15.381258931110022,2199.4,1756.1613767499998,0.004034155039598655,290.84000000000015,42.900339032692045,0.3361363214777118,3291.2000000000044,1522.2458661134588,-7.745928655015229
12,2007,20127,1.4029166666666668,15.2,51713048,9.389296875,0.06597938144329897,0.00038920544772375434,0.9201741889203668,0.9551044366984534,214.3,107.324488625,0.8891250552551544,199.10000000000002,97.93519175,15.41093702075379,2203.1,1764.9454325000002,0.00413565253213774,226.16999999999916,42.35370966562391,0.33979870634602083,3169.3899999999994,1583.1446565751758,-7.768210919437861
12,2008,19369,1.3829969574036514,15.2,52324877,9.389296875,0.06597938144329897,0.00037016809423173606,0.9235641012591391,0.9520651230219583,215.3,107.376751875,0.8860857415786594,200.10000000000002,97.987455,15.42171536604202,2233.2999999999997,1764.894616625,0.004091134099507815,227.01000000000022,41.87214325594073,0.38926344452055606,2894.1100000000006,1621.6613768138486,-7.82203827622412
12,2009,12516,1.4029166666666668,15.2,52877802,9.389296875,0.06597938144329897,0.00023669667661299537,0.9291896626111653,0.9528822144762311,214.5,107.348106375,0.8869028330329322,199.3,97.9588095,15.744211173328479,2236.7,1804.839544125,0.004137536202749939,227.32999999999902,41.753613727006496,0.40995083715493763,3060.8099999999977,1735.0321858445168,-8.27528867885611
12,2010,11615,1.4130932642487049,15.2,53362801,9.389296875,0.06597938144329897,0.00021766098822286335,0.9249569564386247,0.8668426852055665,190.4,100.117774125,0.8008633037622676,175.20000000000002,90.72847725,16.276788875172304,2379.2,1852.10788125,0.003782670544808006,162.23999999999978,37.73091049785967,0.42024132020006677,3191.100000000006,1752.5587335567034,-8.3545637293609
12,2011,11377,1.4160280373831775,15.2,53783435,9.389296875,0.06597938144329897,0.00021153353258303417,0.9389811007794501,0.7410524701053478,192.2,87.26076125,0.6750730886620488,177.0,77.871464375,15.28090525702541,2321.7000000000003,1757.489268115,0.001793370949567788,316.7600000000002,25.47076907291398,0.40044879422608304,3295.9699999999866,1645.8155649816836,-8.398167098611355
12,2012,10017,1.4175,15.2,54171475,9.389296875,0.06597938144329897,0.00018491281620077726,0.9197618488328037,0.8523858034386812,208.0,100.14281224999999,0.7864064219953822,192.8,90.75351537499999,15.642718879664033,2501.1,1824.401110875,0.003850351901611329,407.7600000000011,37.67010045061875,0.39436877158214,4576.930000000008,1743.5046039413864,-8.511985605331787
12,2013,9477,1.411630434782609,15.2,54594744,9.389296875,0.06597938144329897,0.00017358813881424189,0.9195631909181587,0.6972489670949483,187.0,90.98603349999999,0.6312695856516494,171.8,81.59673662499999,15.153053837509704,2627.9,1800.186818625,0.0035384220562104662,631.3999999999996,35.12505563181412,0.3469953511629784,5824.909999999989,1714.0103446910944,-8.57496856870607
12,2014,7158,1.4139072580645162,15.2,55952365,9.389296875,0.06597938144329897,0.00012793024923968808,0.9188134228106355,0.7405643892002207,226.3,96.1523075,0.6745850077569218,211.10000000000002,86.763010625,15.714217063910107,2698.2999999999997,1846.204454,0.0034272838310081544,935.9699999999993,43.101814612363796,0.40124303719779686,6269.710000000006,1805.7337998565272,-8.879353171179677
12,2015,4627,1.4025960000000004,14.8,56412140,9.389296875,0.0653061224489796,8.202135214157804e-05,0.9279170405519096,0.8010129953928072,257.9,104.322878125,0.7357068729438276,243.09999999999997,94.93358125,15.475311797184514,2761.5,1820.354952125,0.003554040368194733,1288.6900000000014,44.18528994326084,0.40731734851658663,7830.049999999988,1900.3499234304472,-9.333718006476676
12,2016,4284,1.4040000000000001,14.8,56950757,9.389296875,0.0653061224489796,7.522288070727488e-05,0.9300480413280547,0.8654989767012184,282.9,114.982670625,0.8001928542522388,268.09999999999997,105.59337375,15.847321076882,2893.2,1859.417230375,0.0035547129996851834,1395.13,45.968638045161015,0.4395718598195879,9196.12000000001,1923.9699865885414,-9.422536071736168
16,2006,6191,1.6166944444444444,15.2,51102005,6.234493125,0.0761904761904762,0.00012114984529471984,0.9152275336359111,0.9430490962244137,215.0,107.16148100000001,0.8668586200339374,199.8,100.92698787500001,15.381258931110022,2199.4,1756.1613767499998,0.002195546331918069,247.39999999999964,127.5673278868494,0.24412894955800102,3387.560000000012,5061.566194040068,-8.92989981369587
16,2007,5703,1.6166944444444444,15.2,51713048,6.234493125,0.0761904761904762,0.00011028164497285095,0.9201741889203668,0.9551044366984534,214.3,107.324488625,0.8789139605079772,199.10000000000002,101.0899955,15.41093702075379,2203.1,1764.9454325000002,0.002050847376877357,226.16999999999916,128.04921265303847,0.24718524285577415,3169.3899999999994,5177.888928542401,-9.02928076451232
16,2008,5997,1.5937393509127793,15.2,52324877,6.234493125,0.0761904761904762,0.00011461087619947965,0.9235641012591391,0.9520651230219583,215.3,107.376751875,0.8758746468314822,200.10000000000002,101.14225875,15.42171536604202,2233.2999999999997,1764.894616625,0.002068398384081599,227.01000000000022,127.89740683753007,0.29642986362039814,2894.1100000000006,5216.085020555063,-8.994452781897849
16,2009,3322,1.6393055555555558,15.2,52877802,6.234493125,0.0761904761904762,6.282409393643101e-05,0.9291896626111653,0.9528822144762311,214.5,107.348106375,0.8766917382857549,199.3,101.11361325,15.744211173328479,2236.7,1804.839544125,0.002098113690810338,227.32999999999902,127.5981354469543,0.31198289565373116,3060.8099999999977,5532.202652445467,-9.601729493471643
16,2010,2490,1.754720207253886,15.2,53362801,6.234493125,0.0761904761904762,4.666171852560738e-05,0.9249569564386247,0.8668426852055665,190.4,100.117774125,0.7906522090150903,175.20000000000002,93.883281,16.276788875172304,2379.2,1852.10788125,0.002048653717147797,162.23999999999978,127.24486490692811,0.3186555253837944,3191.100000000006,5601.523898188021,-9.894578385106657
16,2011,2006,1.7583644859813086,15.2,53783435,6.234493125,0.0761904761904762,3.7297729310149116e-05,0.9389811007794501,0.7410524701053478,192.2,87.26076125,0.6648619939148717,177.0,81.026268125,15.28090525702541,2321.7000000000003,1757.489268115,0.0011765558447286717,316.7600000000002,83.15200989949835,0.30613573439550956,3295.9699999999866,5341.384340067725,-10.13361818262919
16,2012,1979,1.7601923076923078,15.2,54171475,6.234493125,0.0761904761904762,3.653214168526886e-05,0.9197618488328037,0.8523858034386812,208.0,100.14281224999999,0.776195327248205,192.8,93.90831912499999,15.642718879664033,2501.1,1824.401110875,0.002411576252891956,407.7600000000011,127.34203560097285,0.3013769447073482,4576.930000000008,5565.520896257469,-10.133677588340987
16,2014,6754,1.8106875000000002,25.2,55952365,6.40976,0.0735632183908046,0.00012070982164918319,0.9188134228106355,0.7405643892002207,226.3,96.1523075,0.6670011708094161,201.10000000000002,89.7425475,15.714217063910107,2698.2999999999997,1846.204454,0.0027773279210896867,449.96999999999935,145.34178074469446,0.32904304418352703,15731.710000000021,5416.804308583298,-8.937448861560135
16,2015,7274,1.7962020000000003,25.2,56412140,6.40976,0.0735632183908046,0.00012894387626493162,0.9279170405519096,0.8010129953928072,257.9,104.322878125,0.7274497770020026,232.7,97.913118125,15.475311797184514,2761.5,1820.354952125,0.0029391902385937085,500.3700000000008,148.0404164602653,0.32834033052515155,14454.849999999977,5498.602961731187,-8.881320369836741
16,2016,5152,1.8519999999999999,25.2,56950757,6.40976,0.0735632183908046,9.046411797476195e-05,0.9300480413280547,0.8654989767012184,282.9,114.982670625,0.7919357583104139,257.7,108.57291062499999,15.847321076882,2893.2,1859.417230375,0.0030215864716436752,502.8099999999995,166.27238168007761,0.3578913816128062,14329.559999999998,5613.776404176195,-9.238038235519618
