data_2.csv
NameID,year,Sales,price,FuelEfficiency,HH,size,hppw,share,share0,hppw_own_sum,FuelEfficiency_own_sum,size_own_sum,iv_BLP_own_hppw,iv_BLP_own_FuelEfficiency,iv_BLP_own_size,iv_BLP_other_hppw,iv_BLP_other_FuelEfficiency,iv_BLP_other_size,iv_GH_own_hppw,iv_GH_own_FuelEfficiency,iv_GH_own_size,iv_GH_other_hppw,iv_GH_other_FuelEfficiency,iv_GH_other_size,logit_share
18,2006,106428,1.0791666666666666,18.0,51102005,8.638153125,0.06666666666666667,0.0020826580092111846,0.9152275336359111,0.9430490962244137,215.0,107.16148100000001,0.876382429557747,197.0,98.523327875,15.381258931110022,2199.4,1756.1613767499998,0.0038318556477572596,158.92000000000007,41.39321566922945,0.32894204484445044,5293.800000000003,2088.700571809335,-6.08552773805065
18,2007,100216,1.0791666666666666,18.0,51713048,8.638153125,0.06666666666666667,0.0019379248347535037,0.9201741889203668,0.9551044366984534,214.3,107.324488625,0.8884377700317867,196.3,98.6863355,15.41093702075379,2203.1,1764.9454325000002,0.0039167822255553875,141.60999999999967,41.09147061960357,0.3325636350878196,5054.9100000000035,2162.7955394235796,-6.162945260144831
18,2008,159322,1.096265720081136,18.2,52324877,8.76334375,0.06444444444444444,0.003044861433692429,0.9235641012591391,0.9520651230219583,215.3,107.376751875,0.8876206785775139,197.10000000000002,98.61340812499999,15.42171536604202,2233.2999999999997,1764.894616625,0.004611545794151503,137.60999999999876,39.94534451830441,0.40597673707208815,4824.910000000018,2092.650552646279,-5.714784814497826
18,2009,145432,1.1120555555555556,18.2,52877802,8.76334375,0.06444444444444444,0.0027503412490557,0.9291896626111653,0.9528822144762311,214.5,107.348106375,0.8884377700317867,196.3,98.584762625,15.744211173328479,2236.7,1804.839544125,0.004660456265202839,142.72999999999956,39.79095350888542,0.4274539588437407,5071.4100000000035,2244.6659639437676,-5.822587881246985
18,2010,191391,1.1201222797927461,18.2,53362801,8.76334375,0.06444444444444444,0.003586599586479728,0.9249569564386247,0.8668426852055665,190.4,100.117774125,0.8023982407611221,172.20000000000002,91.35443037499999,16.276788875172304,2379.2,1852.10788125,0.004241652449465019,122.03999999999996,38.07925427260761,0.43837842654808457,4847.699999999997,2264.554527698743,-5.552542639613558
18,2011,129118,1.265607476635514,24.8,53783435,8.76334375,0.05652173913043478,0.00240070200053232,0.9389811007794501,0.7410524701053478,192.2,87.26076125,0.684530730974913,167.39999999999998,78.4974175,15.28090525702541,2321.7000000000003,1757.489268115,0.004224871531095284,466.52000000000226,21.086040199339777,0.5157056993047946,16319.330000000002,2141.622045109674,-5.969034157234422
18,2012,170609,1.266923076923077,25.0,54171475,8.76334375,0.05652173913043478,0.003149425043346152,0.9197618488328037,0.8523858034386812,208.0,100.14281224999999,0.7958640643082464,183.0,91.37946849999999,15.642718879664033,2501.1,1824.401110875,0.007229182390158517,664.5200000000004,38.0497896105428,0.5095180536266579,17013.130000000005,2254.902225462316,-5.676894866312916
18,2013,144629,1.209968944099379,28.0,54594744,8.76334375,0.05652173913043478,0.0026491377997852686,0.9195631909181587,0.6972489670949483,187.0,90.98603349999999,0.6407272279645135,159.0,82.22268974999999,15.153053837509704,2627.9,1800.186818625,0.006299938692003751,820.8400000000001,46.76672049718718,0.4540410513451898,24259.47,2206.4566445311393,-5.849664536327234
18,2014,234456,1.2114889112903227,28.0,55952365,8.76334375,0.05652173913043478,0.004190278641483698,0.9188134228106355,0.7405643892002207,226.3,96.1523075,0.6840426500697859,198.3,87.38896375,15.714217063910107,2698.2999999999997,1846.204454,0.005849552223294793,672.289999999999,49.84846806132873,0.516586155966241,24007.95000000001,2333.0644607803115,-5.390315846504758
18,2015,157756,1.2187800000000002,28.0,56412140,8.76334375,0.05652173913043478,0.002796490259011624,0.9279170405519096,0.8010129953928072,257.9,104.322878125,0.7444912562623724,229.89999999999998,95.559534375,15.475311797184514,2761.5,1820.354952125,0.005854841772612987,694.6900000000023,49.79802969750904,0.5143913643287239,21930.28999999998,2429.4075377761983,-5.804577180838229
18,2016,155998,1.22,28.0,56950757,8.76334375,0.05652173913043478,0.00273917342310305,0.9300480413280547,0.8654989767012184,282.9,114.982670625,0.8089772375707837,254.89999999999998,106.219326875,15.847321076882,2893.2,1859.417230375,0.005918270926082422,706.090000000002,53.563736527641595,0.5499710719485851,21514.360000000015,2467.84180483604,-5.827580037667138
20,2006,59826,0.7071111111111111,21.0,51102005,7.5114374999999995,0.06857142857142857,0.0011707172742047988,0.9152275336359111,0.9430490962244137,215.0,107.16148100000001,0.8744776676529851,194.0,99.65004350000001,15.381258931110022,2199.4,1756.1613767499998,0.003330444124725482,272.9200000000001,64.52229261641855,0.30975901762389535,9998.400000000009,3262.1020957560286,-6.661556089158254
20,2007,90500,0.8962222222222224,21.0,51713048,7.661666250000001,0.07733333333333334,0.0017500418849803632,0.9201741889203668,0.9551044366984534,214.3,107.324488625,0.87777110336512,193.3,99.662822375,15.41093702075379,2203.1,1764.9454325000002,0.0019732209093217268,259.8099999999995,59.69466342170335,0.2388049786450721,9737.309999999998,3174.4540075410696,-6.2649232659808405
20,2008,85281,0.8834969574036512,21.0,52324877,7.661666250000001,0.07733333333333334,0.0016298366071648865,0.9235641012591391,0.9520651230219583,215.3,107.376751875,0.874731789688625,194.3,99.715085625,15.42171536604202,2233.2999999999997,1764.894616625,0.0019977189192151024,249.04999999999927,59.393680194544686,0.2880249631918943,9111.710000000006,3212.795145655975,-6.339760439656639
20,2009,83952,0.9095833333333334,21.0,52877802,7.661666250000001,0.07733333333333334,0.0015876605461021243,0.9291896626111653,0.9528822144762311,214.5,107.348106375,0.8755488811428978,193.5,99.686440125,15.744211173328479,2236.7,1804.839544125,0.0020255665883340823,258.64999999999964,59.17617297947322,0.3030163177337428,9448.930000000008,3434.7283487309505,-6.37205129771839
20,2010,97616,0.9834715025906736,24.0,53362801,7.661666250000001,0.07435897435897436,0.0018292892833717631,0.9249569564386247,0.8668426852055665,190.4,100.117774125,0.7924837108465922,166.4,92.456107875,16.276788875172304,2379.2,1852.10788125,0.002190854109761664,605.7599999999984,59.62854898277192,0.33443613914383485,16165.820000000007,3468.2905196606043,-6.2258196811737765
20,2011,120014,0.9855140186915888,24.0,53783435,7.661666250000001,0.07435897435897436,0.0022314305510609356,0.9389811007794501,0.7410524701053478,192.2,87.26076125,0.6666934957463735,168.2,79.599095,15.28090525702541,2321.7000000000003,1757.489268115,0.001133717813073365,383.6400000000003,32.40183526058331,0.32075000716406876,14178.049999999988,3299.735218315949,-6.042152469525249
20,2012,218295,0.9865384615384616,24.0,54171475,7.661666250000001,0.07435897435897436,0.004029703824752788,0.9197618488328037,0.8523858034386812,208.0,100.14281224999999,0.7780268290797069,184.0,92.481146,15.642718879664033,2501.1,1824.401110875,0.0025008210346380982,541.5200000000004,59.65425219861595,0.3156621525344798,14371.330000000016,3451.875558247397,-5.430421895928016
20,2013,157276,0.9824534161490684,24.0,54594744,7.661666250000001,0.07435897435897436,0.0028807901361347166,0.9195631909181587,0.6972489670949483,187.0,90.98603349999999,0.622889992735974,163.0,83.32436725,15.153053837509704,2627.9,1800.186818625,0.0024369016746531996,444.84000000000015,84.38567675110448,0.27531914125982127,13042.669999999984,3368.172359370001,-5.76583415546863
20,2014,142506,0.8912449596774193,24.5,55952365,7.661666250000001,0.07837837837837838,0.0025469164708229936,0.9188134228106355,0.7405643892002207,226.3,96.1523075,0.6621860108218424,201.8,88.49064125000001,15.714217063910107,2698.2999999999997,1846.204454,0.002961686863002244,418.8899999999994,80.75549601024113,0.29257493196128204,14047.300000000017,3559.9832347023075,-5.888199679438048
20,2015,92988,0.8841150000000002,24.5,56412140,7.661666250000001,0.07837837837837838,0.0016483685958377044,0.9279170405519096,0.8010129953928072,257.9,104.322878125,0.7226346170144289,233.39999999999998,96.661211875,15.475311797184514,2761.5,1820.354952125,0.0032730328580309886,478.7400000000016,80.61266133159302,0.29197808317358875,12963.289999999979,3653.6558743572277,-6.333156263831724
20,2016,72924,0.885,24.5,56950757,7.661666250000001,0.07837837837837838,0.0012804746388182337,0.9300480413280547,0.8654989767012184,282.9,114.982670625,0.7871205983228401,258.4,107.321004375,15.847321076882,2893.2,1859.417230375,0.003466031554380619,481.39000000000124,89.77061131128835,0.3201414351556662,12918.01000000001,3723.873015647776,-6.588005421380452
21,2006,184983,0.9609722222222223,23.0,51102005,8.16242875,0.07160493827160494,0.0036198775370946796,0.9152275336359111,0.9430490962244137,215.0,107.16148100000001,0.8714441579528087,192.0,98.99905225,15.381258931110022,2199.4,1756.1613767499998,0.0027116633850927246,468.9200000000001,47.44251706937962,0.2815002556757369,14664.800000000003,2536.7538327619295,-5.53273250926885
21,2007,210425,1.0473055555555557,21.0,51713048,8.16242875,0.07073170731707316,0.004069089101071745,0.9201741889203668,0.9551044366984534,214.3,107.324488625,0.8843727293813802,193.3,99.162059875,15.41093702075379,2203.1,1764.9454325000002,0.0028540652109536324,259.8099999999995,47.29586542080051,0.2927265504455616,9737.309999999998,2619.20637923944,-5.421143821589081
21,2008,190364,1.0324350912778906,21.0,52324877,8.16242875,0.07073170731707316,0.0036381165310718265,0.9235641012591391,0.9520651230219583,215.3,107.376751875,0.8813334157048852,194.3,99.21432312499999,15.42171536604202,2233.2999999999997,1764.894616625,0.002838434396370354,249.04999999999927,46.942539242185376,0.3420888442017178,9111.710000000006,2657.5984107235563,-5.53677409723426
21,2009,182325,1.0791666666666666,21.0,52877802,8.16242875,0.07073170731707316,0.003448044228464716,0.9291896626111653,0.9528822144762311,214.5,107.348106375,0.882150507159158,193.5,99.185677625,15.744211173328479,2236.7,1804.839544125,0.002877070329893719,258.64999999999964,46.75372121150167,0.36036072214214476,9448.930000000008,2847.4498836565363,-5.596505695792449
21,2010,131859,1.0869948186528497,18.4,53362801,8.16242875,0.07073170731707316,0.0024709909811518327,0.9249569564386247,0.8668426852055665,190.4,100.117774125,0.7961109778884934,172.0,91.955345375,16.276788875172304,2379.2,1852.10788125,0.002690284789844677,126.40000000000055,46.523342349044015,0.3688377178244777,5059.900000000009,2873.292200109263,-5.925127925727877
21,2011,145201,1.1618691588785048,25.0,53783435,8.187466875,0.06419753086419754,0.0026997345930024736,0.9389811007794501,0.7410524701053478,192.2,87.26076125,0.6768549392411503,167.2,79.073294375,15.28090525702541,2321.7000000000003,1757.489268115,0.002114702429763818,489.2399999999998,23.97315068246371,0.4201120030018204,16884.64999999998,2701.5799225296105,-5.851641882749613
21,2012,146016,1.1630769230769231,27.0,54171475,8.187466875,0.06419753086419754,0.002695440727800009,0.9197618488328037,0.8523858034386812,208.0,100.14281224999999,0.7881882725744837,181.0,91.955345375,15.642718879664033,2501.1,1824.401110875,0.004336486304173201,976.5200000000004,46.012270789165996,0.4139296411444433,23232.73000000001,2833.35658959184,-5.832553050216424
21,2013,205333,1.106552795031056,29.0,54594744,8.1123525,0.06419753086419754,0.0037610397074121274,0.9195631909181587,0.6972489670949483,187.0,90.98603349999999,0.6330514362307508,158.0,82.87368099999999,15.153053837509704,2627.9,1800.186818625,0.003935606748575751,959.8400000000001,66.35556849093041,0.3650431566540062,27838.669999999984,2847.4491366683505,-5.4992033277066605
21,2014,138048,1.1087691532258064,29.0,55952365,8.1123525,0.06419753086419754,0.0024672415544901454,0.9188134228106355,0.7405643892002207,226.3,96.1523075,0.6763668583360232,197.3,88.039955,15.714217063910107,2698.2999999999997,1846.204454,0.0037468759367172977,789.6899999999987,65.17778379686933,0.42082674911552687,27560.350000000006,3011.999247674339,-5.919982332756818
21,2015,120835,1.1328660000000002,31.0,56412140,8.16242875,0.06341463414634146,0.0021420034765566418,0.9279170405519096,0.8010129953928072,257.9,104.322878125,0.7375983612464658,226.89999999999998,96.160449375,15.475311797184514,2761.5,1820.354952125,0.0039060419308133976,1094.2900000000009,63.295937914265096,0.4283651249720475,32619.28999999998,3050.838340285609,-6.071200737766594
21,2016,102410,1.1340000000000001,31.0,56950757,8.16242875,0.06341463414634146,0.001798220171155934,0.9300480413280547,0.8654989767012184,282.9,114.982670625,0.8020843425548769,251.89999999999998,106.820241875,15.847321076882,2893.2,1859.417230375,0.003907189715555065,1132.6899999999987,69.70195258283547,0.4612965172608692,31944.160000000003,3105.7059734691393,-6.248438860234325
22,2006,142,2.7195000000000005,11.4,51102005,12.882051,0.11133333333333334,2.7787559411807815e-06,0.9152275336359111,0.9430490962244137,215.0,107.16148100000001,0.8317157628910803,203.6,94.27943,15.381258931110022,2199.4,1756.1613767499998,0.014994136385042989,668.4400000000005,227.78303534156885,0.1713349136652882,4637.759999999995,1156.1824309315562,-12.704924659613841
22,2007,130,2.7195000000000005,11.4,51713048,12.882051,0.11133333333333334,2.5138723209662674e-06,0.9201741889203668,0.9551044366984534,214.3,107.324488625,0.8437711033651201,202.9,94.442437625,15.41093702075379,2203.1,1764.9454325000002,0.01400211921382688,641.8900000000003,226.09771486525005,0.17230526123381384,4447.709999999999,1155.7201274831823,-12.810493945213276
22,2008,121,2.680886409736309,11.4,52324877,12.882051,0.11133333333333334,2.3124755744767445e-06,0.9235641012591391,0.9520651230219583,215.3,107.376751875,0.840731789688625,203.9,94.49470087499999,15.42171536604202,2233.2999999999997,1764.894616625,0.014233290553721939,650.3299999999999,225.2510630915208,0.22079231830103652,4401.950000000004,1194.591822435912,-12.897676859469618
22,2009,54,2.82125,11.4,52877802,12.882051,0.11133333333333334,1.021222478196049e-06,0.9291896626111653,0.9528822144762311,214.5,107.348106375,0.8415488811428977,203.1,94.466055375,15.744211173328479,2236.7,1804.839544125,0.014205576003950365,644.5699999999997,225.33263693916115,0.22026862461407282,4493.4100000000035,1106.7153530293872,-13.72106773708061
22,2010,21,2.8417150259067356,11.4,53362801,12.882051,0.11133333333333334,3.9353256587861647e-07,0.9249569564386247,0.8668426852055665,190.4,100.117774125,0.7555093518722331,179.0,87.23572312499999,16.276788875172304,2379.2,1852.10788125,0.013613343352903512,497.4000000000001,194.02913713291446,0.22245926240229652,5201.300000000003,1182.9902525896832,-14.670093936841987
22,2012,187,2.850576923076923,11.4,54171475,12.882051,0.11133333333333334,3.4520012608111557e-06,0.9197618488328037,0.8523858034386812,208.0,100.14281224999999,0.7410524701053478,196.6,87.26076124999999,15.642718879664033,2501.1,1824.401110875,0.014992378149977309,876.6800000000012,193.7934230569217,0.22997637692034933,7816.810000000005,1134.116969530638,-12.492915917088967
22,2013,143,2.8387732919254667,11.4,54594744,12.882051,0.11133333333333334,2.6192997626291645e-06,0.9195631909181587,0.6972489670949483,187.0,90.98603349999999,0.5859156337616149,175.6,78.10398249999999,15.153053837509704,2627.9,1800.186818625,0.012668920857446503,1142.8800000000006,99.63644742023371,0.21897761369391588,10129.549999999996,1195.9835064009167,-12.768747027916358
22,2014,84,2.7643699596774196,11.4,55952365,12.882051,0.11133333333333334,1.5012770237683429e-06,0.9188134228106355,0.7405643892002207,226.3,96.1523075,0.6292310558668874,214.9,83.2702565,15.714217063910107,2698.2999999999997,1846.204454,0.016670563827196838,1645.0500000000002,149.3124989117391,0.23840702445443496,10907.230000000003,1121.8270743282264,-13.324522263662333
22,2015,77,2.742255,11.4,56412140,12.882051,0.11133333333333334,1.3649544229309507e-06,0.9279170405519096,0.8010129953928072,257.9,104.322878125,0.6896796620594738,246.49999999999997,91.440827125,15.475311797184514,2761.5,1820.354952125,0.019249688547779448,2062.5300000000007,171.10872789420773,0.23480057753196792,12889.929999999986,1163.6500800292124,-13.429576573529992
22,2016,51,2.745,11.4,56950757,12.882051,0.11133333333333334,8.955104846104153e-07,0.9300480413280547,0.8654989767012184,282.9,114.982670625,0.7541656433678852,271.5,102.100619625,15.847321076882,2893.2,1859.417230375,0.021444362939526423,2249.8900000000003,176.21634970378636,0.25720065414519366,14884.320000000007,1147.7653026872722,-13.853352870579482
