data_2.csv
NameID,year,Sales,price,FuelEfficiency,HH,size,hppw,share,share0,hppw_own_sum,FuelEfficiency_own_sum,size_own_sum,iv_BLP_own_hppw,iv_BLP_own_FuelEfficiency,iv_BLP_own_size,iv_BLP_other_hppw,iv_BLP_other_FuelEfficiency,iv_BLP_other_size,iv_GH_own_hppw,iv_GH_own_FuelEfficiency,iv_GH_own_size,iv_GH_other_hppw,iv_GH_other_FuelEfficiency,iv_GH_other_size,logit_share
24,2006,6249,1.4029166666666668,16.4,51102005,10.49997,0.08679245283018867,0.00012228483011576552,0.9152275336359111,0.9430490962244137,215.0,107.16148100000001,0.856256643394225,198.6,96.661511,15.381258931110022,2199.4,1756.1613767499998,0.0029344718291597627,186.44000000000142,69.94327539707865,0.18236045834480397,3910.7600000000093,1001.0459291593361,-8.92057498728602
24,2007,3626,1.4029166666666668,16.4,51713048,10.49997,0.08679245283018867,7.011770027556682e-05,0.9201741889203668,0.9551044366984534,214.3,107.324488625,0.8683119838682647,197.9,96.824518625,15.41093702075379,2203.1,1764.9454325000002,0.0025341519979399374,166.89000000000033,69.03454965349533,0.1847874588163485,3683.709999999992,1042.4322903209977,-9.482143004354063
24,2008,1716,1.3829969574036514,16.4,52324877,10.49997,0.08679245283018867,3.279510814712474e-05,0.9235641012591391,0.9520651230219583,215.3,107.376751875,0.8652726701917697,198.9,96.87678187499999,15.42171536604202,2233.2999999999997,1764.894616625,0.002616148470342111,165.32999999999993,68.436888469412,0.23380353605105064,3335.9500000000116,1081.0618902130518,-10.24571612501845
24,2009,882,1.4029166666666668,16.4,52877802,10.49997,0.08679245283018867,1.6679967143868803e-05,0.9291896626111653,0.9528822144762311,214.5,107.348106375,0.8660897616460425,198.1,96.848136375,15.744211173328479,2236.7,1804.839544125,0.0026285382080494246,167.57000000000062,68.38199051448191,0.24424632326002138,3532.4100000000035,1127.7916585290805,-10.927859727638092
24,2010,597,1.5476735751295336,16.4,53362801,10.49997,0.08679245283018867,1.118756865854924e-05,0.9249569564386247,0.8668426852055665,190.4,100.117774125,0.7800502323753778,174.0,89.61780412499999,16.276788875172304,2379.2,1852.10788125,0.00267551518707676,122.40000000000055,58.32988452111158,0.24826590631326928,3510.3000000000175,1150.7712337949852,-11.322699261172808
24,2011,405,1.5508878504672898,16.4,53783435,10.49997,0.08679245283018867,7.53019958654556e-06,0.9389811007794501,0.7410524701053478,192.2,87.26076125,0.6542600172751591,175.79999999999998,76.76079125,15.28090525702541,2321.7000000000003,1757.489268115,0.002742725952502495,234.6800000000012,52.53914623823357,0.2413113141805745,3411.889999999985,1055.394498941474,-11.733629084044532
24,2012,362,1.5525,16.4,54171475,10.49997,0.08679245283018867,6.682483724137104e-06,0.9197618488328037,0.8523858034386812,208.0,100.14281224999999,0.7655933506084925,191.6,89.64284224999999,15.642718879664033,2501.1,1824.401110875,0.0033449807683721133,325.6800000000003,58.21345612879486,0.23924829257901825,4489.810000000012,1136.992012069757,-11.832380322117782
24,2013,33,1.546071428571429,16.4,54594744,10.49997,0.08679245283018867,6.044537913759611e-07,0.9195631909181587,0.6972489670949483,187.0,90.98603349999999,0.6104565142647597,170.6,80.48606349999999,15.153053837509704,2627.9,1800.186818625,0.003131496836807579,523.8800000000001,31.827839060351835,0.2090780880232619,5395.549999999988,1139.19560591138,-14.235084096709786
26,2006,7304,1.6403333333333334,14.6,51102005,11.545450125000002,0.09478260869565218,0.00014292981263651006,0.9152275336359111,0.9430490962244137,215.0,107.16148100000001,0.8482664875287615,200.4,95.616030875,15.381258931110022,2199.4,1756.1613767499998,0.005274009808395763,290.84000000000015,122.44946135049895,0.15853754137106746,3291.2000000000044,855.3337317480764,-8.764574294940298
26,2007,2544,1.6403333333333334,14.6,51713048,11.545450125000002,0.09478260869565218,4.919454757337065e-05,0.9201741889203668,0.9551044366984534,214.3,107.324488625,0.8603218280028012,199.70000000000002,95.7790385,15.41093702075379,2203.1,1764.9454325000002,0.004681041878378311,268.7699999999995,121.19989314259374,0.16049027671852567,3077.469999999994,878.3529815027068,-9.836535471208846
26,2008,1564,1.6818864097363087,15.4,52324877,11.47252275,0.0939655172413793,2.989018015274073e-05,0.9235641012591391,0.9520651230219583,215.3,107.376751875,0.858099605780579,199.9,95.904229125,15.42171536604202,2233.2999999999997,1764.894616625,0.004516762314085931,214.32999999999993,116.01067680562528,0.2109396707581075,2937.1500000000087,917.675126495611,-10.338465483961102
26,2009,886,1.6403333333333334,14.6,52877802,11.44387725,0.09478260869565218,1.6755613253364805e-05,0.9291896626111653,0.9528822144762311,214.5,107.348106375,0.858099605780579,199.9,95.904229125,15.744211173328479,2236.7,1804.839544125,0.004810939892334332,270.1700000000001,114.28415689822486,0.21607412935506742,2991.330000000009,910.3846998303197,-10.923334833039801
26,2010,731,1.716416580310881,15.4,53362801,11.47252275,0.0939655172413793,1.3698681221774697e-05,0.9249569564386247,0.8668426852055665,190.4,100.117774125,0.7728771679641873,175.0,88.645251375,16.276788875172304,2379.2,1852.10788125,0.004502152540132476,153.40000000000055,98.65374215485917,0.22091457767869382,3212.5,945.9619188727083,-11.120202914815632
26,2011,697,1.719981308411215,15.4,53783435,11.47252275,0.0939655172413793,1.2959380523017914e-05,0.9389811007794501,0.7410524701053478,192.2,87.26076125,0.6470869528639684,176.79999999999998,75.7882385,15.28090525702541,2321.7000000000003,1757.489268115,0.005077377373821607,301.08000000000084,96.50184208034716,0.21657776316459865,3285.2899999999936,842.3036945951462,-11.190730740390547
26,2012,710,1.721769230769231,15.4,54171475,11.47252275,0.0939655172413793,1.310652885120813e-05,0.9197618488328037,0.8523858034386812,208.0,100.14281224999999,0.758420286197302,192.6,88.6702895,15.642718879664033,2501.1,1824.401110875,0.005379018409625486,391.880000000001,98.48861196789562,0.2171036480959332,4531.210000000006,921.9670638460229,-11.158759563908191
26,2013,509,1.7477329192546585,13.8,54594744,11.47252275,0.0939655172413793,9.323241812435278e-06,0.9195631909181587,0.6972489670949483,187.0,90.98603349999999,0.6032834498535691,173.2,79.51351075,15.153053837509704,2627.9,1800.186818625,0.004797970393025999,789.6000000000004,47.175079111625564,0.19266165275258018,6890.029999999999,949.900602473368,-11.499143641625743
26,2014,393,1.7502641129032261,13.8,55952365,11.47252275,0.0939655172413793,7.023831789773319e-06,0.9188134228106355,0.7405643892002207,226.3,96.1523075,0.6465988719588414,212.5,84.67978475000001,15.714217063910107,2698.2999999999997,1846.204454,0.006738609252244648,1163.6100000000006,77.08668918627859,0.2244522375791358,7450.75,936.8135650845361,-11.781529450636386
26,2015,301,1.7362620000000004,13.8,56412140,11.47252275,0.0939655172413793,5.335730926002807e-06,0.9279170405519096,0.8010129953928072,257.9,104.322878125,0.707047478151428,244.09999999999997,92.850355375,15.475311797184514,2761.5,1820.354952125,0.007851861842891661,1489.8900000000012,87.58775868052862,0.22324404322690405,8948.649999999994,1008.7507436550295,-12.0662717306348
26,2016,125,1.7380000000000002,13.8,56950757,11.47252275,0.0939655172413793,2.1948786387510177e-06,0.9300480413280547,0.8654989767012184,282.9,114.982670625,0.7715334594598391,269.09999999999997,103.510147875,15.847321076882,2893.2,1859.417230375,0.008720904881714842,1617.7299999999996,88.41747810854986,0.24786931930668876,10492.320000000022,999.9993565665718,-12.956864766001507
27,2006,7513,1.0575833333333333,21.0,51102005,9.188011125000001,0.07888888888888888,0.0001470196717330367,0.9152275336359111,0.9430490962244137,215.0,107.16148100000001,0.8641602073355248,194.0,97.973469875,15.381258931110022,2199.4,1756.1613767499998,0.0021276925548641967,272.9200000000001,41.16832869595146,0.22514460430620575,9998.400000000009,1657.1062376083355,-8.736361584845941
27,2007,5387,1.0575833333333333,21.5,51713048,9.200790000000001,0.07888888888888888,0.00010417100148496371,0.9201741889203668,0.9551044366984534,214.3,107.324488625,0.8762155478095645,192.8,98.123698625,15.41093702075379,2203.1,1764.9454325000002,0.0019179330321857924,300.5100000000002,40.764207395549874,0.22804073013606008,10785.459999999992,1712.3863976612956,-9.086284472988325
27,2008,3899,1.0425669371196757,21.5,52324877,9.200790000000001,0.07888888888888888,7.451522532962668e-05,0.9235641012591391,0.9520651230219583,215.3,107.376751875,0.8731762341330694,193.8,98.175961875,15.42171536604202,2233.2999999999997,1764.894616625,0.0019518866846282568,288.75,40.30234494973706,0.2772271820530965,10129.660000000003,1750.8839596163816,-9.424992016083761
27,2009,6091,1.0575833333333333,21.5,52877802,9.200790000000001,0.07888888888888888,0.00011519011323503954,0.9291896626111653,0.9528822144762311,214.5,107.348106375,0.8739933255873422,193.0,98.147316375,15.744211173328479,2236.7,1804.839544125,0.001977192291445079,299.14999999999964,40.17301567342656,0.291458228651289,10484.73000000001,1875.810196374514,-8.995484232808398
27,2010,4457,1.1387564766839378,20.8,53362801,9.303021,0.07582417582417582,8.352260219623779e-05,0.9249569564386247,0.8668426852055665,190.4,100.117774125,0.7910185093813907,169.6,90.814753125,16.276788875172304,2379.2,1852.10788125,0.0020711900535030914,247.3600000000015,37.26675074435161,0.32172631222629144,8598.460000000006,1815.7245128646173,-9.312385201618854
27,2011,1999,1.141121495327103,20.8,53783435,9.303021,0.07582417582417582,3.7167577712356975e-05,0.9389811007794501,0.7410524701053478,192.2,87.26076125,0.665228294281172,171.39999999999998,77.95774025,15.28090525702541,2321.7000000000003,1757.489268115,0.0011626212000635516,180.1200000000017,24.400805328496062,0.3089780833742104,7532.929999999993,1707.1690017345827,-10.13711381665067
27,2012,1731,1.2253846153846155,23.0,54171475,9.303021,0.07582417582417582,3.195408653724123e-05,0.9197618488328037,0.8523858034386812,208.0,100.14281224999999,0.7765616276145054,185.0,90.83979124999999,15.642718879664033,2501.1,1824.401110875,0.002423521467073697,440.52000000000044,37.21026106939644,0.304150260474763,12041.530000000013,1806.7276197755855,-10.267569978767343
27,2013,1363,1.2203105590062113,23.0,54594744,9.303021,0.07582417582417582,2.4965773261982876e-05,0.9195631909181587,0.6972489670949483,187.0,90.98603349999999,0.6214247912707725,164.0,81.68301249999999,15.153053837509704,2627.9,1800.186818625,0.002374118403530065,395.84000000000015,36.310590213803835,0.26502211650285235,11013.469999999987,1774.6678381029851,-10.514148226479733
27,2014,1159,1.2729193548387099,27.6,55952365,9.32857875,0.07582417582417582,2.0714048458898923e-05,0.9188134228106355,0.7405643892002207,226.3,96.1523075,0.6647402133760449,198.70000000000002,86.82372875,15.714217063910107,2698.2999999999997,1846.204454,0.002806144193808341,630.9300000000003,43.413047144678785,0.31101278310917824,22674.910000000003,1851.497198510071,-10.700026219165895
27,2015,1062,1.262736,27.6,56412140,9.32857875,0.07582417582417582,1.8825735027956747e-05,0.9279170405519096,0.8010129953928072,257.9,104.322878125,0.7251888195686315,230.29999999999998,94.994299375,15.475311797184514,2761.5,1820.354952125,0.003032421599698548,656.3700000000008,44.35221162070275,0.3103771031099454,20714.53,1946.3837984477286,-10.805472793581792
27,2016,5307,1.15,28.0,56950757,9.26780625,0.07582417582417582,9.318576748681321e-05,0.9300480413280547,0.8654989767012184,282.9,114.982670625,0.7896748008770427,254.89999999999998,105.71486437499999,15.847321076882,2893.2,1859.417230375,0.00316097625457587,706.090000000002,46.707313649813386,0.339259235523377,21514.360000000015,2019.9073997593223,-9.208396520475914
28,2008,2495,2.279665314401623,15.6,52324877,8.727346875,0.06831683168316832,4.7682864118342794e-05,0.9235641012591391,0.06831683168316832,15.6,8.727346875,0.0,0.0,0.0,16.30546365738081,2433.0,1863.5440216250001,0.0,0.0,0.0,0.3686040524282941,3195.040000000008,2163.5020503253727,-9.87142339688074
28,2009,3053,2.3125,15.6,52877802,8.727346875,0.06831683168316832,5.7736893072824776e-05,0.9291896626111653,0.06831683168316832,15.6,8.727346875,0.0,0.0,0.0,16.62877655612154,2435.6,1903.460303625,0.0,0.0,0.0,0.3881403022560743,3372.2999999999884,2317.607183236585,-9.686171790910006
28,2010,4280,2.0187046632124352,19.2,53362801,8.727346875,0.07040816326530612,8.020568485526088e-05,0.9249569564386247,0.07040816326530612,19.2,8.727346875,0.0,0.0,0.0,17.073223397112564,2550.4,1943.4983085000001,0.0,0.0,0.0,0.37485839849741787,6188.539999999994,2336.1480930523903,-9.352908085989567
28,2011,4501,2.0228971962616824,19.2,53783435,8.727346875,0.07040816326530612,8.368747738034954e-05,0.9389811007794501,0.07040816326530612,19.2,8.727346875,0.0,0.0,0.0,15.951549563865452,2494.7000000000003,1836.02268249,0.0,0.0,0.0,0.35697156350646875,5517.529999999984,2194.7809250809187,-9.325461277858139
28,2012,4506,2.0665384615384617,19.2,54171475,8.727346875,0.0696969696969697,8.318030845569554e-05,0.9197618488328037,0.0696969696969697,19.2,8.727346875,0.0,0.0,0.0,16.425407713405743,2689.9,1915.81657625,0.0,0.0,0.0,0.35980803981090226,6291.0899999999965,2326.362245055003,-9.310859412951363
28,2013,4340,2.0579813664596274,19.2,54594744,8.727346875,0.0696969696969697,7.94948319567173e-05,0.9195631909181587,0.0696969696969697,19.2,8.727346875,0.0,0.0,0.0,15.780605834907682,2795.7000000000003,1882.44550525,0.0,0.0,0.0,0.3154037388973392,6503.509999999995,2286.1199170799373,-9.355962031081814
28,2014,4650,2.012098790322581,19.4,55952365,8.727346875,0.0696969696969697,8.310640667289042e-05,0.9188134228106355,0.0696969696969697,19.4,8.727346875,0.0,0.0,0.0,16.385084483413358,2905.2,1933.629414625,0.0,0.0,0.0,0.3665590476882956,6907.4800000000105,2417.605571856555,-9.310716563924245
28,2015,4370,1.9960020000000003,19.4,56412140,8.727346875,0.0696969696969697,7.746559517153577e-05,0.9279170405519096,0.0696969696969697,19.4,8.727346875,0.0,0.0,0.0,16.20662782288035,3000.0,1915.950483375,0.0,0.0,0.0,0.36574603971618647,7298.060000000012,2513.8846583401173,-9.39086370729404
28,2016,4229,1.9980000000000002,19.4,56950757,8.788893749999998,0.0696969696969697,7.425713410622443e-05,0.9300480413280547,0.0696969696969697,19.4,8.788893749999998,0.0,0.0,0.0,16.64312308388625,3156.7,1965.61100725,0.0,0.0,0.0,0.39653916744205775,7958.210000000021,2496.3033903357136,-9.43545766583132
34,2006,71897,1.129527777777778,19.0,51102005,8.187466875,0.05909090909090909,0.0014069310979089764,0.9152275336359111,2.2249070700830402,325.6,234.986478875,2.165816160992131,306.6,226.79901199999998,14.099400957251396,2088.8,1628.3363788749998,0.07975468365262817,821.159999999998,286.37518905033403,0.3431602475567679,5907.759999999995,2272.0591100408674,-6.477761898993984
34,2007,47041,1.1870833333333335,19.0,51713048,8.187466875,0.05909090909090909,0.0009096543680813399,0.9201741889203668,2.1606430895495436,290.6,229.2872715,2.1015521804586346,271.6,221.099804625,14.205398367902701,2126.8,1642.982649625,0.07985786940111284,689.3199999999979,305.820747286562,0.34739590332820525,5777.39999999998,2334.471411251241,-6.919253554818908
34,2008,42339,1.1702281947261666,19.0,52324877,8.187466875,0.05909090909090909,0.0008091562260146354,0.9235641012591391,2.1465147188067903,293.7,232.22522075,2.0874238097158813,274.7,224.037753875,14.227265770257189,2154.9,1640.04614775,0.07940631518161503,686.7299999999996,326.4189776145722,0.39737429750019215,5268.430000000008,2351.9118137496152,-7.040003478984243
34,2009,43660,1.2086666666666668,18.4,52877802,8.237543125,0.058426966292134834,0.0008256772851488797,0.9291896626111653,2.1000748564477694,277.4,224.13728550000002,2.0416478901556347,259.0,215.89974237500002,14.597018531356941,2173.7999999999997,1688.050365,0.08337242135022072,685.460000000001,324.48861597013183,0.42695436217306204,4763.3200000000215,2486.940452207611,-7.025864153540948
34,2010,38376,1.2174341968911917,18.6,53362801,8.237543125,0.058426966292134834,0.0007191526546741802,0.9249569564386247,2.0831702186415564,282.8,222.00566675,2.0247432523494218,264.2,213.768123625,15.060461341736314,2286.7999999999997,1730.219988625,0.08167690826842738,682.340000000002,316.68435792476475,0.44157210242012024,4734.12000000001,2519.2692829680236,-7.15942883138351
34,2011,18104,1.2199626168224298,18.6,53783435,8.237543125,0.058426966292134834,0.00033660921806128596,0.9389811007794501,1.859281060867501,275.0,212.7070855,1.8008540945753662,256.4,204.469542375,14.162676666263257,2238.9,1632.042943865,0.059618628611958435,618.1800000000021,315.55855602206066,0.434301547456986,4287.229999999981,2356.838654996038,-7.933627963837698
34,2012,7738,1.2212307692307691,18.6,54171475,8.237543125,0.058426966292134834,0.00014284270457837818,0.9197618488328037,1.7937672265136324,293.8,205.78095675,1.7353402602214976,275.2,197.543413625,14.701337456589082,2415.2999999999997,1718.762966375,0.05660890749920908,677.7800000000007,288.00540333632716,0.43385805265708854,5076.670000000013,2535.9735572549944,-8.770125998683094
34,2013,128,1.2161739130434783,18.6,54594744,8.237543125,0.058426966292134834,2.344548039276455e-06,0.9195631909181587,1.3422406644356022,302.1,177.277028625,1.2838136981434674,283.5,169.0394855,14.50806214016905,2512.8,1713.8958235,0.016842860112043362,605.369999999999,240.0013628818474,0.41901783198297116,5556.499999999985,2535.9731185207856,-12.879561394256648
