data_2.csv
NameID,year,Sales,price,FuelEfficiency,HH,size,hppw,share,share0,hppw_own_sum,FuelEfficiency_own_sum,size_own_sum,iv_BLP_own_hppw,iv_BLP_own_FuelEfficiency,iv_BLP_own_size,iv_BLP_other_hppw,iv_BLP_other_FuelEfficiency,iv_BLP_other_size,iv_GH_own_hppw,iv_GH_own_FuelEfficiency,iv_GH_own_size,iv_GH_other_hppw,iv_GH_other_FuelEfficiency,iv_GH_other_size,logit_share
35,2006,29218,1.281638888888889,15.8,51102005,8.888534374999999,0.04693877551020408,0.0005717583879536625,0.9152275336359111,2.2249070700830402,325.6,234.986478875,2.1779682945728362,309.8,226.09794449999998,14.099400957251396,2088.8,1628.3363788749998,0.10677119478658867,566.4399999999987,208.29244212595768,0.5002937429634902,3240.2400000000052,1712.7975303591193,-7.378211480522642
35,2007,28354,1.2847222222222223,15.8,51713048,8.888534374999999,0.04693877551020408,0.000548294890682135,0.9201741889203668,2.1606430895495436,290.6,229.2872715,2.1137043140393397,274.8,220.398737125,14.205398367902701,2126.8,1642.982649625,0.10660097847412431,321.9599999999991,223.75762898859693,0.5058171012310215,3241.720000000001,1766.6452122377777,-7.425505002991281
35,2008,25438,1.2664807302231238,15.8,52324877,8.888534374999999,0.04693877551020408,0.0004861549889548713,0.9235641012591391,2.1465147188067903,293.7,232.22522075,2.0995759432965864,277.9,223.336686375,14.227265770257189,2154.9,1640.04614775,0.10580604455753917,339.2099999999991,240.23645784495875,0.5563269665919579,2912.589999999982,1788.202986792654,-7.54946800705493
35,2009,14415,1.2847222222222223,15.8,52877802,8.888534374999999,0.04693877551020408,0.0002726096670962231,0.9291896626111653,2.1000748564477694,277.4,224.13728550000002,2.0531360809375654,261.59999999999997,215.248751125,14.597018531356941,2173.7999999999997,1688.050365,0.10862576943424276,438.46000000000095,244.4953980387436,0.5844031533196523,2995.8400000000256,1928.0206279593149,-8.134027173572381
35,2010,13075,1.3354507772020725,14.2,53362801,8.788381874999999,0.045454545454545456,0.0002450208713744243,0.9249569564386247,2.0831702186415564,282.8,222.00566675,2.037715673187011,268.6,213.217284875,15.060461341736314,2286.7999999999997,1730.219988625,0.11012013070869456,428.8999999999987,250.29795564107235,0.6288265896555583,3065.6400000000067,2029.2842773832635,-8.236159085632286
35,2011,9939,1.3382242990654205,14.2,53783435,8.788381874999999,0.045454545454545456,0.0001847966757794477,0.9389811007794501,1.859281060867501,275.0,212.7070855,1.8138265154129556,260.8,203.918703625,14.162676666263257,2238.9,1632.042943865,0.08360067698861157,440.41999999999916,250.03765223882283,0.61039150561748,3496.1099999999933,1890.6062374385147,-8.533294460183065
35,2012,7819,1.347923076923077,14.2,54171475,8.788381874999999,0.045,0.00014433795646140335,0.9197618488328037,1.7937672265136324,293.8,205.78095675,1.7487672265136325,279.6,196.992574875,14.701337456589082,2415.2999999999997,1718.762966375,0.07978182465003786,665.4599999999982,230.11485975906726,0.6217289294896937,4827.630000000005,2039.8534168108672,-8.759712585819038
35,2013,5848,1.3423416149068326,14.2,54594744,8.788381874999999,0.045,0.00010711653854444303,0.9195631909181587,1.3422406644356022,302.1,177.277028625,1.2972406644356023,287.90000000000003,168.48864675000002,14.50806214016905,2512.8,1713.8958235,0.030667934185026183,954.7299999999996,194.75587709232832,0.6030872168883312,6309.779999999999,2035.8364606267387,-9.05773665674665
35,2014,5425,1.3444203629032259,14.2,55952365,8.788381874999999,0.045,9.695747445170548e-05,0.9188134228106355,1.39483064729601,306.5,181.24093625,1.34983064729601,292.3,172.452554375,15.059950805814319,2618.1,1761.11582525,0.034845888336625386,1035.1299999999992,206.10149290932077,0.6714241505020879,7109.950000000012,2152.9356972817186,-9.156565884096986
35,2015,4045,1.3726260000000001,15.0,56412140,8.788381874999999,0.045,7.170442390591813e-05,0.9279170405519096,1.8747173142302824,402.6,220.396362,1.8297173142302825,387.6,211.607980125,14.401607478347037,2616.8,1704.28146825,0.06030972606316193,1099.2399999999998,215.62219210588046,0.6419979624985104,7795.139999999999,2239.7140066979046,-9.468145165891084
35,2016,2718,1.374,15.0,56950757,8.788381874999999,0.045,4.7725441121002134e-05,0.9300480413280547,1.8516996228761784,376.6,202.791238375,1.8066996228761785,361.6,194.0028565,14.86112043070704,2799.5,1771.608662625,0.0872544574634988,1217.5599999999995,220.36411857533722,0.6560759089521506,9110.490000000005,2276.4400084736844,-9.877526908592719
36,2006,105503,1.0144166666666667,20.0,51102005,7.887009375,0.06190476190476191,0.0020645569581858873,0.9152275336359111,2.2249070700830402,325.6,234.986478875,2.163002308178278,305.6,227.0994695,14.099400957251396,2088.8,1628.3363788749998,0.07438330580839858,988.9599999999991,326.15845309793167,0.31283978678087165,7346.1600000000035,2555.07450465719,-6.094257049702183
36,2007,87132,1.0144166666666667,20.0,51713048,7.887009375,0.06190476190476191,0.0016849132543879449,0.9201741889203668,2.1606430895495436,290.6,229.2872715,2.0987383276447815,270.6,221.400262125,14.205398367902701,2126.8,1642.982649625,0.0745076863124951,888.119999999999,347.0089690822965,0.3168193843371594,7178.799999999988,2621.458272707412,-6.3028489065006115
36,2008,97126,0.9574594320486817,21.0,52324877,8.06227625,0.06419753086419754,0.001856210765674614,0.9235641012591391,2.1465147188067903,293.7,232.22522075,2.082317187942593,272.7,224.1629445,14.227265770257189,2154.9,1640.04614775,0.07007518621951947,1111.9300000000003,343.87750870931905,0.3433579448077575,8248.830000000002,2467.572871084256,-6.209703021439118
36,2009,75745,0.97125,19.2,52877802,8.06227625,0.06419753086419754,0.001432453640943699,0.9291896626111653,2.1000748564477694,277.4,224.13728550000002,2.035877325583572,258.2,216.07500925000002,14.597018531356941,2173.7999999999997,1688.050365,0.07257982521981571,813.1400000000012,348.7767494777736,0.36250733529020795,5707.000000000015,2658.706771316585,-6.474924069052459
36,2010,63344,0.9886476683937824,19.2,53362801,8.06227625,0.06419753086419754,0.001187044135857861,0.9249569564386247,2.0831702186415564,282.8,222.00566675,2.018972687777359,263.6,213.9433905,15.060461341736314,2286.7999999999997,1730.219988625,0.0710794107460786,773.8999999999996,340.2252871183987,0.37460687252759084,5414.640000000014,2694.390204762676,-6.658280905219498
36,2011,67574,0.9907009345794393,19.2,53783435,8.06227625,0.06419753086419754,0.001256409152743777,0.9389811007794501,1.859281060867501,275.0,212.7070855,1.7950835300033035,255.8,204.64480925,14.162676666263257,2238.9,1632.042943865,0.05089745219449213,696.4200000000001,338.696837065374,0.371329253237092,4821.110000000001,2523.2565747713306,-6.616537578488099
36,2012,43935,1.0176923076923077,19.4,54171475,8.06227625,0.06419753086419754,0.0008110356972927173,0.9197618488328037,1.7937672265136324,293.8,205.78095675,1.7295696956494349,274.40000000000003,197.7186805,14.701337456589082,2415.2999999999997,1718.762966375,0.04864383470474762,754.8999999999978,308.71584249592024,0.3696222927438688,5741.790000000008,2712.7920428863617,-7.033557986013609
36,2013,13065,1.0134782608695654,19.4,54594744,8.06227625,0.06419753086419754,0.00023930875104021004,0.9195631909181587,1.3422406644356022,302.1,177.277028625,1.2780431335714046,282.70000000000005,169.21475237500002,14.50806214016905,2512.8,1713.8958235,0.012673688524612758,608.4099999999999,256.433850035894,0.35630507487796925,6035.219999999987,2713.9423247133127,-8.253899480221552
36,2014,2840,1.0151129032258064,19.4,55952365,8.06227625,0.06419753086419754,5.075746127978683e-05,0.9188134228106355,1.39483064729601,306.5,181.24093625,1.3306331164318124,287.1,173.17866,15.059950805814319,2618.1,1761.11582525,0.014832447037991386,643.0499999999993,273.5358970998727,0.4097411780142526,6264.430000000008,2862.9089061861196,-9.803779731350396
36,2015,38,1.006992,19.4,56412140,8.06227625,0.06419753086419754,6.736138710568328e-07,0.9279170405519096,1.8747173142302824,402.6,220.396362,1.8105197833660849,383.20000000000005,212.33408575,14.401607478347037,2616.8,1704.28146825,0.0302562984411911,583.5599999999977,290.9771154710643,0.39301418489290096,6714.5,2940.5638688774743,-14.135795835657289
37,2006,11906,2.536555555555556,12.2,51102005,13.902616,0.11486486486486487,0.00023298498757534072,0.9152275336359111,2.2249070700830402,325.6,234.986478875,2.1100422052181753,313.40000000000003,221.083862875,14.099400957251396,2088.8,1628.3363788749998,0.03531718110458737,793.9599999999982,251.6201248906682,0.16751855332438614,3764.399999999994,1839.4176134242734,-8.275953963501767
37,2007,15672,2.536555555555556,12.2,51713048,13.902616,0.11486486486486487,0.00030305697703217956,0.9201741889203668,2.1606430895495436,290.6,229.2872715,2.0457782246846787,278.40000000000003,215.3846555,14.205398367902701,2126.8,1642.982649625,0.032886678026105676,398.27999999999975,209.96120539751155,0.1696326209514174,3938.679999999993,1860.666789526127,-8.018397436044483
37,2008,7163,2.500539553752536,12.2,52324877,13.902616,0.11486486486486487,0.00013689473173534645,0.9235641012591391,2.1465147188067903,293.7,232.22522075,2.0316498539419254,281.5,218.32260475,14.227265770257189,2154.9,1640.04614775,0.03401111405653667,437.84999999999945,196.9777995546574,0.2171717520597829,3811.8699999999953,1911.6722842674426,-8.816783238451908
37,2009,3861,2.538611111111111,11.6,52877802,14.041027000000001,0.11486486486486487,7.301740719101751e-05,0.9291896626111653,2.1000748564477694,277.4,224.13728550000002,1.9852099915829045,265.79999999999995,210.0962585,14.597018531356941,2173.7999999999997,1688.050365,0.03214910687964789,582.1000000000013,179.50749869048013,0.2169975976763414,4339.000000000015,1899.9127096155353,-9.451370287380646
37,2010,3726,2.5570259067357513,11.6,53362801,14.041027000000001,0.11486486486486487,6.982392097446309e-05,0.9249569564386247,2.0831702186415564,282.8,222.00566675,1.9683053537766915,271.2,207.96463974999998,15.060461341736314,2286.7999999999997,1730.219988625,0.032361718265686124,624.9400000000005,196.44487073165783,0.2184247684317815,4827.919999999998,1959.9533688449083,-9.491525823403876
37,2011,4017,2.5623364485981313,11.6,53783435,14.041027000000001,0.11486486486486487,7.468842404729263e-05,0.9389811007794501,1.859281060867501,275.0,212.7070855,1.744416196002636,263.4,198.6660585,14.162676666263257,2238.9,1632.042943865,0.02579487897486793,662.9800000000014,173.9540790399642,0.22447033326475418,5613.029999999992,1773.4206308860958,-9.439225516791788
37,2012,12139,2.565,11.6,54171475,14.041027000000001,0.11486486486486487,0.0002240847235560782,0.9197618488328037,1.7937672265136324,293.8,205.78095675,1.6789023616487675,282.2,191.73992975,14.701337456589082,2415.2999999999997,1718.762966375,0.030180084138867136,985.7799999999997,226.7922793878297,0.23168665989807558,7392.270000000004,1851.0522859416742,-8.319845845045748
37,2013,5378,2.554378881987578,11.6,54594744,14.041027000000001,0.11486486486486487,9.85076512127248e-05,0.9195631909181587,1.3422406644356022,302.1,177.277028625,1.2273757995707373,290.5,163.236001625,14.50806214016905,2512.8,1713.8958235,0.021820003797965337,1452.37,251.04576847155386,0.22888231784308832,9448.500000000007,1778.2512951137396,-9.141519821347455
37,2014,1750,2.487429435483871,11.6,55952365,14.041027000000001,0.11486486486486487,3.127660466184048e-05,0.9188134228106355,1.39483064729601,306.5,181.24093625,1.279965782431145,294.9,167.19990925,15.059950805814319,2618.1,1761.11582525,0.018649573857988655,1555.6500000000005,220.74938416373243,0.25361080890660137,10594.990000000005,1759.03505748116,-10.287967995588087
37,2015,837,2.4675300000000004,11.6,56412140,14.041027000000001,0.11486486486486487,1.4837231844067608e-05,0.9279170405519096,1.8747173142302824,402.6,220.396362,1.7598524493654175,391.0,206.355335,14.401607478347037,2616.8,1704.28146825,0.021734726034593144,2028.1200000000008,298.59010392981963,0.2491611330368566,12475.579999999994,1723.3860839510598,-11.0435579248942
37,2016,441,2.47,11.6,56950757,14.041027000000001,0.11486486486486487,7.74353183751359e-06,0.9300480413280547,1.8516996228761784,376.6,202.791238375,1.7368347580113135,365.0,188.750211375,14.86112043070704,2799.5,1771.608662625,0.029557838865993946,2150.5200000000004,248.44939749923196,0.2660450819324649,14490.650000000001,1772.3090665027048,-11.696133627856963
40,2006,11393,2.093583333333333,13.8,51102005,11.90508,0.11313868613138686,0.00022294624252022988,0.9152275336359111,2.2249070700830402,325.6,234.986478875,2.1117683839516532,311.8,223.081398875,14.099400957251396,2088.8,1628.3363788749998,0.034733283142640736,625.6400000000012,107.82018844459526,0.159519942651003,3070.6399999999994,921.279222713114,-8.319997306516987
40,2007,6929,2.093583333333333,13.8,51713048,11.90508,0.11313868613138686,0.00013398939470750206,0.9201741889203668,2.1606430895495436,290.6,229.2872715,2.0475044034181566,276.8,217.3821915,14.205398367902701,2126.8,1642.982649625,0.032474492711994984,300.3600000000006,94.94432698243872,0.16160637634928676,3164.919999999991,949.4895031556589,-8.834557614041477
40,2008,3435,2.0638569979716026,13.8,52324877,11.90508,0.11313868613138686,6.56475503994018e-05,0.9235641012591391,2.1465147188067903,293.7,232.22522075,2.0333760326754033,279.9,220.32014075,14.227265770257189,2154.9,1640.04614775,0.03355015255619631,330.0100000000011,93.69823992568217,0.2092210015474545,2948.189999999995,988.7634614782073,-9.55169520040991
40,2009,5106,2.980555555555556,11.2,52877802,12.532608,0.13642384105960265,9.656225877164864e-05,0.9291896626111653,2.1000748564477694,277.4,224.13728550000002,1.9636510153881668,266.2,211.6046775,14.597018531356941,2173.7999999999997,1688.050365,0.04453119655660731,630.7400000000016,94.09403607549393,0.3839805502807119,4737.400000000016,1100.1133345008566,-9.171880185843454
40,2010,2067,3.002176165803109,11.2,53362801,12.532608,0.13642384105960265,3.873484827005239e-05,0.9249569564386247,2.0831702186415564,282.8,222.00566675,1.9467463775819538,271.6,209.47305874999998,15.060461341736314,2286.7999999999997,1730.219988625,0.04547270131073522,677.8999999999996,104.60065967015908,0.3870951249190986,5280.240000000005,1127.036212995561,-10.080762814883641
40,2011,3192,2.5913831775700937,13.2,53783435,12.532608,0.10684931506849316,5.934912859321834e-05,0.9389811007794501,1.859281060867501,275.0,212.7070855,1.752431745799008,261.8,200.1744775,14.162676666263257,2238.9,1632.042943865,0.02361229993582059,497.22000000000025,94.1417306504436,0.19915674432735164,4083.1099999999933,1005.0768190746676,-9.66911319258137
40,2012,2267,2.5940769230769236,13.2,54171475,12.532608,0.10684931506849316,4.184859282491385e-05,0.9197618488328037,1.7937672265136324,293.8,205.78095675,1.6869179114451391,280.6,193.24834875,14.701337456589082,2415.2999999999997,1718.762966375,0.02694724629659051,759.8599999999988,126.08492259241575,0.2025682683883696,5575.630000000012,1063.7395018678144,-9.997811883436023
40,2013,11394,2.583335403726709,13.2,54594744,12.532608,0.10684931506849316,0.00020870140905871818,0.9195631909181587,1.3422406644356022,302.1,177.277028625,1.235391349367109,288.90000000000003,164.744420625,14.50806214016905,2512.8,1713.8958235,0.014903020769881814,1120.5299999999997,144.5150300255009,0.19844267153685147,7280.180000000008,1016.3393053962136,-8.390749478135925
40,2014,7587,2.5156270161290326,13.2,55952365,12.532608,0.10684931506849316,0.00013559748546821925,0.9188134228106355,1.39483064729601,306.5,181.24093625,1.2879813322275169,293.3,168.70832825,15.059950805814319,2618.1,1761.11582525,0.012575666082720927,1209.7300000000005,126.17711286926988,0.22668706161397756,8208.75,1019.3256356039055,-8.821147527167572
40,2015,3108,2.4955020000000006,13.2,56412140,12.532608,0.10684931506849316,5.509452398012201e-05,0.9279170405519096,1.8747173142302824,402.6,220.396362,1.7678679991617892,389.40000000000003,207.863754,14.401607478347037,2616.8,1704.28146825,0.016245285010908217,1533.3999999999996,161.80670521187585,0.222346384594291,9855.419999999998,1052.721669769031,-9.731647283896137
40,2016,4270,3.85,31.6,56950757,13.402186250000002,0.09177215189873418,7.497705429973476e-05,0.9300480413280547,1.8516996228761784,376.6,202.791238375,1.7599274709774442,345.0,189.389052125,14.86112043070704,2799.5,1771.608662625,0.02918680695375009,2638.5200000000004,191.9788383023415,0.2318690520941029,32974.649999999994,1388.5523967873814,-9.425809397081137
