data_2.csv
NameID,year,Sales,price,FuelEfficiency,HH,size,hppw,share,share0,hppw_own_sum,FuelEfficiency_own_sum,size_own_sum,iv_BLP_own_hppw,iv_BLP_own_FuelEfficiency,iv_BLP_own_size,iv_BLP_other_hppw,iv_BLP_other_FuelEfficiency,iv_BLP_other_size,iv_GH_own_hppw,iv_GH_own_FuelEfficiency,iv_GH_own_size,iv_GH_other_hppw,iv_GH_other_FuelEfficiency,iv_GH_other_size,logit_share
45,2006,19474,2.8058333333333336,10.2,51102005,15.854388000000002,0.0898876404494382,0.00038108093801798973,0.9152275336359111,2.2249070700830402,325.6,234.986478875,2.1350194296336023,315.40000000000003,219.132090875,14.099400957251396,2088.8,1628.3363788749998,0.03906405271847446,1155.5599999999995,553.9966966298825,0.13540886140979413,5668.399999999994,3846.4946700817163,-7.783916195676401
45,2007,19111,2.8818888888888887,10.2,51713048,15.854388000000002,0.08888888888888889,0.0003695585686614334,0.9201741889203668,2.1606430895495436,290.6,229.2872715,2.0717542006606546,280.40000000000003,213.4328835,14.205398367902701,2126.8,1642.982649625,0.03928225174925187,664.6800000000003,476.5059966790759,0.14018891560328184,5949.87999999999,3868.6503710861143,-7.820009031179877
45,2008,11758,2.840969574036511,10.2,52324877,15.854388000000002,0.08888888888888889,0.00022471146946031044,0.9235641012591391,2.1465147188067903,293.7,232.22522075,2.0576258299179013,283.5,216.37083275,14.227265770257189,2154.9,1640.04614775,0.03967269134169599,716.6499999999996,452.0541766690794,0.18886410094808248,5935.469999999994,3931.1186301025737,-8.321178266104159
45,2009,5914,3.0525,9.9,52877802,15.854388000000002,0.08791208791208792,0.00011184277288984138,0.9291896626111653,2.1000748564477694,277.4,224.13728550000002,2.0121627685356813,267.5,208.28289750000002,14.597018531356941,2173.7999999999997,1688.050365,0.0415121676517326,830.8100000000004,396.63628750383305,0.2004438760127063,6357.070000000007,3746.866720814811,-9.024974083232461
45,2010,4002,3.314816580310881,9.9,53362801,16.248545999999997,0.08791208791208792,7.499606326886776e-05,0.9249569564386247,2.0831702186415564,282.8,222.00566675,1.9952581307294686,272.90000000000003,205.75712074999998,15.060461341736314,2286.7999999999997,1730.219988625,0.04081352517325415,892.0099999999993,486.71276590342404,0.20499158024774866,7083.989999999998,4417.552363513409,-9.42006685942173
45,2011,2825,3.3217009345794395,9.9,53783435,16.248545999999997,0.08791208791208792,5.252546625183014e-05,0.9389811007794501,1.859281060867501,275.0,212.7070855,1.7713689729554132,265.1,196.4585395,14.162676666263257,2238.9,1632.042943865,0.027643218798538594,940.0799999999999,438.41075587718115,0.21183018267567766,8035.189999999995,4062.6917378032085,-9.79125250757053
45,2012,1700,3.4684615384615385,9.9,54171475,16.248545999999997,0.08648648648648649,3.138182964373778e-05,0.9197618488328037,1.7937672265136324,293.8,205.78095675,1.707280740027146,283.90000000000003,189.53241075,14.701337456589082,2415.2999999999997,1718.762966375,0.029136047250707342,1326.7999999999984,521.828077849188,0.21469719340937665,10158.340000000004,4225.504853411992,-10.285641003899245
45,2013,714,3.454099378881988,9.9,54594744,16.248545999999997,0.08648648648648649,1.3078182031588974e-05,0.9195631909181587,1.3422406644356022,302.1,177.277028625,1.2557541779491157,292.20000000000005,161.028482625,14.50806214016905,2512.8,1713.8958235,0.006576833328021031,1894.7099999999991,538.1978769552825,0.20663719606889908,12582.620000000003,4107.327675429224,-11.16070869583668
45,2014,14,3.363568548387097,9.9,55952365,16.248545999999997,0.08648648648648649,2.5021283729472383e-07,0.9188134228106355,1.39483064729601,306.5,181.24093625,1.3083441608095234,296.6,164.99239025,15.059950805814319,2618.1,1761.11582525,0.006391240253094538,2012.949999999999,490.40068985459675,0.24554702337831236,13977.480000000003,4080.2277594084953,-15.11628173289039
46,2006,44986,2.3207222222222224,11.6,51102005,13.308300000000001,0.1,0.000880317709647596,0.9152275336359111,2.2249070700830402,325.6,234.986478875,2.12490707008304,314.0,221.678178875,14.099400957251396,2088.8,1628.3363788749998,0.034390386183024035,884.7999999999993,191.3230354262405,0.12676297915355494,4214.639999999999,1446.1592236215583,-6.946645107978858
46,2007,31791,2.3207222222222224,11.6,51713048,13.308300000000001,0.1,0.0006147578073526048,0.9201741889203668,2.1606430895495436,290.6,229.2872715,2.0606430895495436,279.0,215.9789715,14.205398367902701,2126.8,1642.982649625,0.03324326951234846,461.3999999999987,159.06173842597946,0.12883438397087676,4420.239999999998,1468.645543064078,-7.311089885825912
46,2008,28982,2.624148073022313,12.4,52324877,13.3488,0.108125,0.0005538856785081406,0.9235641012591391,2.1465147188067903,293.7,232.22522075,2.0383897188067905,281.3,218.87642075,14.227265770257189,2154.9,1640.04614775,0.03288712121846554,418.7699999999995,152.35248119530206,0.1910278238994536,3663.3099999999977,1539.8606994909496,-7.41903717846049
46,2009,23027,2.7236111111111114,12.4,52877802,13.3488,0.108125,0.0004354757408411189,0.9291896626111653,2.1000748564477694,277.4,224.13728550000002,1.9919498564477693,265.0,210.7884855,14.597018531356941,2173.7999999999997,1688.050365,0.03190203880371506,503.0600000000004,129.57568243024525,0.19283199369161075,3683.320000000007,1449.8240567560788,-7.6656290641872635
46,2010,16801,2.7433678756476683,12.4,53362801,13.3488,0.108125,0.0003148447923488874,0.9249569564386247,2.0831702186415564,282.8,222.00566675,1.9750452186415564,270.40000000000003,208.65686674999998,15.060461341736314,2286.7999999999997,1730.219988625,0.0318867802409466,537.2599999999993,143.56192636651122,0.19449456205445603,4068.2400000000052,1492.4067089926684,-7.985422687136007
46,2011,10289,2.8216822429906547,12.4,53783435,13.3488,0.108125,0.000191304255669055,0.9389811007794501,1.859281060867501,275.0,212.7070855,1.751156060867501,262.6,199.3582855,14.162676666263257,2238.9,1632.042943865,0.023804897169341088,568.5800000000008,127.15765444365934,0.20196452610537152,4757.190000000002,1340.592168680254,-8.49868550877526
46,2012,7898,2.8246153846153845,12.4,54171475,13.3488,0.108125,0.00014579628854484764,0.9197618488328037,1.7937672265136324,293.8,205.78095675,1.6856422265136324,281.40000000000003,192.43215675,14.701337456589082,2415.2999999999997,1718.762966375,0.02730699355269184,861.2999999999993,170.40694813907157,0.20592140372032208,6388.590000000004,1405.5638613567862,-8.749659692096957
46,2013,14826,2.781894409937889,13.8,54594744,14.736330000000002,0.10174418604651163,0.00027156460336181815,0.9195631909181587,1.3422406644356022,302.1,177.277028625,1.2404964783890906,288.3,162.540698625,14.50806214016905,2512.8,1713.8958235,0.011569296529446549,1017.21,324.66699127019274,0.18896901272766442,6662.419999999998,2356.226912397011,-8.1274539829596
46,2014,32749,2.7865252016129034,13.8,55952365,14.736330000000002,0.10174418604651163,0.0005853014434689222,0.9188134228106355,1.39483064729601,306.5,181.24093625,1.2930864612494983,292.7,166.50460625,15.059950805814319,2618.1,1761.11582525,0.009778899137818098,1101.130000000001,288.858373235601,0.2196536382835501,7513.2300000000105,2331.373204973388,-7.358711356259576
46,2015,15834,2.7572400000000004,13.8,56412140,14.736330000000002,0.10174418604651163,0.00028068426406089187,0.9279170405519096,1.8747173142302824,402.6,220.396362,1.7729731281837708,388.8,205.660032,14.401607478347037,2616.8,1704.28146825,0.01408869782190586,1374.2799999999988,392.28525363786866,0.21498048642693535,9064.259999999995,2254.7045333686037,-8.103467189652296
46,2016,30858,2.76,13.8,56950757,14.736330000000002,0.10174418604651163,0.0005418365202766313,0.9300480413280547,1.8516996228761784,376.6,202.791238375,1.7499554368296668,362.8,188.054908375,14.86112043070704,2799.5,1771.608662625,0.02699191075482532,1499.319999999998,326.6083724426053,0.226870332327183,10610.73000000001,2330.055811384227,-7.448027188300837
49,2006,15604,2.2816666666666667,12.4,51102005,10.022619749999999,0.18067226890756302,0.00030535005426890786,0.9152275336359111,2.2249070700830402,325.6,234.986478875,2.0442348011754774,313.20000000000005,224.963859125,14.099400957251396,2088.8,1628.3363788749998,0.1509056270752116,767.0399999999981,125.68711376439114,1.1124171485534564,3637.3600000000006,1107.8009023587401,-8.005469146588554
49,2007,14077,2.91375,11.0,51713048,11.491194,0.17716535433070865,0.0002722136974018627,0.9201741889203668,2.1606430895495436,290.6,229.2872715,1.983477735218835,279.6,217.7960775,14.205398367902701,2126.8,1642.982649625,0.1275409458402842,538.9199999999992,91.07410507125769,1.037701789427917,5006.19999999999,905.4129491902568,-8.125730856840892
49,2008,12076,2.872378296146045,11.0,52324877,11.491194,0.17716535433070865,0.00023078888460645593,0.9235641012591391,2.1465147188067903,293.7,232.22522075,1.9693493644760818,282.7,220.73402675,14.227265770257189,2154.9,1640.04614775,0.13042579069597204,585.9300000000003,92.25997014107088,1.0825162207962205,4946.8299999999945,942.25615348274,-8.29449211423963
49,2009,7736,2.91375,11.0,52877802,11.491194,0.17857142857142858,0.00014629957576527103,0.9291896626111653,2.1000748564477694,277.4,224.13728550000002,1.9215034278763408,266.4,212.6460915,14.597018531356941,2173.7999999999997,1688.050365,0.11975454212868886,657.340000000001,85.57769917435508,1.1051370501664985,4954.2400000000125,938.2795109369545,-8.756411746511752
49,2010,6975,2.9348860103626944,11.0,53362801,11.491194,0.17857142857142858,0.00013070903080968332,0.9249569564386247,2.0831702186415564,282.8,222.00566675,1.9045987900701278,271.8,210.51447274999998,15.060461341736314,2286.7999999999997,1730.219988625,0.12212102628540289,706.6599999999999,91.644527551196,1.1222907947608416,5524.520000000004,952.959567323167,-8.864528767875843
49,2011,748,2.9409813084112155,11.0,53783435,11.491194,0.17857142857142858,1.3907627878360689e-05,0.9389811007794501,1.859281060867501,275.0,212.7070855,1.6807096322960724,264.0,201.2158915,14.162676666263257,2238.9,1632.042943865,0.12538678685885107,748.9000000000005,86.83697687973381,1.0744815515448618,6374.189999999995,851.6827892431393,-11.120113173176593
49,2012,20,2.944038461538462,11.0,54171475,11.491194,0.17857142857142858,3.6919799580867975e-07,0.9197618488328037,1.7937672265136324,293.8,205.78095675,1.6151957979422038,282.8,194.28976275,14.701337456589082,2415.2999999999997,1718.762966375,0.13811931454670223,1094.2599999999993,104.35423392960001,1.1439221477192634,8270.19000000001,915.8372969285483,-14.728292260389562
49,2016,22,4.28,13.0,56950757,12.049672,0.2246376811594203,3.862986404201791e-07,0.9300480413280547,1.8516996228761784,376.6,202.791238375,1.6270619417167582,363.6,190.74156637500002,14.86112043070704,2799.5,1771.608662625,0.293851984889264,1715.9599999999991,120.90290015911796,2.6308417390448424,11852.490000000005,982.780173247018,-14.694136049945492
50,2006,78216,2.050416666666667,13.2,51102005,13.8906945,0.10333333333333333,0.0015305857372915211,0.9152275336359111,2.2249070700830402,325.6,234.986478875,2.1215737367497067,312.40000000000003,221.095784375,14.099400957251396,2088.8,1628.3363788749998,0.03379100571580379,676.1599999999999,250.2648105328435,0.1303669727718786,3244.4000000000015,1830.5293727436874,-6.393522208029595
50,2007,55800,2.061722222222222,12.6,51713048,13.920696,0.10197368421052631,0.0010790313500762903,0.9201741889203668,2.1606430895495436,290.6,229.2872715,2.0586694053390175,278.0,215.3665755,14.205398367902701,2126.8,1642.982649625,0.0326870606408578,364.1999999999998,211.73108727927138,0.1305621224078255,3675.639999999992,1874.1981316548918,-6.748499247299456
50,2008,44441,2.032448275862069,13.2,52324877,13.8906945,0.10333333333333333,0.0008493283223580248,0.9235641012591391,2.1465147188067903,293.7,232.22522075,2.043181385473457,280.5,218.33452625,14.227265770257189,2154.9,1640.04614775,0.03319313032925292,358.4499999999998,195.88798647048498,0.1804529663505292,3185.0699999999924,1902.7319016550173,-6.99154965931574
50,2009,43020,2.1460000000000004,14.2,52877802,14.428433250000001,0.0949367088607595,0.0008135739076295191,0.9291896626111653,2.1000748564477694,277.4,224.13728550000002,2.00513814758701,263.2,209.70885225,14.597018531356941,2173.7999999999997,1688.050365,0.0364121342677185,414.1400000000003,215.39881803356548,0.18418002445841264,2896.0000000000073,2213.289470925527,-7.040631380823162
50,2010,80934,2.1615668393782386,14.2,53362801,14.428433250000001,0.0949367088607595,0.0015166745088961878,0.9249569564386247,2.0831702186415564,282.8,222.00566675,1.9882335097807968,268.6,207.57723349999998,15.060461341736314,2286.7999999999997,1730.219988625,0.03595098913496647,428.8999999999987,233.98779492747872,0.18735448249785103,3065.6400000000067,2284.773565989868,-6.413227087867675
50,2011,48797,2.1660560747663555,14.2,53783435,14.428433250000001,0.0949367088607595,0.0009072867882090462,0.9389811007794501,1.859281060867501,275.0,212.7070855,1.7643443520067414,260.8,198.27865225,14.162676666263257,2238.9,1632.042943865,0.024641712207761124,440.41999999999916,207.67241338557415,0.19524628760897844,3496.1099999999933,2075.0464080093734,-6.94209203660936
50,2012,63707,2.2721538461538464,15.0,54171475,14.428433250000001,0.09375,0.001176024835949178,0.9197618488328037,1.7937672265136324,293.8,205.78095675,1.7000172265136324,278.8,191.3525235,14.701337456589082,2415.2999999999997,1718.762966375,0.026642645064958725,615.8600000000006,265.87706486554816,0.19619383997225803,4443.790000000023,2162.6910334687564,-6.661974808310884
50,2013,62206,2.2627453416149073,15.0,54594744,14.428433250000001,0.09375,0.0011394137135252434,0.9195631909181587,1.3422406644356022,302.1,177.277028625,1.2484906644356022,287.1,162.848595375,14.50806214016905,2512.8,1713.8958235,0.008024469402554968,845.130000000001,290.1572600896707,0.1896324082218488,5746.580000000002,2082.6319189446804,-6.693384921078746
50,2014,42743,2.2034395161290323,15.0,55952365,14.428433250000001,0.09375,0.0007639176646063129,0.9188134228106355,1.39483064729601,306.5,181.24093625,1.30108064729601,291.5,166.812503,15.059950805814319,2618.1,1761.11582525,0.007074900225264441,918.4899999999998,256.78959060515444,0.22445238443519155,6448.350000000006,2059.9167742111094,-7.092378344238097
50,2015,53699,2.285712,17.0,56412140,14.627172000000003,0.09202453987730061,0.0009519050332073912,0.9279170405519096,1.8747173142302824,402.6,220.396362,1.782692774352982,385.6,205.76919,14.401607478347037,2616.8,1704.28146825,0.012864606652364052,768.8399999999983,376.2960827779398,0.22184984341917735,6607.939999999988,2162.0135794502494,-6.882232337034039
50,2016,52472,2.2880000000000003,17.0,56950757,14.627172000000003,0.09202453987730061,0.0009213573754603473,0.9300480413280547,1.8516996228761784,376.6,202.791238375,1.7596750829988779,359.6,188.164066375,14.86112043070704,2799.5,1771.608662625,0.02908709886337213,863.159999999998,313.18624371599344,0.23137211520581324,7576.490000000005,2232.8318943251506,-6.917143530330237
