data_2.csv
NameID,year,Sales,price,FuelEfficiency,HH,size,hppw,share,share0,hppw_own_sum,FuelEfficiency_own_sum,size_own_sum,iv_BLP_own_hppw,iv_BLP_own_FuelEfficiency,iv_BLP_own_size,iv_BLP_other_hppw,iv_BLP_other_FuelEfficiency,iv_BLP_other_size,iv_GH_own_hppw,iv_GH_own_FuelEfficiency,iv_GH_own_size,iv_GH_other_hppw,iv_GH_other_FuelEfficiency,iv_GH_other_size,logit_share
51,2006,101793,1.1552222222222224,24.0,51102005,9.821571875,0.08686868686868687,0.0019919570670465865,0.9152275336359111,2.2249070700830402,325.6,234.986478875,2.1380383832143535,301.6,225.164907,14.099400957251396,2088.8,1628.3363788749998,0.04129183295777911,2080.159999999998,136.39189452421306,0.1436985782145186,15979.759999999995,1188.0409516237014,-6.130055098759755
51,2007,116561,1.23025,24.0,51713048,10.0810125,0.09900990099009901,0.0022539959354165315,0.9201741889203668,2.1606430895495436,290.6,229.2872715,2.0616331885594446,266.6,219.206259,14.205398367902701,2126.8,1642.982649625,0.03358098056115755,2083.319999999998,129.33291157121675,0.12839315732953116,15684.39999999998,1128.215078365014,-6.011858375564096
51,2008,174910,1.2127819472616634,24.0,52324877,10.0810125,0.09900990099009901,0.0033427694440638627,0.9235641012591391,2.1465147188067903,293.7,232.22522075,2.0475048178166912,269.7,222.14420825000002,14.227265770257189,2154.9,1640.04614775,0.03425740697611718,2049.7300000000014,138.80486000160818,0.17662570218662754,14894.429999999993,1156.776281419814,-5.621440570165251
51,2009,157324,1.23025,24.0,52877802,10.0810125,0.09900990099009901,0.002975237132587319,0.9291896626111653,2.1000748564477694,277.4,224.13728550000002,2.0010649554576703,253.39999999999998,214.05627300000003,14.597018531356941,2173.7999999999997,1688.050365,0.034313771805480175,2089.9400000000005,139.73240222987715,0.18139442777014025,15320.440000000002,1227.3475040089324,-5.74398913153882
51,2010,185433,1.2733367875647668,20.6,53362801,10.0810125,0.09801980198019802,0.003474948775646166,0.9249569564386247,2.0831702186415564,282.8,222.00566675,1.9851504166613583,262.2,211.92465425,15.060461341736314,2286.7999999999997,1730.219988625,0.03440892852710825,1040.7400000000016,139.78729195411051,0.1843192095509143,7425.3200000000215,1239.2783005090969,-5.584167464762978
51,2011,207881,1.275981308411215,20.6,53783435,10.0810125,0.09801980198019802,0.003865149185804142,0.9389811007794501,1.859281060867501,275.0,212.7070855,1.761261258887303,254.4,202.62607300000002,14.162676666263257,2238.9,1632.042943865,0.023885290952678384,929.380000000001,139.17509329313498,0.19239279615509686,6464.430000000008,1134.893156622944,-5.4927950715726865
51,2012,209275,1.2773076923076925,21.0,54171475,10.0810125,0.09705882352941177,0.0038631955286430727,0.9197618488328037,1.7937672265136324,293.8,205.78095675,1.6967084029842205,272.8,195.69994425,14.701337456589082,2415.2999999999997,1718.762966375,0.026136475702649653,978.2600000000002,137.15815308326592,0.1929771334039998,7644.190000000017,1230.6845215113572,-5.472620078415296
51,2013,181414,1.3082142857142858,26.0,54594744,10.223180625,0.10309278350515463,0.003322920609353897,0.9195631909181587,1.3422406644356022,302.1,177.277028625,1.2391478809304475,276.1,167.05384800000002,14.50806214016905,2512.8,1713.8958235,0.012368893696732441,1414.9300000000003,122.4864167113501,0.19072184851641039,17212.98000000001,1154.7546746116423,-5.6230546669828545
51,2014,202838,1.310180443548387,26.0,55952365,10.223180625,0.10309278350515463,0.003625190820799085,0.9188134228106355,1.39483064729601,306.5,181.24093625,1.2917378637908552,280.5,171.017755625,15.059950805814319,2618.1,1761.11582525,0.010436650870632724,1391.4899999999998,122.45721311741136,0.22074665061813015,16951.150000000023,1218.1848106264588,-5.535176152633469
51,2015,119846,1.2987,26.0,56412140,10.223180625,0.10309278350515463,0.002124471789228347,0.9279170405519096,1.8747173142302824,402.6,220.396362,1.7716245307251277,376.6,210.173181375,14.401607478347037,2616.8,1704.28146825,0.014557072142086125,1262.0399999999972,128.72866491252353,0.2161917233387487,15620.540000000008,1304.3882521406777,-6.079419131130252
51,2016,105662,1.3,26.0,56950757,10.223180625,0.10309278350515463,0.0018553221338216803,0.9300480413280547,1.8516996228761784,376.6,202.791238375,1.7486068393710237,350.6,192.56805775,14.86112043070704,2799.5,1771.608662625,0.026969883041986498,1050.359999999997,129.43467790237628,0.22849962893890474,15622.48999999999,1311.5789019192162,-6.217177904125615
52,2006,1886,5.395833333333334,8.6,51102005,13.23446175,0.17045454545454544,3.690657538779545e-05,0.9152275336359111,2.2249070700830402,325.6,234.986478875,2.054452524628495,317.0,221.75201712499998,14.099400957251396,2088.8,1628.3363788749998,0.12103054696884352,1565.8000000000002,184.86772354029927,0.8839135054251548,8021.040000000001,1404.404805675178,-10.118538254021699
52,2007,1292,5.395833333333334,8.6,51713048,13.23446175,0.17045454545454544,2.498402337452629e-05,0.9201741889203668,2.1606430895495436,290.6,229.2872715,1.9901885440949982,282.0,216.05280975,14.205398367902701,2126.8,1642.982649625,0.10988405730722683,993.0,153.72465861991077,0.8901036635350001,8394.039999999994,1427.0941640423116,-10.51408171132631
52,2008,538,5.62317444219067,8.3,52324877,13.382107875000003,0.1697802197802198,1.0281916190648666e-05,0.9235641012591391,2.1465147188067903,293.7,232.22522075,1.9767344990265705,285.4,218.843112875,14.227265770257189,2154.9,1640.04614775,0.11088559579184176,1129.71,154.68961870886505,0.9211320015507045,9027.339999999997,1559.70850735384,-11.405608844904574
52,2009,433,5.7041666666666675,8.3,52877802,13.382107875000003,0.1697802197802198,8.188691352942394e-06,0.9291896626111653,2.1000748564477694,277.4,224.13728550000002,1.9302946366675495,269.09999999999997,210.75517762500002,14.597018531356941,2173.7999999999997,1688.050365,0.09849272581408863,1165.210000000001,131.56125407830132,0.911610410650205,9032.590000000004,1468.254727159976,-11.639314055642393
52,2010,372,6.418445595854922,8.7,53362801,13.382107875000003,0.16702702702702701,6.971148309849777e-06,0.9249569564386247,2.0831702186415564,282.8,222.00566675,1.9161431916145293,274.1,208.623558875,15.060461341736314,2286.7999999999997,1730.219988625,0.09441411371755826,1146.6499999999996,145.68949739631353,0.8675699920791295,9201.989999999998,1511.5896172441135,-11.795722520292264
52,2011,360,6.431775700934581,8.7,53783435,13.382107875000003,0.16702702702702701,6.693510743596053e-06,0.9389811007794501,1.859281060867501,275.0,212.7070855,1.692254033840474,266.3,199.324977625,14.162676666263257,2238.9,1632.042943865,0.0965002689579969,1198.3200000000006,129.0143076992299,0.8349395213759889,10239.109999999993,1358.302066757933,-11.851412119700916
52,2012,239,6.43846153846154,8.7,54171475,13.382107875000003,0.16702702702702701,4.411916049913723e-06,0.9197618488328037,1.7937672265136324,293.8,205.78095675,1.6267401994866053,285.1,192.398848875,14.701337456589082,2415.2999999999997,1718.762966375,0.10772016062485923,1630.1599999999999,172.7249906559182,0.8888890590580072,12629.380000000005,1423.7292882619076,-12.247560982012041
52,2015,2790,6.793200000000001,16.8,56412140,13.972014,0.15858585858585858,4.9457439480225355e-05,0.9279170405519096,1.8747173142302824,402.6,220.396362,1.7161314556444238,385.8,206.424348,14.401607478347037,2616.8,1704.28146825,0.0969164654461977,794.6800000000003,290.34525222057164,0.7234088704043922,6674.459999999992,1678.2979581004474,-9.839585120568264
52,2016,829,6.8,16.8,56950757,13.972014,0.15858585858585858,1.455643513219675e-05,0.9300480413280547,1.8516996228761784,376.6,202.791238375,1.6931137642903198,359.8,188.819224375,14.86112043070704,2799.5,1771.608662625,0.08284121622994711,892.119999999999,241.64110899358548,0.771845317668248,7675.530000000013,1724.9142599916959,-11.064958348168513
54,2006,84,2.3525833333333335,32.0,51102005,9.0490965,0.08235294117647059,1.6437711201351101e-06,0.9152275336359111,2.2249070700830402,325.6,234.986478875,2.1425541289065695,293.6,225.937382375,14.099400957251396,2088.8,1628.3363788749998,0.04533866339702752,6278.559999999998,193.31477208294973,0.1609978918316317,47070.95999999999,1604.6342267739783,-13.22993491837179
54,2009,93283,1.9425,26.0,52877802,10.60349625,0.07394957983193277,0.0017641240080289269,0.9291896626111653,2.1000748564477694,277.4,224.13728550000002,2.0261252766158364,251.39999999999998,213.53378925,14.597018531356941,2173.7999999999997,1688.050365,0.05721688992477564,2880.34,110.85529761770431,0.27584661236293595,21325.240000000005,1052.0657299161394,-6.266658621342733
54,2010,38080,1.9565906735751295,26.0,53362801,10.60349625,0.07394957983193277,0.0007136057194598912,0.9249569564386247,2.0831702186415564,282.8,222.00566675,2.0092206388096234,256.8,211.40217049999998,15.060461341736314,2286.7999999999997,1730.219988625,0.05604618516237447,2767.66,113.13765965807852,0.2842959851922289,20725.520000000004,1063.1599190353882,-7.1671718856601085
54,2011,13127,2.0021495327102805,27.2,53783435,10.60349625,0.07394957983193277,0.00024407143203107053,0.9389811007794501,1.859281060867501,275.0,212.7070855,1.7853314810355683,247.8,202.10358925,14.162676666263257,2238.9,1632.042943865,0.03888376528244342,2978.0200000000004,111.43485650085404,0.28640388964278296,21709.109999999986,964.1007188820076,-8.255089694347664
54,2012,8905,2.0042307692307695,27.2,54171475,10.60349625,0.07394957983193277,0.00016438540763381466,0.9197618488328037,1.7937672265136324,293.8,205.78095675,1.7198176466816997,266.6,195.1774605,14.701337456589082,2415.2999999999997,1718.762966375,0.03790793603406495,2714.2599999999984,116.65549573555018,0.2836213580588658,22221.630000000005,1044.9237165384548,-8.62965633821979
54,2013,3880,1.995931677018634,27.2,54594744,10.60349625,0.07394957983193277,7.106911244056754e-05,0.9195631909181587,1.3422406644356022,302.1,177.277028625,1.2682910846036695,274.90000000000003,166.673532375,14.50806214016905,2512.8,1713.8958235,0.008049973364646662,1711.329999999998,114.3753389502499,0.27272658350467127,20630.579999999987,1023.3771256065738,-9.468001225558947
54,2014,1091,1.9436189516129034,27.2,55952365,10.60349625,0.07394957983193277,1.9498728963467408e-05,0.9188134228106355,1.39483064729601,306.5,181.24093625,1.3208810674640772,279.3,170.63744,15.059950805814319,2618.1,1761.11582525,0.009183011701891175,1677.33,111.33106334462309,0.31944024822151285,20307.550000000017,1074.6523845624615,-10.760489076672576
54,2015,56,1.9280700000000002,27.2,56412140,10.60349625,0.07394957983193277,9.926941257679641e-07,0.9279170405519096,1.8747173142302824,402.6,220.396362,1.8007677343983497,375.40000000000003,209.79286575,14.401607478347037,2616.8,1704.28146825,0.020635976108317522,1572.5999999999985,119.50251723678412,0.3074703435046877,18597.01999999999,1156.5615502902,-13.748030304648527
58,2006,41131,1.8561666666666667,14.8,51102005,11.967801750000001,0.1037037037037037,0.0008048803564556812,0.9152275336359111,2.2249070700830402,325.6,234.986478875,2.1212033663793366,310.8,223.01867712499998,14.099400957251396,2088.8,1628.3363788749998,0.0337532144704748,575.0400000000009,109.78698942080337,0.13096494737144537,3011.439999999995,932.6332527797567,-7.036234343132777
58,2007,57351,1.8561666666666667,14.8,51713048,11.967801750000001,0.1037037037037037,0.001109023780613357,0.9201741889203668,2.1606430895495436,290.6,229.2872715,2.05693938584584,275.8,217.31946975,14.205398367902701,2126.8,1642.982649625,0.03232766912336699,291.15999999999985,96.12870755809035,0.13300564434580853,3058.3199999999997,960.503602678371,-6.72108283647173
58,2008,41399,1.8298113590263694,14.8,52324877,11.967801750000001,0.1037037037037037,0.0007911915397335764,0.9235641012591391,2.1465147188067903,293.7,232.22522075,2.0428110151030867,278.9,220.257419,14.227265770257189,2154.9,1640.04614775,0.033136727108188935,314.60999999999876,94.5140738645905,0.18103290665788352,2785.389999999985,1000.1459260738702,-7.062455400134053
58,2009,27058,1.8705555555555557,13.4,52877802,11.967801750000001,0.10294117647058823,0.0005117081076857166,0.9291896626111653,2.1000748564477694,277.4,224.13728550000002,1.997133679977181,264.0,212.16948375,14.597018531356941,2173.7999999999997,1688.050365,0.03288640728730208,438.46000000000004,84.36060895950413,0.18333164759369724,3128.320000000007,972.7723979433504,-7.504313794481577
58,2010,22246,1.8841243523316065,13.4,53362801,11.967801750000001,0.10294117647058823,0.0004168821647874144,0.9249569564386247,2.0831702186415564,282.8,222.00566675,1.980229042170968,269.40000000000003,210.03786499999998,15.060461341736314,2286.7999999999997,1730.219988625,0.032695887406101465,461.85999999999876,92.45932936893587,0.185422508199101,3390.4400000000023,991.9786721877172,-7.704698878413435
58,2011,10365,1.8880373831775703,13.4,53783435,11.967801750000001,0.10294117647058823,0.0001927173301593697,0.9389811007794501,1.859281060867501,275.0,212.7070855,1.7563398843969127,261.6,200.73928375,14.162676666263257,2238.9,1632.042943865,0.02338693037824846,482.97999999999956,85.33459129131552,0.19343172590655255,3942.9899999999907,883.6591222821226,-8.49132612628119
58,2012,5530,2.0665384615384617,13.2,54171475,11.967801750000001,0.10071942446043165,0.00010208324584109995,0.9197618488328037,1.7937672265136324,293.8,205.78095675,1.6930478020532007,280.6,193.813155,14.701337456589082,2415.2999999999997,1718.762966375,0.026035714040919977,759.8599999999988,109.45394162067805,0.1932197728126832,5575.630000000012,943.4159346223096,-9.106081439427172
58,2013,2863,2.0579813664596274,13.2,54594744,11.967801750000001,0.10071942446043165,5.244094559725383e-05,0.9195631909181587,1.3422406644356022,302.1,177.277028625,1.2415212399751705,288.90000000000003,165.309226875,14.50806214016905,2512.8,1713.8958235,0.011000618983797505,1120.5299999999997,123.36162465338339,0.1879970365343442,7280.180000000008,904.3557372741925,-9.77196635307815
58,2014,777,2.061444556451613,13.2,55952365,11.967801750000001,0.10071942446043165,1.3886812469857172e-05,0.9188134228106355,1.39483064729601,306.5,181.24093625,1.2941112228355782,293.3,169.2731345,15.059950805814319,2618.1,1761.11582525,0.009318005980664956,1209.7300000000005,109.50138709919793,0.2191903399070423,8208.75,919.1684180456214,-11.099898712138
58,2015,14,2.044953,13.2,56412140,11.967801750000001,0.10071942446043165,2.4817353144199103e-07,0.9279170405519096,1.8747173142302824,402.6,220.396362,1.7739978897698507,389.40000000000003,208.42856025,14.401607478347037,2616.8,1704.28146825,0.013781435786138774,1533.3999999999996,134.00949959438276,0.21441275972930685,9855.419999999998,971.3915594402497,-15.134324665768418
59,2008,50646,1.7132951318458418,16.4,52324877,12.252688875,0.0921875,0.0009679143631813984,0.9235641012591391,2.1465147188067903,293.7,232.22522075,2.0543272188067903,277.3,219.97253187500002,14.227265770257189,2154.9,1640.04614775,0.037457668505432085,373.1700000000019,100.20024168558848,0.1816122523576511,3128.109999999986,1066.2052236098534,-6.860851871854584
59,2009,79525,1.7461944444444446,16.4,52877802,12.252688875,0.0921875,0.0015039392144174223,0.9291896626111653,2.1000748564477694,277.4,224.13728550000002,2.0078873564477693,261.0,211.88459662500003,14.597018531356941,2173.7999999999997,1688.050365,0.03818479594673779,472.65999999999985,87.75496808137359,0.1888173304723626,3227.320000000007,1025.280340479374,-6.426225067027538
59,2010,95123,1.7578259067357516,16.6,53362801,12.252688875,0.0921875,0.001782571345908173,0.9249569564386247,2.0831702186415564,282.8,222.00566675,1.9909827186415563,266.2,209.752977875,15.060461341736314,2286.7999999999997,1730.219988625,0.03763070205389618,475.9400000000005,97.06822996537267,0.1924822165410509,3250.920000000013,1048.059872810998,-6.251690304589599
59,2011,67736,1.761476635514019,16.6,53783435,12.252688875,0.09147286821705426,0.0012594212325783953,0.9389811007794501,1.859281060867501,275.0,212.7070855,1.7678081926504468,258.4,200.45439662500002,14.162676666263257,2238.9,1632.042943865,0.02589974357092495,450.9800000000014,88.34147810528975,0.2016723818664543,3246.029999999999,933.5781214885355,-6.6141430758289586
59,2012,106316,1.7633076923076925,16.6,54171475,12.252688875,0.09147286821705426,0.00196258270611978,0.9197618488328037,1.7937672265136324,293.8,205.78095675,1.7022943582965782,277.2,193.528267875,14.701337456589082,2415.2999999999997,1718.762966375,0.027219949947742295,585.7799999999988,116.40715824858671,0.2003028503790092,4248.270000000019,992.2248396248324,-6.149853463536546
59,2013,68371,1.7560062111801247,16.6,54594744,12.252688875,0.09147286821705426,0.001252336671823207,0.9195631909181587,1.3422406644356022,302.1,177.277028625,1.250767796218548,285.5,165.02433975000002,14.50806214016905,2512.8,1713.8958235,0.0073889570749252065,687.3700000000008,132.75543367027603,0.19328296877698792,5188.500000000015,949.0377090177062,-6.5988876210773055
59,2014,54313,1.758320564516129,16.6,55952365,12.252688875,0.09147286821705426,0.0009707007022848811,0.9188134228106355,1.39483064729601,306.5,181.24093625,1.3033577790789557,289.9,168.98824737500001,15.059950805814319,2618.1,1761.11582525,0.006678896540506685,746.6499999999996,116.63666362198819,0.22935106079227063,5704.99000000002,957.6459665277725,-6.852820174556384
59,2015,41091,1.7442540000000002,16.6,56412140,12.252688875,0.09147286821705426,0.000728407041463061,0.9279170405519096,1.8747173142302824,402.6,220.396362,1.7832444460132282,386.0,208.14367312500002,14.401607478347037,2616.8,1704.28146825,0.012908457083345759,822.1200000000008,146.43544653801746,0.22306136446749392,6752.580000000002,1000.85122541483,-7.149837596980744
59,2016,52202,1.88,19.0,56950757,12.361889249999999,0.09776119402985074,0.000916616437600645,0.9300480413280547,1.8516996228761784,376.6,202.791238375,1.7539384288463276,357.6,190.42934912500002,14.86112043070704,2799.5,1771.608662625,0.027439210334914088,652.7599999999984,131.46384401031264,0.225264901640585,7250.490000000005,1027.4048925790266,-6.922302415990802
