data_2.csv
NameID,year,Sales,price,FuelEfficiency,HH,size,hppw,share,share0,hppw_own_sum,FuelEfficiency_own_sum,size_own_sum,iv_BLP_own_hppw,iv_BLP_own_FuelEfficiency,iv_BLP_own_size,iv_BLP_other_hppw,iv_BLP_other_FuelEfficiency,iv_BLP_other_size,iv_GH_own_hppw,iv_GH_own_FuelEfficiency,iv_GH_own_size,iv_GH_other_hppw,iv_GH_other_FuelEfficiency,iv_GH_other_size,logit_share
62,2006,9143,5.365,10.0,51102005,12.526605000000002,0.19207317073170732,0.0001789166589451823,0.9152275336359111,0.6883889943682507,39.6,49.301213125000004,0.4963158236365434,29.6,36.774608125,15.635919032966184,2374.8,1814.021644625,0.004050630218402351,5.740000000000009,3.999711468112878,1.5882381159264014,7117.380000000005,1214.4052196015837,-8.540007879050675
62,2007,5089,5.529444444444445,10.0,51713048,12.578475000000001,0.19090909090909092,9.840843262613335e-05,0.9201741889203668,0.6872249145456343,39.6,49.353083125,0.49631582363654336,29.6,36.774608125,15.67881654290661,2377.8,1822.916838,0.003868666920695263,5.740000000000009,4.091315120025342,1.5462014488439397,6909.18,1239.1601886182616,-9.143191769080026
62,2008,5383,5.491460446247466,10.0,52324877,12.578475000000001,0.19090909090909092,0.00010287649601163897,0.9235641012591391,0.9375207725338,47.8,61.346680125,0.746611681624709,37.8,48.768205124999994,15.436259716530179,2400.7999999999997,1810.9246883750002,0.0073954550247995465,8.980000000000018,4.421867630913766,1.5901612105401393,6955.980000000003,1276.8555580629836,-9.102466286505402
62,2009,1777,5.673333333333334,10.0,52877802,12.578475000000001,0.19090909090909092,3.3605784143599615e-05,0.9291896626111653,1.178716807488802,77.3,89.250834375,0.987807716579711,67.3,76.672359375,15.518376580315907,2373.8999999999996,1822.936816125,0.018980399284684424,105.11000000000013,11.48410837948677,1.550620290221529,6922.87000000001,1198.50446756342,-10.227369955490232
62,2010,1536,5.714487046632124,10.0,53362801,12.578475000000001,0.19090909090909092,2.878409624712166e-05,0.9249569564386247,1.178716807488802,77.6,89.250834375,0.987807716579711,67.6,76.672359375,15.964914752889067,2492.0,1862.974821,0.018980399284684424,107.07999999999993,11.48410837948677,1.5773561481431964,7693.299999999996,1236.8682034894373,-10.377679460857792
62,2011,642,5.726355140186916,10.0,53783435,12.578475000000001,0.19090909090909092,1.1936760826079628e-05,0.9389811007794501,1.0895363976936996,99.3,89.09230625,0.8986273067846087,89.3,76.51383125,14.932421329437059,2414.6,1755.657723115,0.032282505614191936,521.5500000000002,11.941700109539852,1.5016029662893988,8269.339999999997,1102.3337574555626,-11.27292784746111
62,2012,11414,5.296153846153846,10.8,54171475,12.98442,0.13109756097560976,0.00021070129620801354,0.9197618488328037,1.0325366650748091,98.8,89.5806575,0.9014391040991994,88.0,76.5962375,15.462568018027904,2610.2999999999997,1834.963265625,0.024690835304002706,483.05999999999995,12.24121802926038,0.36842562878759644,9236.910000000003,1363.8453373819648,-8.3814285828469
62,2013,5424,5.315590062111802,10.8,54594744,12.98442,0.13109756097560976,9.935022316433978e-05,0.9195631909181587,1.031669939282662,99.0,89.8288605,0.9005723783070523,88.2,76.8444405,14.818632865321991,2715.9,1801.343991625,0.0246814542951595,496.78,11.636350965799693,0.3662264333511529,11969.050000000003,1331.0483177040223,-9.133002828556034
62,2014,4794,5.333370967741936,10.8,55952365,12.98442,0.13109756097560976,8.568002442792186e-05,0.9188134228106355,1.5385943086899945,143.2,128.10783725,1.4074967477143847,132.39999999999998,115.12341724999999,14.916187144420334,2781.4,1814.24892425,0.04375869770169677,661.3000000000006,14.14137213974118,0.3610605145948895,13176.060000000012,1301.5273990206697,-9.280218647511317
62,2015,2992,5.511483000000001,10.8,56412140,13.064736000000002,0.13109756097560976,5.3038229005316944e-05,0.9279170405519096,1.6797055038305235,154.1,149.15423975,1.5486079428549138,143.29999999999998,136.08950374999998,14.596619288746796,2865.3,1775.5235905,0.04648136010690279,682.4900000000007,53.562515894902845,0.354781727348624,15695.449999999983,1360.0914024007434,-9.769684656289307
62,2016,5752,5.77,13.2,56950757,13.064736000000002,0.1484848484848485,0.00010099953544076684,0.9300480413280547,1.696164971904785,156.7,149.19306425,1.5476801234199367,143.5,136.12832824999998,15.016655081678433,3019.4,1825.20683675,0.04123673274470496,570.5300000000007,53.48712615079421,0.6268911204688123,12613.040000000008,1350.183038754949,-9.127875603902925
64,2009,8494,4.059722222222223,19.8,52877802,12.626197499999998,0.09146341463414634,0.00016063451351476372,0.9291896626111653,1.178716807488802,77.3,89.250834375,1.0872533928546555,57.5,76.624636875,15.518376580315907,2373.8999999999996,1822.936816125,0.056851905973035216,634.3100000000004,11.385372376233818,0.17225595840263885,6828.790000000023,1215.7642305059926,-8.662936472771667
64,2010,14247,4.089170984455959,19.8,53362801,12.626197499999998,0.09146341463414634,0.00026698373647964993,0.9249569564386247,1.178716807488802,77.6,89.250834375,1.0872533928546555,57.8,76.624636875,15.964914752889067,2492.0,1862.974821,0.056851905973035216,630.4000000000001,11.385372376233818,0.17548149833174698,6452.62000000001,1255.1178589902338,-8.150314737348179
64,2011,5868,4.118411214953271,19.8,53783435,12.626197499999998,0.09146341463414634,0.00010910422512061568,0.9389811007794501,1.0895363976936996,99.3,89.09230625,0.9980729830595533,79.5,76.46610874999999,14.932421329437059,2414.6,1755.657723115,0.05241679997744139,619.5499999999997,11.858094823177453,0.17518155074069108,5625.299999999988,1118.7979935301846,-9.0602470118882
64,2012,4965,4.122692307692308,19.8,54171475,12.626197499999998,0.09146341463414634,9.165340245950475e-05,0.9197618488328037,1.0325366650748091,98.8,89.5806575,0.9410732504406628,79.0,76.95446,15.462568018027904,2610.2999999999997,1834.963265625,0.044791153936494243,632.4600000000005,12.20073620009157,0.1827547117157451,6315.510000000009,1210.60768583967,-9.213855957464279
64,2013,5735,4.240062111801243,20.6,54594744,12.56898825,0.09146341463414634,0.00010504674222851928,0.9195631909181587,1.031669939282662,99.0,89.8288605,0.9402065246485157,78.4,77.25987225,14.818632865321991,2715.9,1801.343991625,0.04471306905388328,710.4199999999996,11.961992647508168,0.15597491895743154,7049.4499999999825,1161.0548453709125,-9.077248628612795
64,2014,2958,4.246757056451613,20.6,55952365,12.56898825,0.09146341463414634,5.286639805127093e-05,0.9188134228106355,1.5385943086899945,143.2,128.10783725,1.447130894055848,122.6,115.53884899999998,14.916187144420334,2781.4,1814.24892425,0.07751029891106131,931.7800000000007,14.424527097087775,0.15854196134920784,6972.6600000000035,1142.2561641756402,-9.763070419234902
64,2015,2050,4.239756000000001,20.6,56412140,12.56898825,0.09146341463414634,3.63396956754344e-05,0.9279170405519096,1.6797055038305235,154.1,149.15423975,1.588242089196377,133.5,136.5852515,14.596619288746796,2865.3,1775.5235905,0.08259759055628846,1047.0499999999993,61.661801081311296,0.15339461861900494,6924.4499999999825,1163.5044398824175,-10.147786923251221
64,2016,1364,4.3469999999999995,20.6,56950757,12.56898825,0.09146341463414634,2.3950515706051108e-05,0.9300480413280547,1.696164971904785,156.7,149.19306425,1.6047015572706387,136.1,136.624076,15.016655081678433,3019.4,1825.20683675,0.08416811609206154,1002.6900000000005,61.62490565424241,0.17764687520744626,7444.87999999999,1152.0253468346564,-10.5670016649004
66,2006,10725,4.008333333333334,11.8,51102005,11.74333875,0.13694267515923567,0.00020987434837439352,0.9152275336359111,0.6883889943682507,39.6,49.301213125000004,0.5514463192090151,27.8,37.557874375000004,15.635919032966184,2374.8,1814.021644625,0.00739785649006186,20.139999999999986,5.192352802758251,0.3919221777019892,4885.739999999998,995.5468011775738,-8.380418973418884
66,2007,9503,4.008333333333334,11.8,51713048,11.74333875,0.13694267515923567,0.00018376406666263415,0.9201741889203668,0.6872249145456343,39.6,49.353083125,0.5502822393863986,27.8,37.609744375,15.67881654290661,2377.8,1822.916838,0.007270858976881761,20.139999999999986,5.276299340433297,0.389889974257569,4666.739999999998,1013.6914920484924,-8.518665578457544
66,2008,8542,4.0426064908722115,11.8,52324877,11.769007249999998,0.13694267515923567,0.0001632493087370277,0.9235641012591391,0.9375207725338,47.8,61.346680125,0.8005780973745643,36.0,49.577672875000005,15.436259716530179,2400.7999999999997,1810.9246883750002,0.020119803034330586,33.10000000000002,5.195677517058357,0.42536287559534447,4591.5,1055.265555888116,-8.640716953664947
66,2009,4803,4.028888888888889,11.8,52877802,11.769007249999998,0.13694267515923567,9.083206597732636e-05,0.9291896626111653,1.178716807488802,77.3,89.250834375,1.0417741323295662,65.5,77.481827125,15.518376580315907,2373.8999999999996,1822.936816125,0.02235174886947683,101.50999999999976,18.01594082828774,0.41237804561097136,4615.990000000005,1016.0698271086294,-9.23305578198006
66,2010,3861,4.1202279792746115,12.2,53362801,11.769007249999998,0.13694267515923567,7.235377318368277e-05,0.9249569564386247,1.178716807488802,77.6,89.250834375,1.0417741323295662,65.39999999999999,77.481827125,15.964914752889067,2492.0,1862.974821,0.02235174886947683,107.51999999999998,18.01594082828774,0.4165380940232959,4689.419999999991,1040.418503775676,-9.455934878301173
66,2011,3433,4.128785046728972,12.2,53783435,11.769007249999998,0.13694267515923567,6.383006217434792e-05,0.9389811007794501,1.0895363976936996,99.3,89.09230625,0.952593722534464,87.1,77.32329899999999,14.932421329437059,2414.6,1755.657723115,0.026028361055494387,426.5100000000002,18.21688574902987,0.40627482059116904,5117.619999999995,929.2296149695248,-9.596326357693378
66,2012,2045,4.133076923076923,12.2,54171475,11.769007249999998,0.13694267515923567,3.77504950714375e-05,0.9197618488328037,1.0325366650748091,98.8,89.5806575,0.8955939899155735,86.6,77.81165025,15.462568018027904,2610.2999999999997,1834.963265625,0.023587326393817137,431.82000000000016,19.39674698609474,0.4383408032749605,7080.069999999992,1010.6198612908993,-10.10087146546665
66,2013,12360,4.343478260869565,11.6,54594744,12.0744195,0.1360759493670886,0.00022639542004263268,0.9195631909181587,1.031669939282662,99.0,89.8288605,0.8955939899155734,87.4,77.754441,14.818632865321991,2715.9,1801.343991625,0.023720001512839733,463.81999999999994,15.500071583722274,0.42750529355945766,10437.05000000001,1029.3378173216042,-8.309370927164583
66,2014,9005,4.350483870967742,11.6,55952365,12.0744195,0.1360759493670886,0.00016094047141707057,0.9188134228106355,1.5385943086899945,143.2,128.10783725,1.4025183593229058,131.6,116.03341774999998,14.916187144420334,2781.4,1814.24892425,0.041740192634548756,611.3800000000001,19.262199298381347,0.4213680486219893,11539.260000000002,1023.3038889206873,-8.64980380489559
66,2015,5953,4.539456,13.2,56412140,12.0744195,0.15123456790123457,0.00010552693090529804,0.9279170405519096,1.6797055038305235,154.1,149.15423975,1.528470935929289,140.9,137.07982024999998,14.596619288746796,2865.3,1775.5235905,0.041371441759325556,576.4100000000003,75.1293998687911,0.6424571812482069,10812.409999999989,1042.8110629153016,-9.081731422230286
66,2016,4505,4.7,13.2,56950757,12.113244,0.15030674846625766,7.910342614058668e-05,0.9300480413280547,1.696164971904785,156.7,149.19306425,1.5458582234385274,143.5,137.07982024999998,15.016655081678433,3019.4,1825.20683675,0.04104429933737941,570.5300000000007,73.87602832175617,0.6581836412195461,12613.040000000008,1038.3722914875252,-9.37223533326137
67,2006,9694,7.913888888888889,9.1,51102005,13.816781250000002,0.19845360824742267,0.00018969901474511617,0.9152275336359111,0.6883889943682507,39.6,49.301213125000004,0.4899353861208281,30.5,35.484431875,15.635919032966184,2374.8,1814.021644625,0.005233111134216484,8.259999999999877,12.735648065292594,1.7898789126950279,8624.43,2005.5953506159349,-8.48148930080978
67,2007,19330,7.913888888888889,9.1,51713048,13.816781250000002,0.19845360824742267,0.00037379347664829194,0.9201741889203668,0.6872249145456343,39.6,49.353083125,0.48877130629821164,30.5,35.53630187499999,15.67881654290661,2377.8,1822.916838,0.005249320893192938,8.259999999999877,12.60449567801777,1.7825693775234166,8421.629999999997,1986.8526975079585,-7.808614823466482
67,2008,9812,7.831916835699799,9.1,52324877,13.816781250000002,0.19845360824742267,0.00018752074658484147,0.9235641012591391,0.9375207725338,47.8,61.346680125,0.7390671642863773,38.699999999999996,47.529898875,15.436259716530179,2400.7999999999997,1810.9246883750002,0.00793693975137455,9.07000000000005,15.91696672346984,1.8272515339491875,8527.020000000004,2021.5625638311103,-8.502105999687979
67,2009,3535,8.181111111111113,9.1,52877802,13.8991875,0.19845360824742267,6.685224926709322e-05,0.9291896626111653,1.178716807488802,77.3,89.250834375,0.9802631992413793,68.2,75.351646875,15.518376580315907,2373.8999999999996,1822.936816125,0.021757575945321517,123.91999999999985,20.520382032221278,1.7835339957906875,8462.680000000015,1943.4849817209106,-9.53958320531421
67,2010,6597,8.240455958549223,9.1,53362801,13.8991875,0.19845360824742267,0.00012362544462386822,0.9249569564386247,1.178716807488802,77.6,89.250834375,0.9802631992413793,68.5,75.351646875,15.964914752889067,2492.0,1862.974821,0.021757575945321517,126.42999999999984,20.520382032221278,1.8152822382806892,9376.929999999993,2015.9688499581025,-8.92024609534254
67,2011,4121,8.257570093457945,9.1,53783435,13.8991875,0.19845360824742267,7.662210492877593e-05,0.9389811007794501,1.0895363976936996,99.3,89.09230625,0.891082789446277,90.2,75.19311875,14.932421329437059,2414.6,1755.657723115,0.036405328570706386,579.9599999999998,21.396713914852626,1.7257328491499253,9985.550000000003,1815.2106708598076,-9.413665019812253
67,2012,4433,8.61923076923077,8.4,54171475,13.98159375,0.2020618556701031,8.183273577099387e-05,0.9197618488328037,1.0325366650748091,98.8,89.5806575,0.8304748094047061,90.39999999999999,75.59906375,15.462568018027904,2610.2999999999997,1834.963265625,0.04364132409916943,634.74,21.814865071252825,1.9566328453523338,14393.549999999996,2006.659104573162,-9.327192699198498
67,2013,9482,8.583540372670809,8.4,54594744,13.98159375,0.2020618556701031,0.00017367972272202615,0.9195631909181587,1.031669939282662,99.0,89.8288605,0.829608083612559,90.6,75.84726675,14.818632865321991,2715.9,1801.343991625,0.043754956259392686,649.4200000000001,20.714994975249738,1.9748991887281457,17770.809999999998,1960.241196788018,-8.574441114714201
67,2014,4393,8.608318548387096,8.4,55952365,13.98159375,0.20102564102564102,7.851321387398013e-05,0.9188134228106355,1.5385943086899945,143.2,128.10783725,1.3375686676643535,134.79999999999998,114.12624349999999,14.916187144420334,2781.4,1814.24892425,0.060824184296665584,887.8600000000001,27.547837726187936,1.921223700636884,19292.22,1904.9833579863262,-9.367571418529868
67,2015,3892,8.539452,8.4,56412140,13.98159375,0.20102564102564102,6.89922417408735e-05,0.9279170405519096,1.6797055038305235,154.1,149.15423975,1.4786798628048825,145.7,135.172646,14.596619288746796,2865.3,1775.5235905,0.06703631465840276,915.2900000000004,52.83008201838538,1.889964233008481,22352.569999999992,1923.12237809808,-9.50670355207778
67,2016,2412,8.548,8.4,56950757,13.98159375,0.20102564102564102,4.235237821333964e-05,0.9300480413280547,1.696164971904785,156.7,149.19306425,1.495139330879144,148.29999999999998,135.2114705,15.016655081678433,3019.4,1825.20683675,0.0650001682593041,934.3700000000003,52.68349918684726,1.950359384854437,25217.840000000004,1921.2996238747,-9.996966945456732
