data_2.csv
NameID,year,Sales,price,FuelEfficiency,HH,size,hppw,share,share0,hppw_own_sum,FuelEfficiency_own_sum,size_own_sum,iv_BLP_own_hppw,iv_BLP_own_FuelEfficiency,iv_BLP_own_size,iv_BLP_other_hppw,iv_BLP_other_FuelEfficiency,iv_BLP_other_size,iv_GH_own_hppw,iv_GH_own_FuelEfficiency,iv_GH_own_size,iv_GH_other_hppw,iv_GH_other_FuelEfficiency,iv_GH_other_size,logit_share
72,2009,8827,4.727777777777778,9.7,52877802,15.195550499999998,0.1497326203208556,0.00016693205213030602,0.9291896626111653,1.178716807488802,77.3,89.250834375,1.0289841871679464,67.6,74.055283875,15.518376580315907,2373.8999999999996,1822.936816125,0.0178662313704247,110.12000000000012,53.13881609172313,0.5984029227244241,7407.520000000011,3214.1666544215477,-8.62448129862465
72,2010,6578,4.762072538860104,9.7,53362801,15.195550499999998,0.1497326203208556,0.00012326939134997805,0.9249569564386247,1.178716807488802,77.6,89.250834375,1.0289841871679464,67.89999999999999,74.055283875,15.964914752889067,2492.0,1862.974821,0.0178662313704247,112.26999999999998,53.13881609172313,0.6058068188907137,8225.169999999998,3333.7123137827803,-8.923130347816407
72,2011,7219,4.77196261682243,9.7,53783435,15.195550499999998,0.1497326203208556,0.00013422348349449975,0.9389811007794501,1.0895363976936996,99.3,89.09230625,0.939803777372844,89.6,73.89675575,14.932421329437059,2414.6,1755.657723115,0.02382406865798259,539.7600000000002,54.42616796577295,0.5852890009061396,8813.869999999995,3034.0245462365274,-8.85304443301191
72,2012,9201,4.9326923076923075,9.1,54171475,15.195550499999998,0.14893617021276595,0.0001698495379717831,0.9197618488328037,1.0325366650748091,98.8,89.5806575,0.8836004948620432,89.7,74.385107,15.462568018027904,2610.2999999999997,1834.963265625,0.02282068524863673,582.1700000000001,52.25931584420414,0.6160301800572627,12699.130000000005,3218.693613239928,-8.596957081161191
72,2013,7815,4.932950310559007,9.1,54594744,15.195550499999998,0.14893617021276595,0.0001431456478667617,0.9195631909181587,1.031669939282662,99.0,89.8288605,0.8827337690698961,89.9,74.63331000000001,14.818632865321991,2715.9,1801.343991625,0.02284222660523727,596.5699999999999,50.5568303337609,0.6218185628355206,15891.800000000003,3147.641021035546,-8.767791415320689
72,2014,5222,4.940618951612904,9.1,55952365,15.195550499999998,0.14893617021276595,9.332938831093198e-05,0.9188134228106355,1.5385943086899945,143.2,128.10783725,1.3896581384772286,134.1,112.91228674999999,14.916187144420334,2781.4,1814.24892425,0.03882005544615286,809.8800000000001,70.71100229122158,0.6131721787507622,17321.510000000002,3061.0511220970293,-9.194703313246572
72,2015,3530,4.94505,11.8,56412140,15.845800499999998,0.1259259259259259,6.25751832850163e-05,0.9279170405519096,1.6797055038305235,154.1,149.15423975,1.5537795779045975,142.29999999999998,133.30843925,14.596619288746796,2865.3,1775.5235905,0.04923345941244511,622.8900000000008,108.37012760562084,0.3010568254781738,13445.25,3866.3184268566256,-9.604328845456333
72,2016,17679,4.95,11.8,56950757,15.845800499999998,0.1259259259259259,0.00031042607563583395,0.9300480413280547,1.696164971904785,156.7,149.19306425,1.570239045978859,144.89999999999998,133.34726375,15.016655081678433,3019.4,1825.20683675,0.0496695157394863,624.29,108.07879098415196,0.32632523596795515,15537.36,3901.673705373978,-8.005045729797786
74,2006,679,1.623888888888889,14.8,51102005,8.588076875,0.064,1.3287149887758807e-05,0.9152275336359111,1.5866802565603162,257.9,182.41258150000002,1.5226802565603161,243.09999999999997,173.824504625,14.73762777077412,2156.5,1680.91027625,0.028187998733297193,276.21000000000095,189.4204635670785,0.33415554457136065,3310.269999999997,1984.9566414161018,-11.140130589656406
74,2007,568,1.623888888888889,14.8,51713048,8.588076875,0.064,1.0983688294683384e-05,0.9201741889203668,1.3882117564075847,220.7,146.14696087500002,1.3242117564075846,205.89999999999998,137.558884,14.977829701044659,2196.7000000000003,1726.12296025,0.03122627101016079,235.45000000000073,125.28397984007916,0.3350463674096258,3114.0299999999916,2123.782418472387,-11.335906976947706
74,2008,561,1.6008316430020286,14.8,52324877,8.588076875,0.064,1.0721477663483089e-05,0.9235641012591391,1.4809020596071454,232.5,161.789365,1.4169020596071453,217.7,153.201288125,14.892878429456832,2216.1,1710.4820035,0.03212227592159683,232.85000000000036,171.74812677878526,0.38360121923121815,2867.149999999994,2115.3557446942687,-11.363746499543662
74,2009,485,1.623888888888889,14.8,52877802,8.588076875,0.064,9.172090776390441e-06,0.9291896626111653,1.4047505745722497,210.2,154.844396625,1.3407505745722497,195.39999999999998,146.25631975,15.29234281323246,2241.0,1757.343253875,0.03115411702390289,209.0000000000009,174.55076132151498,0.4063258131951879,3048.100000000006,2275.3650051853692,-11.5259028927074
74,2010,398,1.6356683937823835,14.8,53362801,8.588076875,0.064,7.458379105699493e-06,0.9249569564386247,1.4068211542405518,205.6,155.113050875,1.3428211542405517,190.79999999999998,146.524974,15.736810406137318,2364.0,1797.1126045,0.03132916030238564,214.08000000000084,175.011617997357,0.4168250109463636,3154.939999999988,2294.951167940566,-11.728164369280972
74,2011,487,1.6390654205607478,14.8,53783435,8.588076875,0.064,9.05483258925355e-06,0.9389811007794501,1.4068211542405518,202.8,155.15055275,1.3428211542405517,188.0,146.562475875,14.615136572890206,2311.1,1689.599476615,0.03132916030238564,187.19999999999982,175.09739676264326,0.3931755323916162,3516.6500000000087,2147.677150991607,-11.549252028068482
74,2012,398,1.640769230769231,14.8,54171475,8.588076875,0.064,7.347040116592727e-06,0.9197618488328037,1.6374537507486693,272.4,187.021627125,1.5734537507486692,257.59999999999997,178.43355025,14.857650932354044,2436.7,1737.522296,0.033062061737716864,425.4400000000014,213.06634018648583,0.3874917144441117,4722.530000000013,2246.634685250119,-11.737572528659115
74,2013,442,1.6339751552795034,14.8,54594744,8.588076875,0.064,8.096017448126508e-06,0.9195631909181587,1.4959745066823074,280.0,172.765279875,1.4319745066823073,265.2,164.177203,14.354328297922345,2534.9,1718.40757225,0.026610351508488894,608.1599999999999,180.0133064957754,0.3444772929898918,6132.069999999992,2237.384770046414,-11.640281776098567
74,2014,71,1.5911491935483872,14.8,55952365,8.588076875,0.064,1.2689365319946709e-06,0.9188134228106355,1.336500897271999,278.6,162.18837200000002,1.2725008972719989,263.8,153.600295125,15.118280555838329,2646.0,1780.1683894999999,0.01772153271837615,758.1999999999998,175.94447258137325,0.40912381090214445,6783.1600000000035,2379.961467657755,-13.492659185464332
75,2006,27922,0.9332222222222222,21.0,51102005,8.237543125,0.06585365853658537,0.000546397347814435,0.9152275336359111,1.5866802565603162,257.9,182.41258150000002,1.5208265980237308,236.89999999999998,174.175038375,14.73762777077412,2156.5,1680.91027625,0.026397645753592325,851.5699999999997,217.0388855783549,0.31514272823140566,9419.75,2290.4919506590995,-7.423581529666509
75,2007,29214,0.9332222222222222,21.0,51713048,8.237543125,0.06585365853658537,0.0005649251229592965,0.9201741889203668,1.3882117564075847,220.7,146.14696087500002,1.3223580978709992,199.7,137.90941775000002,14.977829701044659,2196.7000000000003,1726.12296025,0.029449590661599162,606.210000000001,145.17159688786387,0.31586515938052995,9390.909999999989,2443.321028031529,-7.395625070258102
75,2008,31328,1.0749888438133874,20.4,52324877,8.3126575,0.06666666666666667,0.0005987209487372517,0.9235641012591391,1.4809020596071454,232.5,161.789365,1.4142353929404787,212.1,153.4767075,14.892878429456832,2216.1,1710.4820035,0.029450798270358708,585.6500000000015,191.04613287962547,0.35643920094078174,7614.830000000002,2359.3370586091805,-7.341199859736123
75,2009,27428,1.090472222222222,20.4,52877802,8.3126575,0.06666666666666667,0.0005187053728140969,0.9291896626111653,1.4047505745722497,210.2,154.844396625,1.338083907905583,189.79999999999998,146.531739125,15.29234281323246,2241.0,1757.343253875,0.02854033618173976,614.4400000000005,194.67799942248485,0.3777302070801709,7911.140000000014,2535.8497322830735,-7.490732115240628
75,2010,24785,1.125298445595855,20.4,53362801,8.3126575,0.06666666666666667,0.0004644621259667385,0.9249569564386247,1.4068211542405518,205.6,155.113050875,1.3401544875738851,185.2,146.800393375,15.736810406137318,2364.0,1797.1126045,0.02870433636865824,671.0400000000018,195.28684126957933,0.3872526887802987,7428.860000000001,2558.723235630441,-7.596622464110736
75,2011,21675,1.1276355140186916,20.4,53783435,8.3126575,0.06666666666666667,0.00040300512602067903,0.9389811007794501,1.4068211542405518,202.8,155.15055275,1.3401544875738851,182.4,146.83789525,14.615136572890206,2311.1,1689.599476615,0.02870433636865824,675.5200000000004,195.39327752081317,0.366101026225091,6411.850000000006,2398.7747186947563,-7.753601349502329
75,2012,21363,1.1288076923076924,20.4,54171475,8.3126575,0.06666666666666667,0.0003943588392230413,0.9197618488328037,1.6374537507486693,272.4,187.021627125,1.5707870840820026,251.99999999999997,178.708969625,14.857650932354044,2436.7,1737.522296,0.030252530622612822,725.6000000000022,236.95367461872684,0.36051757613822355,6999.490000000005,2505.510840085368,-7.754608801293318
75,2013,577,1.1241335403726709,20.4,54594744,8.3126575,0.06666666666666667,1.0568782958300895e-05,0.9195631909181587,1.4959745066823074,280.0,172.765279875,1.4293078400156407,259.6,164.452622375,14.354328297922345,2534.9,1718.40757225,0.02420693191729434,626.0799999999981,200.7024821278642,0.31949065317875025,6914.949999999997,2495.0413737418203,-11.373749391668166
76,2006,8011,0.8633333333333334,20.5,51102005,7.5114374999999995,0.07397260273972603,0.00015676488623098057,0.9152275336359111,1.5866802565603162,257.9,182.41258150000002,1.5127076538205901,237.39999999999998,174.90114400000002,14.73762777077412,2156.5,1680.91027625,0.01993241623953046,756.7199999999993,287.53829043711175,0.24385053190481187,8505.25,3039.0860979353347,-8.672180840999985
76,2007,8217,0.9147222222222223,21.0,51713048,7.5114374999999995,0.07297297297297298,0.00015889606816446017,0.9201741889203668,1.3882117564075847,220.7,146.14696087500002,1.3152387834346118,199.7,138.63552337500002,14.977829701044659,2196.7000000000003,1726.12296025,0.02352026485134298,606.210000000001,197.31192974624946,0.25184231766874543,9390.909999999989,3223.2672733957734,-8.66406793773767
76,2008,8529,0.9017342799188642,21.0,52324877,7.5114374999999995,0.07297297297297298,0.00016300086094803433,0.9235641012591391,1.4809020596071454,232.5,161.789365,1.4079290866341725,211.5,154.2779275,14.892878429456832,2216.1,1710.4820035,0.023981909376360605,679.25,260.1251619917257,0.3006926456337782,8681.509999999995,3198.494630912719,-8.642240004747249
76,2009,8241,0.9147222222222223,21.0,52877802,7.5114374999999995,0.07297297297297298,0.0001558498970891415,0.9291896626111653,1.4047505745722497,210.2,154.844396625,1.3317776015992768,189.2,147.332959125,15.29234281323246,2241.0,1757.343253875,0.023151306128292165,709.960000000001,265.3067148076502,0.3187065829282081,8997.619999999995,3424.7424838457264,-8.6931748088815
76,2010,11505,0.9617316062176167,21.8,53362801,7.686704375,0.07297297297297298,0.00021559962716349916,0.9249569564386247,1.4068211542405518,205.6,155.113050875,1.3338481812675789,183.79999999999998,147.4263465,15.736810406137318,2364.0,1797.1126045,0.023289190895970785,922.4800000000005,249.2659312252904,0.32614560842044593,10026.14,3246.223049226479,-8.364079372095944
76,2011,10080,0.9637289719626169,21.8,53783435,7.686704375,0.07297297297297298,0.0001874183008206895,0.9389811007794501,1.4068211542405518,202.8,155.15055275,1.3338481812675789,181.0,147.463848375,14.615136572890206,2311.1,1689.599476615,0.023289190895970785,934.7999999999993,249.4193163082232,0.31033508000099097,8566.449999999997,3051.826681171133,-8.519207609525711
76,2012,10463,0.9647307692307693,21.8,54171475,7.686704375,0.07297297297297298,0.0001931459315073108,0.9197618488328037,1.6374537507486693,272.4,187.021627125,1.5644807777756964,250.59999999999997,179.33492275,14.857650932354044,2436.7,1737.522296,0.02457033657453689,967.2400000000034,300.83475891942817,0.3052153316054893,9038.73000000001,3178.4982774127966,-8.468424030562506
76,2013,8970,0.9607360248447208,21.8,54594744,7.686704375,0.075,0.0001643015305649203,0.9195631909181587,1.4959745066823074,280.0,172.765279875,1.4209745066823074,258.2,165.0785755,14.354328297922345,2534.9,1718.40757225,0.01816291236147813,787.3600000000006,256.75080676778225,0.2549740704356003,8561.069999999992,3164.1286700669334,-8.629950703123423
76,2014,8657,0.9355554435483872,21.8,55952365,7.686704375,0.075,0.00015472089517574458,0.9188134228106355,1.336500897271999,278.6,162.18837200000002,1.261500897271999,256.8,154.501667625,15.118280555838329,2646.0,1780.1683894999999,0.011253512978392166,700.7999999999993,248.28414532852867,0.3089296386737015,8681.559999999998,3359.365811122556,-8.689215541289874
76,2015,8054,0.9150840000000001,37.0,56412140,7.386246875,0.08,0.00014277068730241397,0.9279170405519096,1.340641486590197,315.8,164.939078,1.260641486590197,278.8,157.55283112499998,14.935683305987123,2703.6,1759.7387522499998,0.006525442572376194,4711.759999999998,295.139694424794,0.27831451050888356,60089.01999999999,3815.475644821254,-8.779457853972277
76,2016,6909,0.9159999999999999,37.0,56950757,7.386246875,0.08,0.00012131533212104625,0.9300480413280547,1.2338794098364074,305.8,155.20257425,1.1538794098364074,268.8,147.816327375,15.47894064374681,2870.2999999999997,1819.19732675,0.005902482895120548,4087.7199999999975,289.6319862042774,0.30690547976970395,59827.93000000002,3911.1693402995843,-8.944598314815012
77,2006,3206,1.3926388888888888,15.0,51102005,9.414335,0.06666666666666667,6.273726441849004e-05,0.9152275336359111,1.5866802565603162,257.9,182.41258150000002,1.5200135898936495,242.89999999999998,172.99824650000002,14.73762777077412,2156.5,1680.91027625,0.025649259587197715,274.3700000000008,140.84957281623792,0.3071246409050099,3329.75,1408.6716791556428,-9.587972384045603
77,2007,3313,1.3926388888888888,15.0,51713048,9.414335,0.06666666666666667,6.406506922585572e-05,0.9201741889203668,1.3882117564075847,220.7,146.14696087500002,1.321545089740918,205.7,136.73262587500002,14.977829701044659,2196.7000000000003,1726.12296025,0.028700697198209196,230.60999999999967,92.01869924444145,0.30777972011516574,3135.309999999983,1517.4066784397583,-9.572418993368963
77,2008,3373,1.3728651115618664,15.0,52324877,9.414335,0.06666666666666667,6.446264555958727e-05,0.9235641012591391,1.4809020596071454,232.5,161.789365,1.4142353929404787,217.5,152.37503,14.892878429456832,2216.1,1710.4820035,0.029450798270358708,229.25,127.50815825883183,0.35643920094078174,2874.709999999992,1519.9523007752505,-9.56990957000471
77,2009,2484,1.3926388888888888,15.0,52877802,9.414335,0.06666666666666667,4.697623399701826e-05,0.9291896626111653,1.4047505745722497,210.2,154.844396625,1.338083907905583,195.2,145.430061625,15.29234281323246,2241.0,1757.343253875,0.02854033618173976,208.35999999999967,126.91282681567054,0.3777302070801709,3057.6199999999953,1632.2718616889688,-9.892426340591514
77,2010,2215,1.4027409326424871,14.4,53362801,9.414335,0.06666666666666667,4.150831587719693e-05,0.9249569564386247,1.4068211542405518,205.6,155.113050875,1.3401544875738851,191.2,145.698715875,15.736810406137318,2364.0,1797.1126045,0.02870433636865824,215.04000000000087,126.92972797775656,0.3872526887802987,3224.060000000012,1645.6370826096681,-10.011608692086174
77,2011,2824,1.4056542056074768,14.4,53783435,9.414335,0.06666666666666667,5.2506873166431264e-05,0.9389811007794501,1.4068211542405518,202.8,155.15055275,1.3401544875738851,188.4,145.73621775,14.615136572890206,2311.1,1689.599476615,0.02870433636865824,185.92000000000007,126.95353428519957,0.366101026225091,3660.2500000000146,1527.2838657658504,-9.791606552537939
77,2012,2386,1.4071153846153848,14.4,54171475,9.414335,0.06666666666666667,4.404532089997549e-05,0.9197618488328037,1.6374537507486693,272.4,187.021627125,1.5707870840820026,258.0,177.60729212500001,14.857650932354044,2436.7,1737.522296,0.030252530622612822,444.8000000000002,156.87892664334095,0.36051757613822355,4919.890000000014,1606.5467185700982,-9.94665093128569
77,2013,1761,1.4012888198757767,14.4,54594744,9.414335,0.06666666666666667,3.22558523216081e-05,0.9195631909181587,1.4959745066823074,280.0,172.765279875,1.4293078400156407,265.6,163.350944875,14.354328297922345,2534.9,1718.40757225,0.02420693191729434,645.2799999999988,132.51009936758328,0.31949065317875025,6431.349999999991,1599.1349168148954,-10.25795454968006
77,2014,1232,1.4028296370967743,14.4,55952365,9.414335,0.06666666666666667,2.2018729681935698e-05,0.9188134228106355,1.336500897271999,278.6,162.18837200000002,1.2698342306053323,264.20000000000005,152.77403700000002,15.118280555838329,2646.0,1780.1683894999999,0.015820194599592163,805.8799999999983,131.0451385100564,0.38145653682656233,7124.600000000006,1699.1494166325938,-10.638944918412182
77,2015,1531,1.434564,16.2,56412140,9.56456375,0.06808510638297872,2.7139548331263447e-05,0.9279170405519096,1.340641486590197,315.8,164.939078,1.2725563802072182,299.6,155.37451425,14.935683305987123,2703.6,1759.7387522499998,0.012006369622674068,1250.6399999999994,130.4240929566131,0.3695659225628276,6574.779999999999,1687.5739299910347,-10.439705599725992
77,2016,1537,1.436,16.2,56950757,9.56456375,0.06808510638297872,2.6988227742082517e-05,0.9300480413280547,1.2338794098364074,305.8,155.20257425,1.1657943034534286,289.6,145.6380105,15.47894064374681,2870.2999999999997,1819.19732675,0.010603710660529508,1317.1599999999999,130.41052875098148,0.40228050715170127,7715.610000000015,1708.8495772226015,-10.447590759765212
