data_2.csv
NameID,year,Sales,price,FuelEfficiency,HH,size,hppw,share,share0,hppw_own_sum,FuelEfficiency_own_sum,size_own_sum,iv_BLP_own_hppw,iv_BLP_own_FuelEfficiency,iv_BLP_own_size,iv_BLP_other_hppw,iv_BLP_other_FuelEfficiency,iv_BLP_other_size,iv_GH_own_hppw,iv_GH_own_FuelEfficiency,iv_GH_own_size,iv_GH_other_hppw,iv_GH_other_FuelEfficiency,iv_GH_other_size,logit_share
86,2006,28419,2.446111111111111,12.2,51102005,15.149835000000003,0.09476744186046511,0.0005561229936085679,0.9152275336359111,1.5866802565603162,257.9,182.41258150000002,1.491912814699851,245.7,167.26274650000002,14.73762777077412,2156.5,1680.91027625,0.013594570268765205,423.8900000000003,443.4874000247373,0.1502378028173652,4134.469999999994,2978.3438614718907,-7.405938502671458
86,2007,20532,2.446111111111111,12.2,51713048,15.149835000000003,0.09476744186046511,0.0003970371268775339,0.9201741889203668,1.3882117564075847,220.7,146.14696087500002,1.2934443145471195,208.5,130.99712587500002,14.977829701044659,2196.7000000000003,1726.12296025,0.014190974514464633,400.28999999999905,387.9960695373161,0.1510024319172203,3936.669999999991,2991.1075536970166,-7.748288471988665
86,2008,13446,2.5329614604462476,12.2,52324877,15.149835000000003,0.09421965317919075,0.0002569714592926802,0.9235641012591391,1.4809020596071454,232.5,161.789365,1.3866824064279546,220.3,146.63953,14.892878429456832,2216.1,1710.4820035,0.014337728332347255,388.85000000000036,384.93930786883175,0.20068743405619394,3860.8699999999953,3032.182793876753,-8.187030462037377
86,2009,7033,2.5694444444444446,12.2,52877802,15.149835000000003,0.09421965317919075,0.0001330047720213484,0.9291896626111653,1.4047505745722497,210.2,154.844396625,1.310530921393059,198.0,139.694561625,15.29234281323246,2241.0,1757.343253875,0.013190769323116108,319.2399999999989,323.1219116202956,0.2088313638403001,4030.9000000000087,2888.7325458088453,-8.851683147336864
86,2010,6239,2.5880829015544045,12.2,53362801,15.149835000000003,0.09421965317919075,0.00011691665135793752,0.9249569564386247,1.4068211542405518,205.6,155.113050875,1.312601501061361,193.4,139.963215875,15.736810406137318,2364.0,1797.1126045,0.013240668202686934,300.3999999999987,320.05707988063114,0.21159262075835494,4496.540000000001,3009.4547338501725,-8.976041182454624
86,2011,4910,2.593457943925234,12.2,53783435,15.149835000000003,0.09421965317919075,9.129204930849062e-05,0.9389811007794501,1.4068211542405518,202.8,155.15055275,1.312601501061361,190.60000000000002,140.00071775,14.615136572890206,2311.1,1689.599476615,0.013240668202686934,258.9599999999991,319.6507021799489,0.2079229001933398,5285.169999999998,2715.506636625185,-9.238486930362505
86,2012,3016,2.5961538461538463,12.2,54171475,15.149835000000003,0.09421965317919075,5.5675057767948904e-05,0.9197618488328037,1.6374537507486693,272.4,187.021627125,1.5432340975694785,260.2,171.871792125,14.857650932354044,2436.7,1737.522296,0.01537832461705596,648.5200000000004,406.64639148746573,0.20670705475872175,6863.370000000003,2808.598016404103,-9.712337804815705
86,2013,1563,2.5854037267080745,12.2,54594744,15.149835000000003,0.09421965317919075,2.8629129573352336e-05,0.9195631909181587,1.4959745066823074,280.0,172.765279875,1.4017548535031166,267.8,157.615444875,14.354328297922345,2534.9,1718.40757225,0.012696178718100137,940.9599999999991,404.9243264814586,0.18455041811361284,8923.949999999997,2738.675616715147,-10.377229327754788
86,2014,633,2.796595766129032,11.0,55952365,15.149835000000003,0.09367816091954023,1.1313194714825728e-05,0.9188134228106355,1.336500897271999,278.6,162.18837200000002,1.2428227363524587,267.6,147.03853700000002,15.118280555838329,2646.0,1780.1683894999999,0.008585722820688702,1404.9599999999991,383.8992788230553,0.22305715523291836,11990.680000000008,2693.782969998101,-11.304868640361471
86,2015,429,2.774223,11.0,56412140,15.149835000000003,0.09367816091954023,7.6047460706152964e-06,0.9279170405519096,1.340641486590197,315.8,164.939078,1.2469633256706567,304.8,149.789243,14.935683305987123,2703.6,1759.7387522499998,0.005484390093400626,2413.3599999999988,358.514424237962,0.22606882609380996,13476.220000000001,2735.830528997096,-11.711925076455659
86,2016,186,2.7769999999999997,11.0,56950757,15.149835000000003,0.09367816091954023,3.2659794144615146e-06,0.9300480413280547,1.2338794098364074,305.8,155.20257425,1.1402012489168671,294.8,140.05273925,15.47894064374681,2870.2999999999997,1819.19732675,0.005406450314762945,2517.3199999999997,329.22626817370383,0.2516762619477704,15643.530000000013,2783.10474678404,-12.559431829590606
87,2006,5336,2.6013055555555558,9.0,51102005,10.518933,0.15789473684210525,0.00010441860353620176,0.9152275336359111,1.5866802565603162,257.9,182.41258150000002,1.4287855197182109,248.89999999999998,171.8936485,14.73762777077412,2156.5,1680.91027625,0.08441686313014779,921.1700000000001,112.17464284325206,0.6501268746646591,7895.75,953.9121195123225,-9.078520129619642
87,2007,4187,2.6331666666666664,9.0,51713048,10.518933,0.15671641791044777,8.096602621450586e-05,0.9201741889203668,1.3882117564075847,220.7,146.14696087500002,1.2314953384971368,211.7,135.62802787500002,14.977829701044659,2196.7000000000003,1726.12296025,0.06030272729714575,863.0099999999998,77.40688939493066,0.6477343135474785,7751.709999999992,1028.8181820531681,-9.338288629649716
87,2008,3281,2.6342799188640975,9.0,52324877,10.601946,0.15808823529411764,6.270439966824957e-05,0.9235641012591391,1.4809020596071454,232.5,161.789365,1.3228138243130276,223.5,151.187419,14.892878429456832,2216.1,1710.4820035,0.06688970513400033,859.25,99.79583156516719,0.7154954402376159,7867.9100000000035,1022.9111396616208,-9.597563872105257
87,2009,1515,2.703055555555556,9.0,52877802,10.601946,0.15808823529411764,2.8650963971611378e-05,0.9291896626111653,1.4047505745722497,210.2,154.844396625,1.246662339278132,201.2,144.242450625,15.29234281323246,2241.0,1757.343253875,0.05935557378181755,714.7599999999998,91.9247863009191,0.7048420166138012,8061.620000000003,1071.4679387265205,-10.386881065701413
87,2010,964,2.722663212435233,9.0,53362801,10.601946,0.15808823529411764,1.8065018738427917e-05,0.9249569564386247,1.4068211542405518,205.6,155.113050875,1.248732918946434,196.6,144.511104875,15.736810406137318,2364.0,1797.1126045,0.059140982686247456,666.48,91.30357397801072,0.715286431994925,9043.099999999999,1085.4583450957653,-10.843525079954864
87,2011,938,2.728317757009346,9.0,53783435,10.601946,0.15808823529411764,1.7440314104147493e-05,0.9389811007794501,1.4068211542405518,202.8,155.15055275,1.248732918946434,193.8,144.54860675,14.615136572890206,2311.1,1689.599476615,0.059140982686247456,607.1199999999999,91.23830500691292,0.6937506751477125,10171.570000000007,984.7571199463055,-10.893766202144846
87,2012,1848,2.7311538461538465,9.0,54171475,10.601946,0.15808823529411764,3.411389481272201e-05,0.9197618488328037,1.6374537507486693,272.4,187.021627125,1.4793655154545515,263.4,176.419681125,14.857650932354044,2436.7,1737.522296,0.0801619265233055,1238.6000000000004,116.77748682999163,0.7260149215229692,12282.25,1045.2788598240368,-10.202165281741923
87,2013,289,2.7198447204968947,9.0,54594744,10.601946,0.15808823529411764,5.2935498699288705e-06,0.9195631909181587,1.4959745066823074,280.0,172.765279875,1.3378862713881898,271.0,162.163333875,14.354328297922345,2534.9,1718.40757225,0.07943739096556873,1647.5199999999995,102.4990936873819,0.7359221967064631,15106.989999999998,1035.7256594543796,-12.065164970063833
88,2006,24220,1.6403333333333334,16.8,51102005,11.465566125000002,0.09421487603305785,0.0004739540063056234,0.9152275336359111,1.5866802565603162,257.9,182.41258150000002,1.4924653805272583,241.09999999999997,170.947015375,14.73762777077412,2156.5,1680.91027625,0.013572832941872226,319.01000000000204,120.61039555432217,0.1510698964975994,4037.8699999999953,851.5671802322831,-7.565817700108019
88,2007,22948,1.6444444444444446,17.4,51713048,11.452784000000003,0.09421487603305785,0.0004437564770887224,0.9201741889203668,1.3882117564075847,220.7,146.14696087500002,1.2939968803745268,203.29999999999998,134.694176875,14.977829701044659,2196.7000000000003,1726.12296025,0.014263178878125865,259.8900000000003,91.70425676510968,0.1517867048415864,4332.909999999974,903.1996706655336,-7.637042329947096
88,2008,16617,1.6210953346855987,17.4,52324877,11.452784000000003,0.09421487603305785,0.0003175736084386782,0.9235641012591391,1.4809020596071454,232.5,161.789365,1.3866871835740875,215.1,150.336581,14.892878429456832,2216.1,1710.4820035,0.014338374614203842,279.64999999999964,105.95778754552703,0.20069469807700813,3901.4300000000076,926.975320434758,-7.9752858583651465
88,2009,26761,1.7061111111111111,15.6,52877802,11.775523500000002,0.09024390243902439,0.0005060913840556383,0.9291896626111653,1.4047505745722497,210.2,154.844396625,1.3145066721332253,194.6,143.068873125,15.29234281323246,2241.0,1757.343253875,0.01409330994736585,213.15999999999985,96.14471251047416,0.21895452045448227,3159.1399999999994,938.4885299222587,-7.515350900893157
88,2010,26704,1.7184870466321243,15.6,53362801,11.775523500000002,0.09024390243902439,0.0005004235066296464,0.9249569564386247,1.4068211542405518,205.6,155.113050875,1.3165772518015273,190.0,143.337527375,15.736810406137318,2364.0,1797.1126045,0.014159673044234322,225.59999999999945,94.89292702140756,0.2223164376243485,3166.459999999992,964.1808849738227,-7.522047728663794
88,2011,18935,1.7220560747663551,15.6,53783435,11.775523500000002,0.09024390243902439,0.0003520600720277535,0.9389811007794501,1.4068211542405518,202.8,155.15055275,1.3165772518015273,187.20000000000002,143.37502925,14.615136572890206,2311.1,1689.599476615,0.014159673044234322,203.19999999999982,94.73963533689403,0.21706153709164644,3369.6100000000006,853.2126883839082,-7.888748810815176
88,2012,16282,1.7238461538461538,15.6,54171475,11.775523500000002,0.09024390243902439,0.0003005640883878462,0.9197618488328037,1.6374537507486693,272.4,187.021627125,1.5472098483096448,256.79999999999995,175.24610362500002,14.857650932354044,2436.7,1737.522296,0.01593106153780216,403.0400000000027,124.25754972172763,0.2148405204741759,4471.810000000012,906.298921976595,-8.02620905180963
88,2013,17991,1.7704844720496897,19.6,54594744,11.961700500000001,0.08740157480314961,0.00032953721698923986,0.9195631909181587,1.4959745066823074,280.0,172.765279875,1.4085729318791578,260.4,160.803579375,14.354328297922345,2534.9,1718.40757225,0.013282597314156097,562.0800000000017,123.55867801634895,0.19701873931874037,6234.790000000008,903.2917410404116,-7.9339647463396465
88,2014,42527,1.7724193548387097,19.6,55952365,11.961700500000001,0.08740157480314961,0.0007600572379737658,0.9188134228106355,1.336500897271999,278.6,162.18837200000002,1.2490993224688494,259.0,150.2266715,15.118280555838329,2646.0,1780.1683894999999,0.008314610445459975,560.4400000000005,121.52764223425356,0.24008202652396315,6479.8000000000175,906.4617920671008,-7.097444615189372
88,2015,24749,1.75824,20.6,56412140,11.961700500000001,0.0880952380952381,0.0004387176235469883,0.9279170405519096,1.340641486590197,315.8,164.939078,1.252546248494959,295.2,152.9773775,14.935683305987123,2703.6,1759.7387522499998,0.005231383129623318,900.4000000000015,113.6820290450728,0.2406143318133096,7071.100000000006,991.1149317387244,-7.656841632243507
88,2016,26342,1.76,20.6,56950757,11.961700500000001,0.08740157480314961,0.0004625399448158345,0.9300480413280547,1.2338794098364074,305.8,155.20257425,1.1464778350332578,285.2,143.24087375,15.47894064374681,2870.2999999999997,1819.19732675,0.004983675288167788,893.0000000000018,108.74652762683127,0.2698188737742302,7554.5700000000215,985.3369065165971,-7.606258600744816
89,2006,12256,1.9856666666666667,14.2,51102005,11.899745,0.11029411764705882,0.000239834033909237,0.9152275336359111,1.5866802565603162,257.9,182.41258150000002,1.4763861389132573,243.7,170.51283650000002,14.73762777077412,2156.5,1680.91027625,0.018449544390594985,289.8900000000003,134.6713331820074,0.1638058702102052,3322.8700000000026,893.3549405410231,-8.24698082523473
89,2007,7668,1.9856666666666667,14.2,51713048,11.899745,0.11029411764705882,0.0001482797919782257,0.9201741889203668,1.3882117564075847,220.7,146.14696087500002,1.2779176387605258,206.5,134.24721587500002,14.977829701044659,2196.7000000000003,1726.12296025,0.015657287695440558,256.6899999999996,107.18764920697322,0.16666319737311053,3122.669999999991,936.2685086626516,-8.733217291503323
89,2008,15867,2.097292089249493,14.2,52324877,12.239028000000001,0.1079136690647482,0.00030324008215059923,0.9235641012591391,1.4809020596071454,232.5,161.789365,1.3729883905423972,218.3,149.550337,14.892878429456832,2216.1,1710.4820035,0.0152989895610523,250.84999999999945,130.95912806732622,0.2080033453382284,2916.470000000001,1031.394650834256,-8.021470645332268
89,2009,7397,2.1275,14.2,52877802,12.239028000000001,0.1079136690647482,0.00013988856798548472,0.9291896626111653,1.4047505745722497,210.2,154.844396625,1.2968369055075015,196.0,142.605368625,15.29234281323246,2241.0,1757.343253875,0.013469652917565467,217.63999999999942,108.4345008397745,0.21074276573967765,3092.5,1001.3051257220723,-8.801221992057016
89,2010,7105,2.1739896373056995,13.4,53362801,12.239028000000001,0.10928571428571429,0.0001331451847889319,0.9249569564386247,1.4068211542405518,205.6,155.113050875,1.2975354399548376,192.2,142.874022875,15.736810406137318,2364.0,1797.1126045,0.01377450147545567,237.03999999999996,106.93367044306933,0.21570891742723264,3615.2599999999875,1034.654345563038,-8.846062334034208
89,2011,4584,2.1785046728971964,13.4,53783435,12.239028000000001,0.10928571428571429,8.523070346845642e-05,0.9389811007794501,1.4068211542405518,202.8,155.15055275,1.2975354399548376,189.4,142.91152475,14.615136572890206,2311.1,1689.599476615,0.01377450147545567,202.3199999999997,106.74561418291387,0.21517736687147915,4223.650000000009,912.0432592833531,-9.307188892756495
89,2012,5222,2.5961538461538463,17.4,54171475,12.96648,0.10839160839160839,9.639759670564628e-05,0.9197618488328037,1.6374537507486693,272.4,187.021627125,1.529062142357061,254.99999999999997,174.05514712500002,14.857650932354044,2436.7,1737.522296,0.01778024349774271,432.2000000000007,179.7213529444498,0.21629278628552795,4609.690000000002,1187.6694610465056,-9.163388784684479
89,2013,22388,2.6060869565217395,17.4,54594744,12.96648,0.10839160839160839,0.00041007610549469745,0.9195631909181587,1.4959745066823074,280.0,172.765279875,1.387582898290699,262.6,159.79879987500001,14.354328297922345,2534.9,1718.40757225,0.016236774895064365,491.6799999999985,177.1338507752198,0.20265948585651783,5341.149999999994,1157.0543998848516,-7.715311278165016
89,2014,11397,2.6102903225806453,17.4,55952365,12.96648,0.10839160839160839,0.00020369112190342625,0.9188134228106355,1.336500897271999,278.6,162.18837200000002,1.2281092888803906,261.20000000000005,149.22189200000003,15.118280555838329,2646.0,1780.1683894999999,0.013853795370709354,565.2799999999988,171.31041066680154,0.23009082792106694,5749.400000000009,1136.3017437142407,-8.414233620649911
89,2015,12363,2.7622350000000004,17.4,56412140,12.97982,0.1076388888888889,0.00021915495494409537,0.9279170405519096,1.340641486590197,315.8,164.939078,1.2330025977013082,298.40000000000003,151.959258,14.935683305987123,2703.6,1759.7387522499998,0.010209716415492176,1097.5200000000004,158.72837150792702,0.2306226879464477,6134.139999999999,1216.8835117009003,-8.350918575376749
89,2016,9425,2.765,17.4,56950757,12.97982,0.10689655172413794,0.00016549384936182676,0.9300480413280547,1.2338794098364074,305.8,155.20257425,1.1269828581122694,288.40000000000003,142.22275425,15.47894064374681,2870.2999999999997,1819.19732675,0.009904498946251256,1147.7199999999993,148.22527036838164,0.25341050388016084,7076.490000000005,1217.0008601009686,-8.634057490987596
