data_2.csv
NameID,year,Sales,price,FuelEfficiency,HH,size,hppw,share,share0,hppw_own_sum,FuelEfficiency_own_sum,size_own_sum,iv_BLP_own_hppw,iv_BLP_own_FuelEfficiency,iv_BLP_own_size,iv_BLP_other_hppw,iv_BLP_other_FuelEfficiency,iv_BLP_other_size,iv_GH_own_hppw,iv_GH_own_FuelEfficiency,iv_GH_own_size,iv_GH_other_hppw,iv_GH_other_FuelEfficiency,iv_GH_other_size,logit_share
91,2008,11060,2.2279929006085197,12.8,52324877,15.314084249999999,0.09207317073170732,0.00021137173432820493,0.9235641012591391,1.4809020596071454,232.5,161.789365,1.388828888875438,219.7,146.47528075,14.892878429456832,2216.1,1710.4820035,0.014697074737871907,334.85000000000036,406.8468824834754,0.20464089684633135,3451.550000000003,3220.843404780964,-8.382377129990033
91,2009,10864,2.191222222222222,12.0,52877802,15.314084249999999,0.09146341463414634,0.00020545483339114588,0.9291896626111653,1.4047505745722497,210.2,154.844396625,1.3132871599381033,198.2,139.530312375,15.29234281323246,2241.0,1757.343253875,0.01376940908136573,335.5600000000004,342.3072220398017,0.21533845529430762,4191.620000000003,3072.0066580344937,-8.416841933846406
91,2010,11909,2.207117098445596,12.0,53362801,15.314084249999999,0.09146341463414634,0.00022317044414516397,0.9249569564386247,1.4068211542405518,205.6,155.113050875,1.3153577396064053,193.6,139.798966625,15.736810406137318,2364.0,1797.1126045,0.013830721983921268,314.8800000000001,339.1541377819931,0.21850268232086112,4687.0999999999985,3199.6793776050254,-8.329566678797415
91,2011,9656,2.211700934579439,12.0,53783435,15.314084249999999,0.09146341463414634,0.00017953483261156524,0.9389811007794501,1.4068211542405518,202.8,155.15055275,1.3153577396064053,190.8,139.8364685,14.615136572890206,2311.1,1689.599476615,0.013830721983921268,272.3199999999997,338.7354407716266,0.21376762873421118,5502.970000000008,2891.0124227318374,-8.562181388373704
91,2012,8741,2.214,12.0,54171475,15.314084249999999,0.09146341463414634,0.0001613579840681835,0.9197618488328037,1.6374537507486693,272.4,187.021627125,1.5459903361145229,260.4,171.707542875,14.857650932354044,2436.7,1737.522296,0.0157043748167614,675.2000000000007,430.2725576201865,0.21184149083547776,7112.05000000001,2988.375931782495,-8.648244655363065
91,2013,8490,2.356854037267081,14.8,54594744,15.314084249999999,0.09096385542168675,0.0001555094754176336,0.9195631909181587,1.4959745066823074,280.0,172.765279875,1.4050106512606206,265.2,157.451195625,14.354328297922345,2534.9,1718.40757225,0.01279063877390757,608.1599999999999,428.2300054124098,0.18878783017895628,6132.069999999992,2914.7253383955976,-8.684947378870872
91,2014,5621,2.360540322580645,14.8,55952365,15.314084249999999,0.09096385542168675,0.00010046045417383161,0.9188134228106355,1.336500897271999,278.6,162.18837200000002,1.2455370418503122,263.8,146.87428775,15.118280555838329,2646.0,1780.1683894999999,0.008323443686045484,758.1999999999998,405.6757802367101,0.22894984360088344,6783.1600000000035,2869.559059408639,-9.121074199503573
91,2015,3163,2.3416560000000004,14.8,56412140,15.314084249999999,0.09096385542168675,5.606949142507269e-05,0.9279170405519096,1.340641486590197,315.8,164.939078,1.2496776311685103,301.0,149.62499375,14.935683305987123,2703.6,1759.7387522499998,0.005244588607458883,1483.8799999999992,379.3873228566745,0.2319726147036265,7634.860000000001,2908.310371822052,-9.714105772078026
91,2016,2823,2.344,14.8,56950757,15.314084249999999,0.09096385542168675,4.9569139177552986e-05,0.9300480413280547,1.2338794098364074,305.8,155.20257425,1.1429155544147207,291.0,139.88849,15.47894064374681,2870.2999999999997,1819.19732675,0.005088253885120825,1565.800000000001,348.29391778066383,0.2580233091143991,9025.450000000026,2961.0709165179796,-9.83962307505032
93,2006,26883,1.7914166666666669,14.0,51102005,12.695878375,0.1,0.0005260654645546686,0.9152275336359111,1.5866802565603162,257.9,182.41258150000002,1.486680256560316,243.89999999999998,169.716703125,14.73762777077412,2156.5,1680.91027625,0.014315020260954436,297.170000000001,177.1055878899424,0.14683834507562432,3350.75,1114.9441018044454,-7.461502321662773
93,2007,26146,1.8171111111111113,14.4,51713048,12.864968875000002,0.09863945578231292,0.0005055977361844926,0.9201741889203668,1.3882117564075847,220.7,146.14696087500002,1.2895723006252717,206.29999999999998,133.281992,14.977829701044659,2196.7000000000003,1726.12296025,0.01392486282345795,248.4900000000007,159.70748067220484,0.1480937059125873,3107.709999999992,1213.505780368454,-7.506576901547053
93,2008,21880,1.765980730223124,14.0,52324877,12.695878375,0.1,0.00041815674024422457,0.9235641012591391,1.4809020596071454,232.5,161.789365,1.3809020596071453,218.5,149.093486625,14.892878429456832,2216.1,1710.4820035,0.014057327629882377,259.25,154.00488384493337,0.19691397231032637,2956.9100000000035,1177.2541605760925,-7.700139148530442
93,2009,15204,1.8705555555555557,15.0,52877802,12.864968875000002,0.10134228187919463,0.0002875308621943098,0.9291896626111653,1.4047505745722497,210.2,154.844396625,1.303408292693055,195.2,141.97942775,15.29234281323246,2241.0,1757.343253875,0.012680546523377745,208.35999999999967,134.5782753942617,0.202711092010468,3057.6199999999953,1189.7890787404249,-8.080737953535744
93,2010,25564,1.8623844559585492,13.0,53362801,12.95835625,0.10204081632653061,0.0004790603101962358,0.9249569564386247,1.4068211542405518,205.6,155.113050875,1.3047803379140213,192.6,142.154694625,15.736810406137318,2364.0,1797.1126045,0.012724504789086988,253.6800000000003,137.53193600674103,0.2048899811629754,3859.0999999999985,1276.7563053394697,-7.565675983795237
93,2011,20434,1.8662523364485983,13.0,53783435,12.95835625,0.10204081632653061,0.00037993110704067154,0.9389811007794501,1.4068211542405518,202.8,155.15055275,1.3047803379140213,189.8,142.1921965,14.615136572890206,2311.1,1689.599476615,0.012724504789086988,216.72000000000025,137.28992743035406,0.20341599718003822,4530.770000000004,1127.567776155578,-7.812560691999702
93,2012,15233,1.868192307692308,13.0,54171475,12.95835625,0.10204081632653061,0.00028119965350768096,0.9197618488328037,1.6374537507486693,272.4,187.021627125,1.5354129344221388,259.4,174.063270875,14.857650932354044,2436.7,1737.522296,0.01585948632882017,555.4000000000005,179.17966972690283,0.2045466036090522,5988.650000000009,1184.3088212778748,-8.092805127806852
93,2013,17778,1.860456521739131,13.0,54594744,12.95835625,0.10204081632653061,0.0003256357425176314,0.9195631909181587,1.4959745066823074,280.0,172.765279875,1.3939336903557766,267.0,159.806923625,14.354328297922345,2534.9,1718.40757225,0.013855419778097289,815.5199999999995,176.57114444421404,0.1871931335404664,7851.789999999994,1153.804407419062,-7.945874641374647
93,2014,11544,1.863054435483871,13.0,55952365,12.95835625,0.10204081632653061,0.00020631835669502084,0.9188134228106355,1.336500897271999,278.6,162.18837200000002,1.2344600809454684,265.6,149.23001575,15.118280555838329,2646.0,1780.1683894999999,0.010783285360412509,1010.5599999999995,170.78646291358245,0.21898222918781762,8702.680000000008,1133.212782572773,-8.40141796205194
93,2015,6978,1.8481500000000002,13.0,56412140,12.95835625,0.10204081632653061,0.00012369677874301524,0.9279170405519096,1.340641486590197,315.8,164.939078,1.2386006702636663,302.8,151.98072175,14.935683305987123,2703.6,1759.7387522499998,0.007612699989824556,1870.159999999999,157.45783582148306,0.22177443507961359,9861.820000000007,1208.9151174152212,-8.922864373636957
93,2016,6063,1.85,13.0,56950757,12.95835625,0.10204081632653061,0.00010646039349397936,0.9300480413280547,1.2338794098364074,305.8,155.20257425,1.131838593509877,292.8,142.244218,15.47894064374681,2870.2999999999997,1819.19732675,0.007683658764722601,1966.12,147.09350144769542,0.24647937492415517,11602.330000000016,1208.8012211196983,-9.075218497232077
95,2006,4076,2.261111111111111,13.4,51102005,8.554893000000002,0.1559633027522936,7.976203673417511e-05,0.9152275336359111,1.5866802565603162,257.9,182.41258150000002,1.4307169538080227,244.49999999999997,173.85768850000002,14.73762777077412,2156.5,1680.91027625,0.08024066581487171,327.170000000001,191.85598329209142,0.6173393627024719,3505.4300000000003,2012.322089322497,-9.347880322872486
95,2007,3851,2.261111111111111,13.4,51713048,8.554893000000002,0.1559633027522936,7.446863313877766e-05,0.9201741889203668,1.3882117564075847,220.7,146.14696087500002,1.2322484536552911,207.29999999999998,137.59206787500003,14.977829701044659,2196.7000000000003,1726.12296025,0.05909692020820312,300.6900000000005,127.01924243024041,0.6347363152866379,3303.309999999983,2152.441919978941,-9.42194026185395
95,2008,1871,2.2290060851926983,13.4,52324877,8.554893000000002,0.1559633027522936,3.5757370246661065e-05,0.9235641012591391,1.4809020596071454,232.5,161.789365,1.3249387568548519,219.1,153.234472,14.892878429456832,2216.1,1710.4820035,0.06317326409435658,291.65000000000055,173.95267036585165,0.678687414319274,3150.230000000003,2143.546061262943,-10.15923907879227
95,2009,1947,2.394722222222222,12.6,52877802,8.608428,0.15315315315315314,3.682074379717977e-05,0.9291896626111653,1.4047505745722497,210.2,154.844396625,1.2515974214190966,197.6,146.235968625,15.29234281323246,2241.0,1757.343253875,0.05171666728080809,289.96000000000004,173.14780106282433,0.6223076761524036,3745.9400000000023,2257.032350212019,-10.136006778272684
95,2010,1112,2.4120932642487047,12.6,53362801,8.608428,0.15315315315315314,2.0838486345572453e-05,0.9249569564386247,1.4068211542405518,205.6,155.113050875,1.2536680010873986,193.0,146.504622875,15.736810406137318,2364.0,1797.1126045,0.051522513146723015,274.8000000000002,173.5977229062196,0.6309950524228718,4152.860000000001,2276.399683796837,-10.700700899754882
95,2011,1081,2.417102803738318,12.6,53783435,8.608428,0.15315315315315314,2.009912531618704e-05,0.9389811007794501,1.4068211542405518,202.8,155.15055275,1.2536680010873986,190.20000000000002,146.54212475,14.615136572890206,2311.1,1689.599476615,0.051522513146723015,235.60000000000036,173.68197526081394,0.6137482087473201,4884.610000000008,2130.0020108545905,-10.751874333511863
95,2012,939,2.4196153846153847,12.6,54171475,8.608428,0.15315315315315314,1.7333845903217513e-05,0.9197618488328037,1.6374537507486693,272.4,187.021627125,1.4843005975955161,259.79999999999995,178.413199125,14.857650932354044,2436.7,1737.522296,0.07021183314711865,599.2400000000016,211.40359890849913,0.642262104420591,6402.010000000009,2228.4088514188916,-10.87920905473529
95,2013,758,2.409596273291926,12.6,54594744,8.608428,0.15315315315315314,1.3884120420090257e-05,0.9195631909181587,1.4959745066823074,280.0,172.765279875,1.3428213535291542,267.4,164.156851875,14.354328297922345,2534.9,1718.40757225,0.0696268760256189,875.6799999999994,178.58086240737066,0.6502735061507412,8364.189999999995,2219.2370120393934,-11.100908272533893
95,2014,592,2.3474485887096774,12.6,55952365,8.608428,0.15315315315315314,1.0580428548462608e-05,0.9188134228106355,1.336500897271999,278.6,162.18837200000002,1.1833477441188458,266.0,153.579944,15.118280555838329,2646.0,1780.1683894999999,0.06981331916203964,1079.8399999999992,174.59256422124963,0.6561420720426447,9263.000000000015,2360.6997783079096,-11.37183242762164
95,2015,8547,2.4925050000000004,17.2,56412140,8.388768375000001,0.13232323232323231,0.0001515099409453355,0.9279170405519096,1.340641486590197,315.8,164.939078,1.2083182542669646,298.6,156.55030962499998,14.935683305987123,2703.6,1759.7387522499998,0.03287361782935305,1120.039999999999,201.6516299187324,0.38176372732832675,6177.579999999987,2659.342570436591,-8.720046372217658
95,2016,6155,2.495,17.2,56950757,8.388768375000001,0.13232323232323231,0.00010807582417210011,0.9300480413280547,1.2338794098364074,305.8,155.20257425,1.101556177513175,288.6,146.81380587499999,15.47894064374681,2870.2999999999997,1819.19732675,0.03231349423022789,1173.1599999999999,199.85123843567453,0.4090519258616867,7152.010000000009,2714.8932270784717,-9.060158464685253
96,2006,60086,1.2415555555555557,19.2,51102005,10.08882,0.0834862385321101,0.0011758051371956932,0.9152275336359111,1.5866802565603162,257.9,182.41258150000002,1.5031940180282062,238.7,172.32376150000002,14.73762777077412,2156.5,1680.91027625,0.015208323238335819,549.8899999999994,118.40842625315781,0.18513858388142834,6473.87000000001,1088.0527978285827,-6.657219568919239
96,2007,65507,1.2333333333333334,21.0,51713048,9.712985625,0.09191919191919191,0.0012667402625349022,0.9201741889203668,1.3882117564075847,220.7,146.14696087500002,1.2962925644883927,199.7,136.43397525000003,14.977829701044659,2196.7000000000003,1726.12296025,0.014654699909998375,606.210000000001,84.69834445934475,0.15603237780141122,9390.909999999989,1348.9616017727094,-6.588116109526723
96,2008,64990,1.2107555780933064,21.0,52324877,9.712985625,0.09191919191919191,0.0012420478312830051,0.9235641012591391,1.4809020596071454,232.5,161.789365,1.3889828676879534,211.5,152.07637937500002,14.892878429456832,2216.1,1710.4820035,0.014728165936358395,679.25,116.5569621960999,0.20497763349040587,8681.509999999995,1355.1372008669423,-6.611478714177965
96,2009,55603,1.2230555555555556,21.0,52877802,9.712985625,0.09191919191919191,0.0010515376565765726,0.9291896626111653,1.4047505745722497,210.2,154.844396625,1.3128313826530578,189.2,145.131411,15.29234281323246,2241.0,1757.343253875,0.013659045046828688,709.960000000001,114.39748278530533,0.2141030575495031,8997.619999999995,1450.8912508735739,-6.784059348027294
96,2010,65949,1.2319274611398965,21.0,53362801,9.712985625,0.09191919191919191,0.0012358609136728037,0.9249569564386247,1.4068211542405518,205.6,155.113050875,1.3149019623213598,184.6,145.40006525,15.736810406137318,2364.0,1797.1126045,0.013718470503024854,772.079999999999,114.25391642804743,0.21719645461664427,8467.100000000006,1463.3517339911996,-6.617979379537183
96,2011,61736,1.1919532710280376,18.2,53783435,9.7504875,0.09191919191919191,0.0011478627201851276,0.9389811007794501,1.4068211542405518,202.8,155.15055275,1.3149019623213598,184.60000000000002,145.40006525,14.615136572890206,2311.1,1689.599476615,0.013718470503024854,378.9599999999991,112.83728385464838,0.2126480516734479,4182.37000000001,1331.9339269731645,-6.7068936430136326
96,2012,57820,1.1931923076923079,18.2,54171475,9.7504875,0.09191919191919191,0.001067351405882893,0.9197618488328037,1.6374537507486693,272.4,187.021627125,1.5455345588294773,254.2,177.27113962500002,14.857650932354044,2436.7,1737.522296,0.01563263401812437,480.52000000000044,140.66250254139914,0.2108351752081905,4982.970000000001,1404.7472406724992,-6.7589345183732155
96,2013,43573,1.1882515527950313,18.2,54594744,9.7504875,0.09191919191919191,0.0007981171227765076,0.9195631909181587,1.4959745066823074,280.0,172.765279875,1.4040553147631154,261.8,163.014792375,14.354328297922345,2534.9,1718.40757225,0.012727758281161072,499.35999999999876,119.43598580812113,0.18721920052376007,5500.349999999991,1397.301757277186,-7.049398686718607
96,2014,48564,1.1571078629032259,18.2,55952365,9.7504875,0.09191919191919191,0.0008679525878843549,0.9188134228106355,1.336500897271999,278.6,162.18837200000002,1.244581705352807,260.40000000000003,152.43788450000002,15.118280555838329,2646.0,1780.1683894999999,0.008390550262316387,546.7199999999975,118.63963000406511,0.22662041039660874,5844.760000000009,1481.563362835339,-6.964701267841781
96,2015,72771,1.1808180000000001,18.2,56412140,9.7504875,0.09191919191919191,0.001289988289754652,0.9279170405519096,1.340641486590197,315.8,164.939078,1.248722294671005,297.6,155.1885905,14.935683305987123,2703.6,1759.7387522499998,0.0053037838715361,1019.4399999999987,122.9588105476405,0.22964263543380614,6080.37999999999,1571.888488290082,-6.578309192210344
96,2016,57320,1.35,24.6,56950757,10.32255,0.08932038834951456,0.0010064835485856668,0.9300480413280547,1.2338794098364074,305.8,155.20257425,1.1445590214868928,281.2,144.88002425,15.47894064374681,2870.2999999999997,1819.19732675,0.004995857191543551,977.7999999999993,106.1659171043766,0.262976428802848,12616.170000000042,1287.4910678724118,-6.8287736213617
