data_2.csv
NameID,year,Sales,price,FuelEfficiency,HH,size,hppw,share,share0,hppw_own_sum,FuelEfficiency_own_sum,size_own_sum,iv_BLP_own_hppw,iv_BLP_own_FuelEfficiency,iv_BLP_own_size,iv_BLP_other_hppw,iv_BLP_other_FuelEfficiency,iv_BLP_other_size,iv_GH_own_hppw,iv_GH_own_FuelEfficiency,iv_GH_own_size,iv_GH_other_hppw,iv_GH_other_FuelEfficiency,iv_GH_other_size,logit_share
97,2006,12864,1.6033333333333335,18.4,51102005,10.30856625,0.10272727272727272,0.00025173180582640543,0.9152275336359111,1.5866802565603162,257.9,182.41258150000002,1.4839529838330434,239.49999999999997,172.10401525,14.73762777077412,2156.5,1680.91027625,0.015059574233435347,451.1700000000001,114.43770012833329,0.14827938368131877,5472.429999999993,1012.6782107031613,-8.198563725796355
97,2007,13850,1.6033333333333335,18.4,51713048,10.30856625,0.10272727272727272,0.0002678240895798677,0.9201741889203668,1.3882117564075847,220.7,146.14696087500002,1.2854844836803119,202.29999999999998,135.838394625,14.977829701044659,2196.7000000000003,1726.12296025,0.014099456290723733,319.6899999999996,77.55602516833324,0.1499361528791261,5345.309999999998,1093.4625240441674,-8.141987884053373
97,2008,11912,1.5805679513184585,18.4,52324877,10.30856625,0.10272727272727272,0.00022765462019146265,0.9235641012591391,1.4809020596071454,232.5,161.789365,1.3781747868798726,214.1,151.48079875,14.892878429456832,2216.1,1710.4820035,0.014273068461777283,351.64999999999964,102.7064656337302,0.198613974265355,4839.229999999996,1106.3445763527416,-8.308165830702514
97,2009,10163,1.6033333333333335,18.4,52877802,10.30856625,0.10272727272727272,0.00019219785270197122,0.9291896626111653,1.4047505745722497,210.2,154.844396625,1.302023301844977,191.79999999999998,144.535830375,15.29234281323246,2241.0,1757.343253875,0.012746295661166362,368.83999999999924,96.89511505452901,0.20331202108267066,5079.940000000002,1170.128217544494,-8.483542830507117
97,2010,10610,1.6046113989637305,16.4,53362801,10.30856625,0.10272727272727272,0.0001988276439986724,0.9249569564386247,1.4068211542405518,205.6,155.113050875,1.304093881513279,189.2,144.804484625,15.736810406137318,2364.0,1797.1126045,0.012760963132613323,255.03999999999996,96.43153816502354,0.20521275370405867,3377.659999999989,1182.9147847766799,-8.445064142957381
97,2011,7575,1.6079439252336452,16.4,53783435,10.30856625,0.10272727272727272,0.0001408426218965003,0.9389811007794501,1.4068211542405518,202.8,155.15055275,1.304093881513279,186.4,144.8419865,14.615136572890206,2311.1,1689.599476615,0.012760963132613323,237.11999999999898,96.38827377534972,0.20387308643188895,3409.4500000000116,1080.476419028746,-8.8049075207735
97,2012,6217,1.609615384615385,16.4,54171475,10.30856625,0.10272727272727272,0.0001147651969971281,0.9197618488328037,1.6374537507486693,272.4,187.021627125,1.5347264780213965,255.99999999999997,176.713060875,14.857650932354044,2436.7,1737.522296,0.016000999324357112,402.4000000000033,122.22394869433492,0.20523299925384642,4413.090000000026,1144.5784450223,-8.988981779674216
97,2013,4227,1.6132919254658387,16.4,54594744,10.30856625,0.10272727272727272,7.742503564079355e-05,0.9195631909181587,1.4959745066823074,280.0,172.765279875,1.3932472339550346,263.6,162.456713625,14.354328297922345,2534.9,1718.40757225,0.01405060707355843,510.8799999999992,105.71522922376698,0.188289418542551,5408.549999999988,1136.0789406150143,-9.382343857609476
97,2014,2374,1.6163256048387098,16.4,55952365,10.30856625,0.10272727272727272,4.242894826697674e-05,0.9188134228106355,1.336500897271999,278.6,162.18837200000002,1.2337736245447262,262.20000000000005,151.87980575,15.118280555838329,2646.0,1780.1683894999999,0.011056851650333432,615.4799999999996,105.52983682821741,0.2195919318168813,5903.8000000000175,1196.1838733653858,-9.983007487336033
97,2015,998,1.6033950000000001,16.4,56412140,10.30856625,0.10272727272727272,1.7691227455650503e-05,0.9279170405519096,1.340641486590197,315.8,164.939078,1.2379142138629242,299.40000000000003,154.63051174999998,14.935683305987123,2703.6,1759.7387522499998,0.007880581611664772,1222.119999999999,106.77879623959825,0.2223536990797168,6471.340000000011,1286.922628373024,-10.867628719072211
98,2006,5157,2.59,12.2,51102005,10.838423749999999,0.08854961832061069,0.00010091580555400908,0.9152275336359111,0.706208944774027,62.4,74.5967555,0.6176593264534163,50.2,63.75833175,15.61809908256041,2352.0,1788.72610225,0.010056609759245244,38.73999999999978,23.186717132498188,0.16870662998689223,4519.620000000003,978.1450683960793,-9.112641423164144
98,2007,3578,2.59,12.2,51713048,10.838423749999999,0.08854961832061069,6.91895012647485e-05,0.9201741889203668,0.7184688223033716,62.1,75.143672,0.6299192039827609,49.900000000000006,64.30524824999999,15.647572635148872,2355.3,1797.1262491250002,0.009995507625936886,39.72999999999956,23.859362352475728,0.17064774767412505,4297.229999999996,1011.8937242926622,-9.495469131600194
98,2008,3016,2.6038843813387427,12.2,52324877,10.838423749999999,0.08854961832061069,5.763988704646167e-05,0.9235641012591391,0.5621469832229118,53.6,61.78878825,0.4735973649023011,41.400000000000006,50.950364500000006,15.811633505841067,2395.0,1810.4825802500002,0.005402433719215172,26.039999999999736,17.61392759272553,0.22431169776939663,4223.679999999993,1056.1701180213931,-9.681780675938512
98,2009,2079,2.7647222222222223,13.0,52877802,10.936954874999998,0.08854961832061069,3.931706541054789e-05,0.9291896626111653,0.560683988386423,58.0,62.319232125,0.47213437006581227,45.0,51.38227725,16.136409399418287,2393.2,1849.868418375,0.005304089888071364,25.800000000000182,18.145338131325616,0.23403709504711134,3748.979999999996,1061.8577295747891,-10.07040949578687
98,2010,2322,2.7847772020725388,13.0,53362801,10.936954874999998,0.08854961832061069,4.351345799857845e-05,0.9249569564386247,0.5598607221671836,58.4,62.319232125,0.47131110384657293,45.4,51.38227725,16.583770838210686,2511.2,1889.90642325,0.005247237293996704,24.52000000000021,18.145338131325616,0.23782364488524044,4088.2599999999948,1077.2636414837616,-9.964432212307573
98,2013,12440,2.937018633540373,15.9,54594744,10.957947,0.08531468531468532,0.00022786076256718047,0.9195631909181587,0.3975702634079916,61.8,48.01632525,0.3122555780933063,45.9,37.058378250000004,15.45273254119666,2753.1,1843.156526875,0.001856195575642268,2.4200000000003,7.233024017360663,0.21548868305387447,6083.309999999998,1043.2292048001473,-8.302919291883095
98,2014,9461,2.9406048387096773,15.9,55952365,10.957947,0.08531468531468532,0.00016909026097467015,0.9188134228106355,0.7164934505131452,113.5,86.91860575,0.6311787651984598,97.6,75.96065875,15.738288002597184,2811.1,1855.4381557499999,0.006372383497493292,4.640000000000327,23.054705163447352,0.2505094365005047,6742.190000000017,1062.281566065656,-8.600405697801204
98,2015,6752,2.9770200000000004,17.6,56412140,10.957947,0.08531468531468532,0.00011969054887830881,0.9279170405519096,0.5507973010020226,107.6,74.78387125,0.4654826156873373,90.0,63.82592425,15.725527491575297,2911.8,1849.893959,0.0006794768143035673,13.299999999999727,21.351514252908828,0.2561216500693617,7165.599999999991,1151.313058015512,-8.955787959107882
98,2016,6973,2.98,17.6,56950757,10.98349,0.08531468531468532,0.0001224391099840868,0.9300480413280547,0.5984846551884863,101.1,77.36246700000001,0.5131699698738009,83.5,66.378977,16.114335398394733,3075.0,1897.037434,0.00218033330597546,35.78999999999951,32.5153199942215,0.2814635153754339,8100.979999999996,1131.0823029630847,-8.935377676082798
99,2006,7189,3.0761388888888894,12.8,51102005,12.198963,0.08405797101449275,0.00014067941169822984,0.9152275336359111,0.706208944774027,62.4,74.5967555,0.6221509737595342,49.599999999999994,62.3977925,15.61809908256041,2352.0,1788.72610225,0.011748938286031366,53.86000000000013,8.26270291652122,0.18573712155787092,4082.220000000001,1094.4606828127799,-8.78044435823123
99,2007,6469,3.073055555555556,12.8,51713048,12.198963,0.08405797101449275,0.00012509415418715988,0.9201741889203668,0.7184688223033716,62.1,75.143672,0.6344108512888789,49.3,62.944708999999996,15.647572635148872,2355.3,1797.1262491250002,0.011797970244479039,55.210000000000036,7.447145407053313,0.18794300885127502,3855.8699999999953,1105.351879650967,-8.903251579624873
99,2008,5033,3.0496855983772826,12.8,52324877,12.198963,0.08405797101449275,9.61875170772021e-05,0.9235641012591391,0.5621469832229118,53.6,61.78878825,0.47808901220841904,40.8,49.589825250000004,15.811633505841067,2395.0,1810.4825802500002,0.006575903616623552,36.72000000000003,6.198128798622747,0.2423054736686625,3749.6800000000076,1144.6279168073816,-9.169695898289998
99,2009,3435,3.073055555555556,13.8,52877802,12.213247500000001,0.08405797101449275,6.496109652969312e-05,0.9291896626111653,0.560683988386423,58.0,62.319232125,0.4766260173719302,44.2,50.105984625,16.136409399418287,2393.2,1849.868418375,0.006464417271847392,40.200000000000045,6.80234821007457,0.2541731360676813,3371.7000000000116,1096.8865323036007,-9.568279578988433
99,2010,3665,3.0953471502590673,13.8,53362801,12.213247500000001,0.08405797101449275,6.868080256881569e-05,0.9249569564386247,0.5598607221671836,58.4,62.319232125,0.4758027511526909,44.599999999999994,50.105984625,16.583770838210686,2511.2,1889.90642325,0.006400169034780995,38.28000000000043,6.80234821007457,0.25887729585402575,3607.9400000000023,1128.2777537631118,-9.508032760244658
99,2011,3062,3.1017757009345797,13.8,53783435,12.213247500000001,0.08405797101449275,5.693202749136421e-05,0.9389811007794501,0.4980028331698812,49.0,50.40307899,0.41394486215538845,35.2,38.189831489999996,15.523954893960877,2464.9,1794.346950375,0.011246209337273091,19.959999999999923,2.2417609632663016,0.2456813545560239,4135.690000000002,1010.8015666026549,-9.710692574933441
99,2012,6671,3.105,13.8,54171475,12.213247500000001,0.08405797101449275,0.00012314599150198513,0.9197618488328037,0.3231456903127384,37.8,37.245408749999996,0.23908771929824563,23.999999999999996,25.032161249999994,16.171958992789975,2671.2999999999997,1887.298514375,0.0030017197299619935,18.000000000000114,1.3498266514371835,0.2517823892317126,5771.970000000016,1097.9454697680194,-8.918499481234036
99,2013,5955,3.092142857142858,16.0,54594744,11.998948500000001,0.08413793103448276,0.0001090764341710257,0.9195631909181587,0.3975702634079916,61.8,48.01632525,0.31343233237350887,45.8,36.01737675,15.45273254119666,2753.1,1843.156526875,0.001994264227613861,2.8200000000001637,2.8555414012580513,0.21995216671836593,6043.090000000011,1029.4778105117293,-9.039605176386864
99,2014,4495,3.011098790322581,16.0,55952365,11.998948500000001,0.08413793103448276,8.03361931171274e-05,0.9188134228106355,0.7164934505131452,113.5,86.91860575,0.6323555194786624,97.5,74.91965725,15.738288002597184,2811.1,1855.4381557499999,0.006662828325687334,4.269999999999982,9.377045792032504,0.25564497738787395,6690.37000000001,1022.9597836146131,-9.344618115599927
102,2006,8042,4.20875,11.4,51102005,11.179908750000001,0.09662162162162162,0.00015737151604912567,0.9152275336359111,0.706208944774027,62.4,74.5967555,0.6095873231524054,51.0,63.41684675,15.61809908256041,2352.0,1788.72610225,0.00762378505280234,25.299999999999955,17.352952671238427,0.15422569003749675,5280.9000000000015,952.0087158706301,-8.668318629757882
102,2007,12268,4.625,11.2,51713048,11.72682525,0.12348993288590604,0.00023723219718164746,0.9201741889203668,0.7184688223033716,62.1,75.143672,0.5949788894174656,50.900000000000006,63.41684675,15.647572635148872,2355.3,1797.1262491250002,0.004240826029301148,23.529999999999973,10.625866868700768,0.25517337805422624,5287.229999999996,1006.2275819248971,-8.263278870434716
102,2008,14427,4.326298174442192,11.2,52324877,11.72682525,0.12348993288590604,0.00027571971167748757,0.9235641012591391,0.5621469832229118,53.6,61.78878825,0.43865705033700575,42.400000000000006,50.061963000000006,15.811633505841067,2395.0,1810.4825802500002,0.0031628919649332177,16.23999999999978,8.062428561128172,0.304781379909254,5269.679999999993,1046.819407501207,-8.116610675120587
102,2009,9384,4.3886111111111115,11.2,52877802,11.72682525,0.12348993288590604,0.00017746577287762453,0.9291896626111653,0.560683988386423,58.0,62.319232125,0.43719405550051693,46.8,50.592406875,16.136409399418287,2393.2,1849.868418375,0.003166783133378051,16.800000000000182,9.204350166010727,0.2992199620367839,5351.340000000004,1021.6784164362034,-8.563290393311572
102,2010,9206,4.130580310880829,11.6,53362801,11.72682525,0.12266666666666666,0.00017251718102278776,0.9249569564386247,0.5598607221671836,58.4,62.319232125,0.437194055500517,46.8,50.592406875,16.583770838210686,2511.2,1889.90642325,0.0030760276754518423,15.840000000000146,9.204350166010727,0.29524759604451667,5437.020000000004,1045.4404545204525,-8.587005650188223
102,2011,11710,4.139158878504673,13.2,53783435,11.752401749999999,0.104,0.00021772503002086052,0.9389811007794501,0.4980028331698812,49.0,50.40307899,0.3940028331698812,35.8,38.65067724,15.523954893960877,2464.9,1794.346950375,0.00638486550510288,13.960000000000036,4.519980030765055,0.2115632090184385,4566.369999999995,941.6989527691112,-8.369317694559308
102,2012,15479,4.143461538461539,14.4,54171475,11.752401749999999,0.104,0.0002857407888561277,0.9197618488328037,0.3231456903127384,37.8,37.245408749999996,0.2191456903127384,23.4,25.493007,16.171958992789975,2671.2999999999997,1887.298514375,0.0013641308112253211,23.40000000000009,2.5452005017781403,0.2218212707223861,5341.290000000023,1026.1597815621644,-8.076784988369674
102,2013,12238,4.126304347826087,14.4,54594744,11.752401749999999,0.104,0.0002241607726926973,0.9195631909181587,0.3975702634079916,61.8,48.01632525,0.29357026340799164,47.4,36.263923500000004,15.45273254119666,2753.1,1843.156526875,0.001148362491663578,6.020000000000209,3.108806426922115,0.20399505763834513,7070.610000000015,1001.3953994365002,-8.31929051415378
102,2014,15867,4.219566532258065,17.3,55952365,12.266460500000003,0.10469798657718121,0.00028358050638252735,0.9188134228106355,0.7164934505131452,113.5,86.91860575,0.611795463935964,96.2,74.65214524999999,15.738288002597184,2811.1,1855.4381557499999,0.004377876730493169,12.199999999999818,8.31252231610074,0.2296811391554665,6307.9100000000035,1068.861934557899,-8.083342302771557
102,2015,21031,4.2657300000000005,17.3,56412140,12.266460500000003,0.10469798657718121,0.00037280982426832237,0.9279170405519096,0.5507973010020226,107.6,74.78387125,0.4460993144248414,90.3,62.51741075,15.725527491575297,2911.8,1849.893959,0.0014253739523509001,15.039999999999964,7.976808486642312,0.23210496152015248,7247.9499999999825,1142.013288352573,-7.819629176699997
102,2016,17760,4.36,17.3,56950757,12.266460500000003,0.10469798657718121,0.0003118483569937446,0.9300480413280547,0.5984846551884863,101.1,77.36246700000001,0.49378666861130505,83.8,65.0960065,16.114335398394733,3075.0,1897.037434,0.0010775537388076628,33.629999999999654,12.981797765535703,0.2571063566958691,8239.37000000001,1125.5232732552176,-8.000474486757646
