data_2.csv
NameID,year,Sales,price,FuelEfficiency,HH,size,hppw,share,share0,hppw_own_sum,FuelEfficiency_own_sum,size_own_sum,iv_BLP_own_hppw,iv_BLP_own_FuelEfficiency,iv_BLP_own_size,iv_BLP_other_hppw,iv_BLP_other_FuelEfficiency,iv_BLP_other_size,iv_GH_own_hppw,iv_GH_own_FuelEfficiency,iv_GH_own_size,iv_GH_other_hppw,iv_GH_other_FuelEfficiency,iv_GH_other_size,logit_share
103,2006,9639,6.906666666666667,9.1,51102005,13.108095,0.1375,0.0001886227360355039,0.9152275336359111,0.706208944774027,62.4,74.5967555,0.568708944774027,53.3,61.4886605,15.61809908256041,2352.0,1788.72610225,0.007309505546715445,29.440000000000055,10.670845396005006,0.39905200773978144,8603.249999999993,1500.269949562593,-8.487179069431134
103,2007,8591,6.577777777777778,9.0,51713048,13.108095,0.12289156626506025,0.0001661282854570862,0.9201741889203668,0.7184688223033716,62.1,75.143672,0.5955772560383114,53.1,62.035576999999996,15.647572635148872,2355.3,1797.1262491250002,0.004216082761555301,30.12999999999988,8.860849303581062,0.25045854042983695,8584.589999999997,1495.8874617432448,-8.619557973030801
103,2008,4657,6.5856997971602445,9.0,52324877,12.931555000000001,0.12289156626506025,8.900164256477851e-05,0.9235641012591391,0.5621469832229118,53.6,61.78878825,0.43925541695785153,44.6,48.85723325,15.811633505841067,2395.0,1810.4825802500002,0.003098499621043291,29.87999999999988,7.718267088614766,0.3001154529173973,8697.279999999999,1437.604438771319,-9.247340662083982
103,2009,7428,6.516111111111112,11.4,52877802,13.279759499999999,0.12142857142857143,0.00014047482533407875,0.9291896626111653,0.560683988386423,58.0,62.319232125,0.43925541695785153,46.6,49.039472625,16.136409399418287,2393.2,1849.868418375,0.0029540000352773627,16.200000000000045,9.816919833798465,0.28446255086616246,5121.780000000006,1528.4370580027025,-8.797039861172287
103,2010,10850,6.563378238341969,11.4,53362801,13.279759499999999,0.12142857142857143,0.00020332515903728518,0.9249569564386247,0.5598607221671836,58.4,62.319232125,0.4384321507386122,47.0,49.039472625,16.583770838210686,2511.2,1889.90642325,0.002951283704038174,16.200000000000045,9.816919833798465,0.28644700138539214,5682.5,1583.1806456780541,-8.422696015596804
103,2011,8411,7.572897196261684,9.6,53783435,13.279759499999999,0.13508771929824562,0.00015638644128996223,0.9389811007794501,0.4980028331698812,49.0,50.40307899,0.36291511387163555,39.4,37.12331949,15.523954893960877,2464.9,1794.346950375,0.005152088551276662,38.44000000000017,3.4851753300365544,0.4058544419457242,9509.169999999998,1424.8377266530733,-8.700220499188633
103,2012,7898,7.580769230769231,9.6,54171475,13.279759499999999,0.13508771929824562,0.00014579628854484764,0.9197618488328037,0.3231456903127384,37.8,37.245408749999996,0.18805797101449276,28.199999999999996,23.96564925,16.171958992789975,2671.2999999999997,1887.298514375,0.003570481501069693,40.68000000000018,3.4702695426291257,0.435284099834262,12092.970000000008,1531.2224960215754,-8.749659692096957
103,2013,9423,6.1532608695652184,15.5,54594744,13.307028,0.12411764705882353,0.00017259903261017214,0.9195631909181587,0.3975702634079916,61.8,48.01632525,0.27345261634916807,46.3,34.70929725,15.45273254119666,2753.1,1843.156526875,0.0035087672566873757,1.6200000000001182,9.646116300070275,0.31652026874895167,6276.190000000017,1503.8439282600375,-8.58068286996951
103,2014,8938,6.03226814516129,15.5,55952365,13.307028,0.12411764705882353,0.00015974302426716012,0.9188134228106355,0.7164934505131452,113.5,86.91860575,0.5923758034543216,98.0,73.61157775,15.738288002597184,2811.1,1855.4381557499999,0.007654411064643291,7.519999999999982,13.699756701640808,0.3293802269064732,6981.470000000016,1465.1952074469227,-8.65727193301225
103,2015,6097,5.9840100000000005,18.6,56412140,13.171242000000001,0.09672131147540984,0.0001080795729429871,0.9279170405519096,0.5507973010020226,107.6,74.78387125,0.45407598952661277,89.0,61.612629250000005,15.725527491575297,2911.8,1849.893959,0.0005724983876480988,15.300000000000182,10.74405782290114,0.22752145706170568,7097.799999999988,1453.9880835187505,-9.05782986947586
103,2016,7900,6.75,14.7,56950757,13.2703275,0.11017964071856287,0.00013871632996906432,0.9300480413280547,0.5984846551884863,101.1,77.36246700000001,0.48830501446992336,86.39999999999999,64.0921395,16.114335398394733,3075.0,1897.037434,0.0015834909748088655,60.15000000000009,11.47177500093403,0.2724351581470468,10667.770000000004,1495.3695354896045,-8.810560464848695
106,2006,8078,10.144166666666667,8.4,51102005,14.093021250000003,0.1431578947368421,0.00015807598938632643,0.9152275336359111,0.706208944774027,62.4,74.5967555,0.5630510500371848,54.0,60.503734249999994,15.61809908256041,2352.0,1788.72610225,0.008845790756128485,43.299999999999955,24.47280062600089,0.47480220579446364,9948.300000000003,2236.527219634503,-8.663852121091743
106,2007,5039,10.236666666666668,8.4,51713048,14.093021250000003,0.1431578947368421,9.744155865653094e-05,0.9201741889203668,0.7184688223033716,62.1,75.143672,0.5753109275665296,53.7,61.05065074999999,15.647572635148872,2355.3,1797.1262491250002,0.007445707060916906,42.00999999999976,21.585459698760587,0.4735243236682578,9750.98999999999,2215.597681493069,-9.15306546698826
106,2008,3035,10.23316430020284,8.4,52324877,14.093021250000003,0.1431578947368421,5.800300304575967e-05,0.9235641012591391,0.5621469832229118,53.6,61.78878825,0.4189890884860697,45.2,47.695767000000004,15.811633505841067,2395.0,1810.4825802500002,0.007272417630235062,41.99999999999977,21.127748901704308,0.5219232589325946,9900.879999999997,2254.0769300129905,-9.67550070157276
106,2009,2152,10.791666666666668,8.6,52877802,14.162445,0.1431578947368421,4.069760690884996e-05,0.9291896626111653,0.560683988386423,58.0,62.319232125,0.4175260936495809,49.4,48.156787125,16.136409399418287,2393.2,1849.868418375,0.007333857051944281,61.000000000000114,20.91453469897897,0.5088309005914828,9507.700000000004,2162.6095944173576,-10.035898862363208
106,2010,1985,10.869948186528497,8.6,53362801,14.162445,0.1431578947368421,3.7198197298526365e-05,0.9249569564386247,0.5598607221671836,58.4,62.319232125,0.41670282743034154,49.8,48.156787125,16.583770838210686,2511.2,1889.90642325,0.007366918756398333,63.24000000000001,20.91453469897897,0.51437076789757,10505.220000000008,2243.562593389266,-10.121242181444119
106,2014,6706,10.976915322580647,15.4,55952365,14.54336,0.15223880597014924,0.00011985194906417271,0.9188134228106355,0.7164934505131452,113.5,86.91860575,0.5642546445429959,98.1,72.37524575,15.738288002597184,2811.1,1855.4381557499999,0.021757404825621246,8.58999999999969,39.8055306111346,0.6876566281676713,7049.290000000008,2386.492218988067,-8.944581135479474
106,2015,5844,9.970020000000002,20.7,56412140,14.54336,0.09807692307692308,0.00010359472269621397,0.9279170405519096,0.5507973010020226,107.6,74.78387125,0.45272037792509956,86.89999999999999,60.240511250000004,15.725527491575297,2911.8,1849.893959,0.0006635884452876883,58.5600000000004,33.68569172150205,0.22687329077415352,7990.50999999998,2423.8474635071543,-9.100211222513085
106,2016,4115,9.98,20.7,56950757,14.54336,0.09807692307692308,7.225540478768351e-05,0.9300480413280547,0.5984846551884863,101.1,77.36246700000001,0.5004077321115632,80.39999999999999,62.81910700000001,16.114335398394733,3075.0,1897.037434,0.0009472502322002002,121.35000000000036,26.948274252641113,0.25165298741846165,8388.970000000001,2436.8486066644327,-9.462784390192638
113,2006,41988,1.0411388888888888,19.4,51102005,7.761818750000001,0.0625,0.0008216507356218215,0.9152275336359111,2.5453950632826707,310.9,295.79970525,2.4828950632826707,291.5,288.0378865,13.778912964051765,2103.5,1567.5231525,0.06952459496078972,1404.17,643.2290143580276,0.3104831224258715,5927.630000000005,2381.2957650488606,-7.015612575059413
113,2007,39152,1.0575833333333333,19.4,51713048,7.761818750000001,0.06097560975609756,0.0007571009931574715,0.9201741889203668,2.7502627461436537,357.2,330.201509875,2.689287136387556,337.8,322.439691125,13.61577871130859,2060.2000000000003,1542.06841125,0.0773016650278161,1545.0200000000004,734.298322856007,0.32559968816851725,5522.1799999999785,2379.7009174971317,-7.102821609986406
113,2008,29376,1.0638438133874242,19.6,52324877,7.761818750000001,0.06172839506172839,0.0005614155576514781,0.9235641012591391,2.8571570957147023,362.6,321.905370125,2.795428700652974,343.0,314.143551375,13.516623393349276,2086.0,1550.3659983750001,0.11426794793612438,1504.1600000000017,642.2661487472596,0.32872020333893137,5334.079999999987,2509.772956577177,-7.405534111646142
113,2009,19770,1.0791666666666666,20.0,52877802,7.761818750000001,0.06172839506172839,0.000373880896183998,0.9291896626111653,3.052069881931056,391.9,348.35487125000003,2.990341486869328,371.9,340.59305250000006,13.645023505873654,2059.2999999999997,1563.83277925,0.12181203786902034,1690.0499999999993,703.07797313626,0.3441158215839808,6113.930000000008,2664.226097763534,-7.81813086748022
113,2010,12961,1.0890652849740932,18.4,53362801,7.761818750000001,0.06172839506172839,0.00024288455173108323,0.9249569564386247,3.0384629852141445,414.5,342.6139525,2.9767345901524163,396.1,334.85213375,14.105168575163725,2155.1,1609.611702875,0.12149334519958455,949.2099999999991,656.1321131376817,0.3559950509465504,4237.0899999999965,2743.3454944544355,-8.244916247142035
113,2011,7974,1.0913271028037383,18.4,53783435,7.761818750000001,0.06172839506172839,0.0001482612629706526,0.9389811007794501,2.934003266798544,410.0,329.808084625,2.8722748717368156,391.6,322.046265875,13.087954460332213,2103.9,1514.94194474,0.13267164020013933,854.9799999999996,629.7639933621249,0.31892733018481145,3871.989999999976,2580.0124986164483,-8.75357462320977
113,2012,7279,1.0924615384615386,18.4,54171475,7.761818750000001,0.06172839506172839,0.000134369610574569,0.9197618488328037,2.726410130768168,385.8,312.21302575,2.6646817357064396,367.40000000000003,304.451207,13.768694552334546,2323.2999999999997,1612.330897375,0.12882265997123898,780.4199999999983,613.0553166103409,0.31897576312324416,4821.87000000001,2770.9437204183632,-8.831275764825294
113,2013,3288,1.087937888198758,18.4,54594744,7.761818750000001,0.06172839506172839,6.022557775891393e-05,0.9195631909181587,2.731245522382343,403.2,312.559974375,2.669517127320615,384.8,304.79815562500005,13.11905728222231,2411.7000000000003,1578.6128777499998,0.12984715388117846,893.1799999999985,616.5171358922698,0.26641248299636033,5181.049999999988,2710.560417443783,-9.633556902000194
115,2007,3950,0.9990000000000001,15.8,51713048,9.46441125,0.05393258426966292,7.638304359859044e-05,0.9201741889203668,2.7502627461436537,357.2,330.201509875,2.6963301618739908,341.4,320.737098625,13.61577871130859,2060.2000000000003,1542.06841125,0.09419087010244165,695.4200000000001,401.79084448673166,0.4057086563322605,2868.259999999973,1176.1091947107525,-9.39655753777369
115,2008,5641,0.9848154158215011,15.8,52324877,9.46441125,0.05393258426966292,0.00010780722905473816,0.9235641012591391,2.8571570957147023,362.6,321.905370125,2.8032245114450394,346.8,312.440958875,13.516623393349276,2086.0,1550.3659983750001,0.13447054018482446,627.8799999999992,338.00856101258796,0.415035667080077,2623.9199999999837,1277.9264145765555,-9.055650771326382
115,2009,3316,1.042166666666667,15.8,52877802,9.46441125,0.05393258426966292,6.271062477218702e-05,0.9291896626111653,3.052069881931056,391.9,348.35487125000003,2.998137297661393,376.09999999999997,338.89046,13.645023505873654,2059.2999999999997,1563.83277925,0.14325029430052943,621.5699999999997,367.41344091580413,0.4333349224018588,2812.730000000003,1357.193425527803,-9.603537267389697
115,2010,1076,1.0580082901554404,15.2,53362801,9.46441125,0.05393258426966292,2.016385908978054e-05,0.9249569564386247,3.0384629852141445,414.5,342.6139525,2.9845304009444815,399.3,333.14954124999997,14.105168575163725,2155.1,1609.611702875,0.14271944804654918,483.9300000000003,340.016471330945,0.44878187511503276,2869.4100000000035,1397.7441181798058,-10.73361063384368
115,2011,1177,1.0591682242990654,15.8,53783435,9.46441125,0.05393258426966292,2.1884061514479318e-05,0.9389811007794501,2.934003266798544,410.0,329.808084625,2.880070682528881,394.2,320.343673375,13.087954460332213,2103.9,1514.94194474,0.15317071775767555,497.22000000000116,327.9254507540454,0.40396917680283706,3074.8300000000017,1292.8159126852734,-10.666792043890794
115,2012,88,1.026,15.2,54171475,9.46441125,0.05333333333333334,1.624471181558191e-06,0.9197618488328037,2.726410130768168,385.8,312.21302575,2.6730767974348346,370.6,302.7486145,13.768694552334546,2323.2999999999997,1612.330897375,0.1494847145369182,454.02000000000044,312.472704554978,0.41395485043999036,4530.669999999998,1416.082983820248,-13.246687719465346
115,2013,340,1.0217515527950312,15.2,54594744,9.46441125,0.05333333333333334,6.227705729328083e-06,0.9195631909181587,2.731245522382343,403.2,312.559974375,2.67791218904901,388.0,303.095563125,13.11905728222231,2411.7000000000003,1578.6128777499998,0.15059039526902163,678.1400000000012,314.7530995832858,0.3533819312831472,5778.169999999998,1382.5280254986028,-11.902646040566058
115,2014,3301,1.0342469758064516,15.4,55952365,9.389296875,0.0550561797752809,5.899661256499167e-05,0.9188134228106355,2.612957353904471,372.0,296.760721,2.55790117412919,356.6,287.371424125,13.841824099205859,2552.6,1645.5960405,0.14494243620197572,624.3000000000011,328.4312921179853,0.39841567127769095,6433.580000000002,1520.4043223509034,-9.653358330652454
115,2015,3361,1.0259730000000002,20.2,56412140,9.013725,0.05764705882352941,5.957937422689513e-05,0.9279170405519096,2.440234722128731,337.8,272.92839487500004,2.3825876633052014,317.6,263.914669875,13.83609007044859,2681.6,1651.7494353749998,0.13633025529359766,1120.8999999999996,370.19242087883595,0.36848241861845454,6573.319999999992,1879.6290392928568,-9.65338816765857
115,2016,3282,1.068,20.2,56950757,9.013725,0.05764705882352941,5.762873353904672e-05,0.9300480413280547,2.3287960735325566,332.3,257.831409875,2.271149014709027,312.1,248.81768487500003,14.384023980050662,2843.7999999999997,1716.568491125,0.13595595499927438,981.369999999999,330.90090187239184,0.40403136784650195,7249.000000000015,1954.025762515168,-9.688970231653771
