data_2.csv
NameID,year,Sales,price,FuelEfficiency,HH,size,hppw,share,share0,hppw_own_sum,FuelEfficiency_own_sum,size_own_sum,iv_BLP_own_hppw,iv_BLP_own_FuelEfficiency,iv_BLP_own_size,iv_BLP_other_hppw,iv_BLP_other_FuelEfficiency,iv_BLP_other_size,iv_GH_own_hppw,iv_GH_own_FuelEfficiency,iv_GH_own_size,iv_GH_other_hppw,iv_GH_other_FuelEfficiency,iv_GH_other_size,logit_share
123,2007,1717,2.424527777777778,8.1,51713048,16.7986845,0.07903225806451612,3.320245211614678e-05,0.9201741889203668,2.7502627461436537,357.2,330.201509875,2.6712304880791375,349.09999999999997,313.402825375,13.61577871130859,2060.2000000000003,1542.06841125,0.04623857710259943,1227.4900000000007,758.974099293253,0.1827630833892897,9199.19999999999,5137.866443864092,-10.229694534771383
123,2008,1602,2.4225243407707913,8.1,52324877,16.7986845,0.07903225806451612,3.0616412151336734e-05,0.9235641012591391,2.8571570957147023,362.6,321.905370125,2.778124837650186,354.5,305.106685625,13.516623393349276,2086.0,1550.3659983750001,0.08115222057548971,1243.1100000000006,816.8841275124832,0.197067626408713,9352.18,5117.970121149032,-10.314459277438054
123,2009,1018,2.4851666666666667,8.1,52877802,16.7986845,0.07903225806451612,1.9251934866732925e-05,0.9291896626111653,3.052069881931056,391.9,348.35487125000003,2.97303762386654,383.79999999999995,331.55618675000005,13.645023505873654,2059.2999999999997,1563.83277925,0.08682222832378567,1319.9600000000019,843.5547115046611,0.20558390568255458,9313.840000000004,4807.078310008619,-10.784456586534414
123,2010,970,2.567378238341969,8.1,53362801,16.7986845,0.07903225806451612,1.8177456614393237e-05,0.9249569564386247,3.0384629852141445,414.5,342.6139525,2.9594307271496283,406.4,325.815268,14.105168575163725,2155.1,1609.611702875,0.08697443940771488,1572.3600000000006,900.3686755568997,0.21128137279583425,10146.200000000004,4946.601615233012,-10.837320303067981
123,2011,975,2.572710280373832,8.1,53783435,16.7986845,0.07903225806451612,1.812825826390598e-05,0.9389811007794501,2.934003266798544,410.0,329.808084625,2.8549710087340276,401.9,313.009400125,13.087954460332213,2103.9,1514.94194474,0.09933214466393692,1658.380000000001,883.5004027558789,0.18749579188827337,11182.93,4496.754673492753,-10.855078680153223
123,2012,1087,2.0540769230769236,9.9,54171475,15.836469750000003,0.07738095238095238,2.0065911072201743e-05,0.9197618488328037,2.726410130768168,385.8,312.21302575,2.6490291783872153,375.90000000000003,296.376556,13.768694552334546,2323.2999999999997,1612.330897375,0.10008492117276213,1084.7200000000003,525.2794151449671,0.19496100360321966,10400.419999999998,3600.1852154871813,-10.732847646822343
123,2013,1343,2.0455714285714293,9.9,54594744,15.836469750000003,0.07738095238095238,2.459943763084593e-05,0.9195631909181587,2.731245522382343,403.2,312.559974375,2.6538645700013905,393.3,296.72350462500003,13.11905728222231,2411.7000000000003,1578.6128777499998,0.10095804259389801,1493.2799999999988,523.1382563032839,0.15620244158714902,12984.050000000003,3512.6805627742215,-10.528930461653028
123,2014,1393,2.049359879032258,9.9,55952365,15.836469750000003,0.07738095238095238,2.489617731082502e-05,0.9188134228106355,2.612957353904471,372.0,296.760721,2.5355764015235183,362.1,280.92425125,13.841824099205859,2552.6,1645.5960405,0.099234171331951,1376.6999999999998,405.13303058342717,0.20318244732347202,14613.730000000003,3558.3076133294817,-10.516124088725842
123,2015,1465,2.0329650000000004,9.9,56412140,15.836469750000003,0.07738095238095238,2.5969587397322634e-05,0.9279170405519096,2.440234722128731,337.8,272.92839487500004,2.3628537697477783,327.90000000000003,257.09192512500005,13.83609007044859,2681.6,1651.7494353749998,0.09864141557872036,1258.9199999999992,375.9746612350491,0.20344442247046102,17479.989999999998,3585.854076939104,-10.483771473932508
123,2016,1566,2.035,9.9,56950757,15.836469750000003,0.07738095238095238,2.7497439586272752e-05,0.9300480413280547,2.3287960735325566,332.3,257.831409875,2.251415121151604,322.40000000000003,241.99494012500003,14.384023980050662,2843.7999999999997,1716.568491125,0.1000007237431772,1316.119999999998,373.1423567607235,0.2306907748032283,19946.840000000004,3623.495734360069,-10.42889862675306
125,2006,1359,5.4503055555555555,9.1,51102005,13.731504750000001,0.16374269005847952,2.6593868479328747e-05,0.9152275336359111,2.5453950632826707,310.9,295.79970525,2.381652373224191,301.79999999999995,282.0682005,13.778912964051765,2103.5,1567.5231525,0.1038493531662622,763.5099999999993,190.96771328202976,0.7501187085111631,7869.180000000008,1757.537055928995,-10.44624730306396
125,2007,1090,5.4503055555555555,9.1,51713048,13.731504750000001,0.16374269005847952,2.107785253733255e-05,0.9201741889203668,2.7502627461436537,357.2,330.201509875,2.586520056085174,348.09999999999997,316.470005125,13.61577871130859,2060.2000000000003,1542.06841125,0.13555709624303103,977.4899999999998,256.2262560650779,0.7140148513788871,7452.399999999987,1674.9306561504927,-10.684095420445669
125,2008,850,6.383062880324544,8.0,52324877,14.075136,0.15730337078651685,1.6244663126489527e-05,0.9235641012591391,2.8571570957147023,362.6,321.905370125,2.6998537249281855,354.6,307.830234125,13.516623393349276,2086.0,1550.3659983750001,0.13333931181184167,1272.1599999999999,300.0025205790662,0.6339041850766964,9547.199999999997,1959.048143137392,-10.948231055581997
125,2009,311,6.475,8.0,52877802,14.075136,0.15730337078651685,5.881485013314282e-06,0.9291896626111653,3.052069881931056,391.9,348.35487125000003,2.8947665111445393,383.9,334.27973525000004,13.645023505873654,2059.2999999999997,1563.83277925,0.14549374353038702,1351.6500000000005,302.5734077766392,0.6038221723426869,9505.130000000005,1805.59754121289,-11.97025887146565
125,2010,202,6.5219689119170985,8.0,53362801,14.075136,0.15730337078651685,3.785408490832406e-06,0.9249569564386247,3.0384629852141445,414.5,342.6139525,2.8811596144276277,406.5,328.5388165,14.105168575163725,2155.1,1609.611702875,0.1477760085077684,1608.5699999999997,328.1160305285084,0.6114805168663118,10350.21,1858.1376939300826,-12.406348677164205
125,2011,10,6.535514018691589,8.0,53783435,14.075136,0.15730337078651685,1.8593085398877925e-07,0.9389811007794501,2.934003266798544,410.0,329.808084625,2.776699896012027,402.0,315.732948625,13.087954460332213,2103.9,1514.94194474,0.15798781790799798,1695.3000000000002,325.57930075522563,0.5804476234333089,11391.189999999995,1649.3925242703335,-15.434931058157025
125,2012,1978,7.6326923076923086,16.6,54171475,14.264064000000001,0.15854922279792746,3.651368178547843e-05,0.9197618488328037,2.726410130768168,385.8,312.21302575,2.5678609079702404,369.2,297.94896174999997,13.768694552334546,2323.2999999999997,1612.330897375,0.15539008236875407,531.3000000000011,276.54396796256697,0.6599549986185265,4302.75,1997.0963824911669,-10.134183021760895
125,2013,808,7.60108695652174,16.6,54594744,14.264064000000001,0.15854922279792746,1.4799959497932621e-05,0.9195631909181587,2.731245522382343,403.2,312.559974375,2.5726962995844156,386.59999999999997,298.295910375,13.11905728222231,2411.7000000000003,1578.6128777499998,0.15547824304166735,706.7000000000007,275.4938971466963,0.6692061710539559,5169.169999999998,1945.5456709439823,-11.03702959965517
125,2014,434,7.613346774193548,16.6,55952365,14.264064000000001,0.15854922279792746,7.756597956136439e-06,0.9188134228106355,2.612957353904471,372.0,296.760721,2.4544081311065433,355.4,282.49665699999997,13.841824099205859,2552.6,1645.5960405,0.13465677535511444,653.1000000000004,202.4635024148629,0.6946049331838218,5798.540000000008,1965.170880288977,-11.682294528405242
125,2015,238,7.552440000000002,16.6,56412140,14.264064000000001,0.15854922279792746,4.218950034513848e-06,0.9279170405519096,2.440234722128731,337.8,272.92839487500004,2.2816854993308033,321.2,258.664330875,13.83609007044859,2681.6,1651.7494353749998,0.12380312565120632,638.5,193.01746448997346,0.6957977507243092,6936.199999999997,2012.0686108655354,-12.3011113217122
125,2016,245,7.56,16.6,56950757,14.264064000000001,0.15854922279792746,4.301962131951995e-06,0.9300480413280547,2.3287960735325566,332.3,257.831409875,2.170246850734629,315.7,243.56734587500003,14.384023980050662,2843.7999999999997,1716.568491125,0.12410295428553264,591.8500000000004,190.0382403188869,0.7298446288588716,8117.320000000007,2016.902718495403,-12.283920292759081
127,2006,35200,1.8345833333333335,16.6,51102005,11.720925000000001,0.0939655172413793,0.0006888183741518557,0.9152275336359111,2.5453950632826707,310.9,295.79970525,2.4514295460412914,294.29999999999995,284.07878024999997,13.778912964051765,2103.5,1567.5231525,0.027498692791663226,726.0100000000002,152.24615189772612,0.13754272424223357,3494.429999999993,845.2439541200147,-7.191950355628914
127,2007,20187,1.8345833333333335,16.6,51713048,11.720925000000001,0.0939655172413793,0.00039036569648727724,0.9201741889203668,2.7502627461436537,357.2,330.201509875,2.6562972289022744,340.59999999999997,318.480584875,13.61577871130859,2060.2000000000003,1542.06841125,0.03385016094024945,823.7399999999998,202.3174186347942,0.13261922356930222,3148.899999999994,813.8023992749804,-7.765234283812431
127,2008,13585,1.8672991886409742,16.6,52324877,11.720925000000001,0.0939655172413793,0.0002596279394980709,0.9235641012591391,2.8571570957147023,362.6,321.905370125,2.763191578473323,346.0,310.18444512499997,13.516623393349276,2086.0,1550.3659983750001,0.06557124235976619,747.5600000000013,175.97584199624362,0.14988519071242745,2863.279999999999,878.1723802620036,-8.17674588320591
127,2009,7770,1.8941944444444447,16.6,52877802,11.720925000000001,0.0939655172413793,0.00014694256769598707,0.9291896626111653,3.052069881931056,391.9,348.35487125000003,2.9581043646896767,375.29999999999995,336.63394625,13.645023505873654,2059.2999999999997,1563.83277925,0.07058672503248298,746.2100000000028,181.6234010540502,0.1519831850532749,3068.890000000014,848.8584362414113,-8.752026340283189
127,2010,5842,1.9079347150259067,16.6,53362801,11.720925000000001,0.0939655172413793,0.00010947701189823226,0.9249569564386247,3.0384629852141445,414.5,342.6139525,2.944497467972765,397.9,330.89302749999996,14.105168575163725,2155.1,1609.611702875,0.07114532674694518,614.4100000000017,180.1353556632066,0.15427140347188084,3112.449999999997,874.0275978393838,-9.041787891617723
127,2011,4518,1.9118971962616826,16.6,53783435,11.720925000000001,0.0939655172413793,8.400355983213047e-05,0.9389811007794501,2.934003266798544,410.0,329.808084625,2.8400377495571645,393.4,318.08715962499997,13.087954460332213,2103.9,1514.94194474,0.08403945948478808,566.9799999999996,178.03256642105043,0.13761568105363198,3130.029999999999,766.1015913079682,-9.321691454123123
127,2012,5675,1.9138846153846156,16.6,54171475,11.720925000000001,0.0939655172413793,0.00010475993131071288,0.9197618488328037,2.726410130768168,385.8,312.21302575,2.6324446135267885,369.2,300.49210074999996,13.768694552334546,2323.2999999999997,1612.330897375,0.0835366424885377,531.3000000000011,146.37679969597957,0.1389460240170206,4302.75,880.0946639234826,-9.08019869159395
127,2013,11166,2.0031708074534165,15.6,54594744,12.142988000000003,0.10650406504065041,0.00020452518286375698,0.9195631909181587,2.731245522382343,403.2,312.559974375,2.6247414573416927,387.59999999999997,300.416986375,13.11905728222231,2411.7000000000003,1578.6128777499998,0.08111120654342119,675.9000000000015,145.12534763479744,0.13109883802314704,5548.970000000001,912.6931840595207,-8.41096293230596
127,2014,5867,2.0070635080645163,15.6,55952365,12.142988000000003,0.10650406504065041,0.00010485705117201033,0.9188134228106355,2.612957353904471,372.0,296.760721,2.5064532888638205,356.4,284.617733,13.841824099205859,2552.6,1645.5960405,0.07556656643765525,624.3000000000011,117.09484705560408,0.16275692527806296,6299.140000000014,936.4143300909927,-9.078240353579787
127,2015,4707,1.9910070000000004,15.6,56412140,12.142988000000003,0.10650406504065041,8.343948660696085e-05,0.9279170405519096,2.440234722128731,337.8,272.92839487500004,2.3337306570880805,322.2,260.78540687500004,13.83609007044859,2681.6,1651.7494353749998,0.07432364385499368,605.7000000000007,118.57118765079849,0.16335288595603625,7694.800000000003,1009.415697043325,-9.316575953982532
127,2016,4527,1.993,15.6,56950757,12.142988000000003,0.10650406504065041,7.948972478100686e-05,0.9300480413280547,2.3287960735325566,332.3,257.831409875,2.2222920084919062,316.7,245.68842187500002,14.384023980050662,2843.7999999999997,1716.568491125,0.07681852857607241,580.2500000000018,107.55962259594526,0.1854606767239826,9039.320000000022,1009.1652705214074,-9.36736375586785
128,2006,7362,2.8489999999999998,12.0,51102005,12.219375,0.14527027027027026,0.00014406479745755573,0.9152275336359111,2.5453950632826707,310.9,295.79970525,2.4001247930124006,298.9,283.58033025,13.778912964051765,2103.5,1567.5231525,0.060891354481289905,428.85000000000036,143.75644657400062,0.45431982313570973,4296.6700000000055,965.1391208277564,-8.756664803276136
128,2007,22476,2.8705833333333333,11.2,51713048,12.203707499999998,0.14423076923076922,0.00043462918681567563,0.9201741889203668,2.7502627461436537,357.2,330.201509875,2.6060319769128846,346.0,317.997802375,13.61577871130859,2060.2000000000003,1542.06841125,0.08063576278277007,628.2600000000002,195.34703278048164,0.4160916256773133,4682.499999999993,918.7894705768776,-7.65782504343677
128,2008,12501,2.829824543610548,11.2,52324877,12.203707499999998,0.14423076923076922,0.0002389112161697007,0.9235641012591391,2.8571570957147023,362.6,321.905370125,2.712926326483933,351.40000000000003,309.701662625,13.516623393349276,2086.0,1550.3659983750001,0.10161070136742556,610.3999999999996,177.01591831964015,0.44332572690706407,4675.520000000004,975.1475918515644,-8.259903484975796
128,2009,6864,2.9785000000000004,11.2,52877802,12.203707499999998,0.14331210191082802,0.00012980872389514224,0.9291896626111653,3.052069881931056,391.9,348.35487125000003,2.908757780020228,380.7,336.15116375,13.645023505873654,2059.2999999999997,1563.83277925,0.10892463892704118,625.2500000000018,180.22555260354784,0.4094236664962172,4742.890000000007,921.2802016654605,-8.876006142477085
128,2010,8970,3.000105699481866,12.2,53362801,12.267870000000002,0.14240506329113925,0.0001680946245681519,0.9249569564386247,3.0384629852141445,414.5,342.6139525,2.8960579219230054,402.3,330.34608249999997,14.105168575163725,2155.1,1609.611702875,0.1088226163562912,587.130000000001,185.84937211995566,0.40218086849173407,4209.809999999998,963.2872110412209,-8.612975419512567
128,2011,4624,3.006336448598131,12.2,53783435,12.267870000000002,0.14240506329113925,8.597442688441153e-05,0.9389811007794501,2.934003266798544,410.0,329.808084625,2.7915982035074047,397.8,317.540214625,13.087954460332213,2103.9,1514.94194474,0.1203870281546956,626.8199999999997,184.63424220630804,0.3810247734045573,4917.309999999998,840.8345429046312,-9.298500740798858
128,2012,4694,3.009461538461539,12.2,54171475,12.267870000000002,0.14240506329113925,8.665076961629714e-05,0.9197618488328037,2.726410130768168,385.8,312.21302575,2.5840050674770287,373.6,299.94515574999997,13.768694552334546,2323.2999999999997,1612.330897375,0.11709627846213322,631.619999999999,145.984431471461,0.4194527868836371,6880.270000000004,966.3797774537161,-9.269984157532583
128,2013,2614,3.092142857142858,11.4,54594744,12.267870000000002,0.14240506329113925,4.7880066989598854e-05,0.9195631909181587,2.731245522382343,403.2,312.559974375,2.588840459091204,391.8,300.292104375,13.11905728222231,2411.7000000000003,1578.6128777499998,0.11734056580204055,1114.3799999999992,146.31951418265726,0.4223042258951941,10158.049999999988,939.1023113495103,-9.862954763992098
128,2014,12494,3.0977056451612905,11.4,55952365,12.267870000000002,0.14240506329113925,0.00022329708494001996,0.9188134228106355,2.612957353904471,372.0,296.760721,2.4705522906133317,360.6,284.492851,13.841824099205859,2552.6,1645.5960405,0.10241707999388938,1027.5,116.13814478590484,0.4467466435898859,11524.780000000013,961.3358585636597,-8.322335254452131
128,2015,6143,3.0729240000000004,11.4,56412140,12.267870000000002,0.14240506329113925,0.00010889500026058221,0.9279170405519096,2.440234722128731,337.8,272.92839487500004,2.2978296588375917,326.40000000000003,260.660524875,13.83609007044859,2681.6,1651.7494353749998,0.09570381485208845,948.4199999999992,117.46998894587159,0.4477543189806257,14004.04,1032.8003289984263,-9.050313494219749
128,2016,4203,3.8930000000000002,13.6,56950757,12.64081,0.12787878787878787,7.380059934936422e-05,0.9300480413280547,2.3287960735325566,332.3,257.831409875,2.2009172856537687,318.7,245.19059987500003,14.384023980050662,2843.7999999999997,1716.568491125,0.0824710262419337,683.0499999999993,109.94764398943698,0.3120121658189805,11771.320000000022,1126.0862951612362,-9.441624668298692
