data_2.csv
NameID,year,Sales,price,FuelEfficiency,HH,size,hppw,share,share0,hppw_own_sum,FuelEfficiency_own_sum,size_own_sum,iv_BLP_own_hppw,iv_BLP_own_FuelEfficiency,iv_BLP_own_size,iv_BLP_other_hppw,iv_BLP_other_FuelEfficiency,iv_BLP_other_size,iv_GH_own_hppw,iv_GH_own_FuelEfficiency,iv_GH_own_size,iv_GH_other_hppw,iv_GH_other_FuelEfficiency,iv_GH_other_size,logit_share
130,2006,4428,2.4872222222222224,8.9,51102005,11.487099750000002,0.06115107913669065,8.665022047569367e-05,0.9152275336359111,2.5453950632826707,310.9,295.79970525,2.48424398414598,302.0,284.31260549999996,13.778912964051765,2103.5,1567.5231525,0.07238857548320621,801.4699999999993,160.33809941754316,0.32413828038877224,8202.980000000003,813.1432114745476,-9.265048423386574
130,2007,3833,2.4872222222222224,8.9,51713048,11.487099750000002,0.06115107913669065,7.41205585097208e-05,0.9201741889203668,2.7502627461436537,357.2,330.201509875,2.689111667006963,348.3,318.714410125,13.61577871130859,2060.2000000000003,1542.06841125,0.07691508757700338,1023.1699999999992,210.2175207208693,0.3237786538896239,7779.679999999993,786.0776007241075,-9.426625330288303
130,2008,3049,2.451906693711968,8.9,52324877,11.487099750000002,0.06115107913669065,5.827056220313714e-05,0.9235641012591391,2.8571570957147023,362.6,321.905370125,2.7960060165780116,353.70000000000005,310.41827037499996,13.516623393349276,2086.0,1550.3659983750001,0.11565152503200044,1030.1499999999987,179.99625018016013,0.33453716894489616,7891.379999999997,854.3279524789323,-9.670898458078105
130,2009,2301,2.1316111111111113,8.9,52877802,11.487099750000002,0.05985915492957746,4.351542448757609e-05,0.9291896626111653,3.052069881931056,391.9,348.35487125000003,2.9922107270014786,383.0,336.8677715,13.645023505873654,2059.2999999999997,1563.83277925,0.1266311273754937,1087.3199999999997,187.15968728547523,0.36399061572875335,7882.1600000000035,836.7383774570917,-9.968952693609518
130,2010,1060,2.2909709844559587,10.0,53362801,11.487099750000002,0.05821917808219178,1.9864024753873022e-05,0.9249569564386247,3.0384629852141445,414.5,342.6139525,2.9802438071319526,404.5,331.12685274999995,14.105168575163725,2155.1,1609.611702875,0.13061185724880375,994.5699999999997,182.9868983707347,0.3956412345662812,6805.809999999998,861.6095868210541,-10.748592187459296
130,2011,1162,2.295728971962617,10.0,53783435,11.487099750000002,0.05821917808219178,2.160516523349615e-05,0.9389811007794501,2.934003266798544,410.0,329.808084625,2.875784088716352,400.0,318.32098487499997,13.087954460332213,2103.9,1514.94194474,0.14147793067460612,1063.2999999999993,180.32206080307515,0.355222562260338,7727.5899999999965,758.2508202655154,-10.679618213739214
130,2012,1793,2.3666538461538464,10.0,54171475,11.487099750000002,0.05782312925170068,3.309860032424814e-05,0.9197618488328037,2.726410130768168,385.8,312.21302575,2.668587001516467,375.8,300.72592599999996,13.768694552334546,2323.2999999999997,1612.330897375,0.13797848001545698,1059.2999999999993,151.2912003759311,0.3606864395493894,10216.350000000006,868.9482855726819,-10.23237906033842
130,2013,1795,2.356854037267081,10.0,54594744,11.487099750000002,0.05782312925170068,3.287862289454091e-05,0.9195631909181587,2.731245522382343,403.2,312.559974375,2.6734223931306422,393.2,301.072874625,13.11905728222231,2411.7000000000003,1578.6128777499998,0.13904074090449436,1464.380000000001,152.16805741648295,0.3044497884240416,12776.329999999994,844.6602872555886,-10.238831357253886
130,2014,1563,2.360540322580645,10.0,55952365,11.487099750000002,0.05782312925170068,2.793447604940381e-05,0.9188134228106355,2.612957353904471,372.0,296.760721,2.55513422465277,362.0,285.27362124999996,13.841824099205859,2552.6,1645.5960405,0.1379785465176493,1350.0600000000013,134.40986134580817,0.3664797977262553,14387.780000000006,878.7548875697103,-10.400976732084171
130,2015,686,2.3416560000000004,10.0,56412140,11.487099750000002,0.05782312925170068,1.2160503040657561e-05,0.9279170405519096,2.440234722128731,337.8,272.92839487500004,2.38241159287703,327.8,261.441295125,13.83609007044859,2681.6,1651.7494353749998,0.13591822842888973,1235.1400000000003,135.6209103932797,0.36651748263273953,17228.23999999999,959.8281333142804,-11.24250436765779
130,2016,376,2.344,10.0,56950757,11.487099750000002,0.05782312925170068,6.602194945363062e-06,0.9300480413280547,2.3287960735325566,332.3,257.831409875,2.2709729442808557,322.3,246.34431012500002,14.384023980050662,2843.7999999999997,1716.568491125,0.1355628393502573,1291.4499999999998,120.30417209626648,0.4019751363719182,19672.600000000013,967.1123363689403,-11.855589359913914
131,2006,80901,2.158333333333333,13.2,51102005,14.502420000000003,0.08509316770186336,0.0015831277070244112,0.9152275336359111,2.5453950632826707,310.9,295.79970525,2.4603018955808076,297.7,281.29728524999996,13.778912964051765,2103.5,1567.5231525,0.03453785244520735,408.4500000000007,257.27782160762945,0.15804274345824965,3512.110000000008,2409.6828551033177,-6.359770253305483
131,2007,77544,2.158333333333333,13.2,51713048,14.502420000000003,0.08509316770186336,0.0014995055019769866,0.9201741889203668,2.7502627461436537,357.2,330.201509875,2.6651695784417906,344.0,315.69908987499997,13.61577871130859,2060.2000000000003,1542.06841125,0.03975862225447263,517.0599999999995,334.7925022361942,0.1549904882836155,3176.099999999984,2301.0254622822904,-6.419427599496414
131,2008,72927,2.1601095334685603,12.0,52324877,14.595984,0.08509316770186336,0.0013937347621476492,0.9235641012591391,2.8571570957147023,362.6,321.905370125,2.772063928012839,350.6,307.309386125,13.516623393349276,2086.0,1550.3659983750001,0.07337651174037657,531.3599999999988,367.8739629048541,0.17049697414746712,3899.199999999997,2404.8328644410285,-6.496253185269415
131,2009,78836,2.2230833333333337,12.0,52877802,14.595984,0.08509316770186336,0.0014909091720567357,0.9291896626111653,3.052069881931056,391.9,348.35487125000003,2.966976714229193,379.9,333.75888725000004,13.645023505873654,2059.2999999999997,1563.83277925,0.07867332066935318,536.4500000000007,372.7591015980397,0.17646206108767615,3990.730000000003,2222.4206752364043,-6.434926759332498
131,2010,75040,2.2392093264248705,13.8,53362801,14.810104874999999,0.091875,0.0014062230354062561,0.9249569564386247,3.0384629852141445,414.5,342.6139525,2.9465879852141446,400.7,327.803847625,14.105168575163725,2155.1,1609.611702875,0.0725826639049525,467.130000000001,440.1576847821325,0.158466704102731,3179.090000000004,2485.5038606227245,-6.4888397908853035
131,2011,84359,2.2438598130841125,13.8,53783435,14.810104874999999,0.091875,0.0015684940911639429,0.9389811007794501,2.934003266798544,410.0,329.808084625,2.842128266798544,396.2,314.99797975,13.087954460332213,2103.9,1514.94194474,0.08542854976348058,479.6200000000008,435.21503062982083,0.14105449964298167,3676.0299999999916,2224.8495653189602,-6.394679370587842
131,2012,96020,2.246192307692308,13.8,54171475,14.810104874999999,0.09130434782608696,0.0017725195778774715,0.9197618488328037,2.726410130768168,385.8,312.21302575,2.6351057829420808,372.0,297.402920875,13.768694552334546,2323.2999999999997,1612.330897375,0.08522862403480963,478.65999999999985,348.34962035118224,0.1427098173918746,5311.310000000005,2474.770764855595,-6.251712751858621
131,2013,96407,2.2368913043478265,13.8,54594744,14.810104874999999,0.09130434782608696,0.001765865959550978,0.9195631909181587,2.731245522382343,403.2,312.559974375,2.639941174556256,389.4,297.74986950000005,13.11905728222231,2411.7000000000003,1578.6128777499998,0.0859670953167932,751.5000000000018,346.92065327376076,0.11499555216945323,6928.12999999999,2412.4158333498053,-6.255257566106022
131,2014,76909,2.261848790322581,13.8,55952365,14.810104874999999,0.09130434782608696,0.0013745442216785654,0.9188134228106355,2.612957353904471,372.0,296.760721,2.5216530060783837,358.2,281.950616125,13.841824099205859,2552.6,1645.5960405,0.08283982566611464,693.4200000000019,259.39296559158356,0.15359218219362836,7920.940000000017,2438.268376160253,-6.504960878749452
131,2015,61796,2.2827150000000005,13.8,56412140,14.810104874999999,0.09130434782608696,0.0010954379677849484,0.9279170405519096,2.440234722128731,337.8,272.92839487500004,2.3489303743026437,324.0,258.11829000000006,13.83609007044859,2681.6,1651.7494353749998,0.08235949664083231,657.5400000000027,244.22240686305122,0.15401383164038052,9781.0,2478.4460964932805,-6.741788078951735
131,2016,73502,2.3169999999999997,15.0,56950757,14.825910750000002,0.09259259259259259,0.0012906237576438184,0.9300480413280547,2.3287960735325566,332.3,257.831409875,2.236203480939964,317.3,243.00549912500003,14.384023980050662,2843.7999999999997,1716.568491125,0.08344821239378875,593.4500000000007,243.5410241347745,0.1757468885648792,9734.60000000002,2506.9338128021263,-6.580110607588735
132,2006,16640,2.4820833333333336,11.2,51102005,12.4962,0.11768707482993197,0.0003256232314172409,0.9152275336359111,2.5453950632826707,310.9,295.79970525,2.4277079884527386,299.7,283.30350525,13.778912964051765,2103.5,1567.5231525,0.027234721271173545,480.84999999999945,144.19227694733854,0.19175097984704959,5045.310000000012,1061.9862834080195,-7.941187002839902
132,2007,9778,2.4820833333333336,11.2,51713048,12.4962,0.11768707482993197,0.00018908187349544743,0.9201741889203668,2.7502627461436537,357.2,330.201509875,2.6325756713137216,346.0,317.705309875,13.61577871130859,2060.2000000000003,1542.06841125,0.03892881580047758,628.2600000000002,197.24662027623708,0.17950488886158533,4682.499999999993,1013.6887828550462,-8.490138152530267
132,2008,15832,2.500539553752536,12.0,52324877,12.840981249999999,0.125,0.00030257118425715555,0.9235641012591391,2.8571570957147023,362.6,321.905370125,2.7321570957147023,350.6,309.06438887499996,13.516623393349276,2086.0,1550.3659983750001,0.07170845948663007,531.3599999999988,197.6609469572213,0.2486988160003798,3899.199999999997,1201.6570195244567,-8.023678917783958
132,2009,8289,2.622888888888889,12.0,52877802,12.840981249999999,0.125,0.00015675765040309354,0.9291896626111653,3.052069881931056,391.9,348.35487125000003,2.927069881931056,379.9,335.51389000000006,13.645023505873654,2059.2999999999997,1563.83277925,0.07821687029193469,536.4500000000007,199.0800811406043,0.23603166661498198,3990.730000000003,1114.6652547237754,-8.687367170053356
132,2010,5616,2.6657253886010364,12.6,53362801,12.840981249999999,0.12416107382550336,0.00010524185190353857,0.9249569564386247,3.0384629852141445,414.5,342.6139525,2.914301911388641,401.9,329.77297124999996,14.105168575163725,2155.1,1609.611702875,0.07865632561814684,543.210000000001,210.4523396031218,0.2311345608437141,3884.4500000000044,1147.3273437017488,-9.081241428859762
132,2011,4503,2.671261682242991,12.6,53783435,12.840981249999999,0.12416107382550336,8.37246635511473e-05,0.9389811007794501,2.934003266798544,410.0,329.808084625,2.8098421929730404,397.4,316.96710337499997,13.087954460332213,2103.9,1514.94194474,0.09127244320928762,576.5799999999999,209.5254184538735,0.21663144674303458,4543.629999999997,1003.8757962754826,-9.3250170308495
132,2012,4187,2.6823461538461544,11.4,54171475,12.840981249999999,0.12416107382550336,7.72916004225471e-05,0.9197618488328037,2.726410130768168,385.8,312.21302575,2.6022490569426644,374.40000000000003,299.3720445,13.768694552334546,2323.2999999999997,1612.330897375,0.09013349913787483,758.0199999999986,162.2631298384713,0.23612922217970667,7935.470000000001,1147.3031081964655,-9.38428476792441
132,2013,3451,2.671239130434783,11.4,54594744,12.840981249999999,0.12416107382550336,6.321121315268005e-05,0.9195631909181587,2.731245522382343,403.2,312.559974375,2.6070844485568396,391.8,299.718993125,13.11905728222231,2411.7000000000003,1578.6128777499998,0.09055422014512471,1114.3799999999992,162.20053222934894,0.22986639955879307,10158.049999999988,1115.5034994640228,-9.585172335078262
132,2014,7281,2.447147177419355,14.4,55952365,13.127688000000001,0.1184931506849315,0.00013012854773877743,0.9188134228106355,2.612957353904471,372.0,296.760721,2.494464203219539,357.6,283.633033,13.841824099205859,2552.6,1645.5960405,0.07765288877343657,653.1000000000004,129.87111489100425,0.21659935321656354,7277.380000000005,1253.9944439098908,-8.862315568110937
132,2015,5601,2.4965010000000003,14.4,56412140,13.127688000000001,0.1184931506849315,9.92871392576137e-05,0.9279170405519096,2.440234722128731,337.8,272.92839487500004,2.3217415714437992,323.40000000000003,259.80070687500006,13.83609007044859,2681.6,1651.7494353749998,0.07515651726278738,624.4199999999983,128.5147692423743,0.2173328054182524,8982.64,1314.8773149953995,-9.142681563173843
132,2016,5076,2.5639999999999996,14.4,56950757,13.127688000000001,0.1184931506849315,8.912963176240134e-05,0.9300480413280547,2.3287960735325566,332.3,257.831409875,2.210302922847625,317.90000000000003,244.703721875,14.384023980050662,2843.7999999999997,1716.568491125,0.07762598609901239,621.7700000000004,122.3511717893216,0.23978969749224266,10536.440000000017,1311.392413365429,-9.25289967446953
134,2006,14671,3.6475833333333334,11.2,51102005,13.091473500000001,0.12883435582822086,0.0002870924536131214,0.9152275336359111,2.5453950632826707,310.9,295.79970525,2.4165607074544497,299.7,282.70823175,13.778912964051765,2103.5,1567.5231525,0.036439301058553863,480.84999999999945,157.58876032992066,0.27203030653472204,5045.310000000012,1343.4409152981098,-8.067123682075458
134,2007,8551,3.6475833333333334,11.2,51713048,13.091473500000001,0.12883435582822086,0.00016535478628140426,0.9201741889203668,2.7502627461436537,357.2,330.201509875,2.6214283903154327,346.0,317.110036375,13.61577871130859,2060.2000000000003,1542.06841125,0.05181009131015846,628.2600000000002,215.38113025154598,0.25517709128186583,4682.499999999993,1279.7534886924914,-8.624224881512903
134,2008,8191,4.021329614604463,11.2,52324877,13.4369615,0.13353293413173653,0.00015654121843420673,0.9235641012591391,2.8571570957147023,362.6,321.905370125,2.7236241615829657,351.40000000000003,308.468408625,13.516623393349276,2086.0,1550.3659983750001,0.08251179432454436,610.3999999999996,236.81310305036823,0.3224600425031374,4675.520000000004,1514.9186036874307,-8.682676135550757
134,2009,5330,4.100833333333334,12.2,52877802,13.685287500000001,0.13313609467455623,0.00010079844090342485,0.9291896626111653,3.052069881931056,391.9,348.35487125000003,2.9189337872565,379.7,334.66958375,13.645023505873654,2059.2999999999997,1563.83277925,0.0894593827170087,520.0500000000011,260.3362314613005,0.3017273600656738,3830.090000000004,1542.250021560736,-9.128945266484992
134,2010,10091,4.130580310880829,12.2,53362801,13.685287500000001,0.13313609467455623,0.00018910176772767232,0.9249569564386247,3.0384629852141445,414.5,342.6139525,2.9053268905395884,402.3,328.92866499999997,14.105168575163725,2155.1,1609.611702875,0.09108396443442102,587.130000000001,281.4026770865494,0.30355008744904666,4209.809999999998,1587.1944258482035,-8.49521715810088
134,2011,7289,4.139158878504673,12.2,53783435,13.685287500000001,0.13313609467455623,0.0001355249994724212,0.9389811007794501,2.934003266798544,410.0,329.808084625,2.8008671721239877,397.8,316.122797125,13.087954460332213,2103.9,1514.94194474,0.10326589087520366,626.8199999999997,279.7036100095702,0.2865227820602825,4917.309999999998,1402.036764927434,-8.843394509768858
134,2012,5606,4.143461538461539,11.2,54171475,13.685287500000001,0.13313609467455623,0.00010348619822517293,0.9197618488328037,2.726410130768168,385.8,312.21302575,2.5932740360936117,374.6,298.52773824999997,13.768694552334546,2323.2999999999997,1612.330897375,0.10123475734839615,794.8199999999997,217.35996875912224,0.3145844715251527,8227.470000000008,1582.578524520286,-9.092431802218819
134,2013,3922,4.126304347826087,11.2,54594744,13.685287500000001,0.13313609467455623,7.183841726595513e-05,0.9195631909181587,2.731245522382343,403.2,312.559974375,2.598109427707787,392.0,298.874686875,13.11905728222231,2411.7000000000003,1578.6128777499998,0.10156868287454479,1158.1400000000012,216.71150936496542,0.31305492263632617,10498.970000000001,1540.526701717441,-9.457234651419974
134,2014,2020,4.132959677419355,11.2,55952365,13.685287500000001,0.13313609467455623,3.610213795252444e-05,0.9188134228106355,2.612957353904471,372.0,296.760721,2.4798212592299147,360.8,283.0754335,13.841824099205859,2552.6,1645.5960405,0.08956034311524652,1067.8199999999997,157.74549716801903,0.33812603448966927,11899.460000000014,1556.806332860986,-10.144486272110397
134,2015,4319,4.099896,11.2,56412140,13.782150000000001,0.1323529411764706,7.656153444985423e-05,0.9279170405519096,2.440234722128731,337.8,272.92839487500004,2.3078817809522603,326.6,259.14624487500004,13.83609007044859,2681.6,1651.7494353749998,0.08400106739906965,984.1000000000004,158.72450364644192,0.3309666080926066,14430.320000000007,1671.302531839916,-9.402602822422974
134,2016,2907,4.776,11.2,56950757,13.782150000000001,0.13157894736842105,5.104409762279367e-05,0.9300480413280547,2.3287960735325566,332.3,257.831409875,2.1972171261641353,321.1,244.04925987500002,14.384023980050662,2843.7999999999997,1716.568491125,0.08539792748603725,1028.1699999999992,154.71024579037203,0.3476509803437753,16612.600000000013,1671.0317444672182,-9.810301602744932
