data_2.csv
NameID,year,Sales,price,FuelEfficiency,HH,size,hppw,share,share0,hppw_own_sum,FuelEfficiency_own_sum,size_own_sum,iv_BLP_own_hppw,iv_BLP_own_FuelEfficiency,iv_BLP_own_size,iv_BLP_other_hppw,iv_BLP_other_FuelEfficiency,iv_BLP_other_size,iv_GH_own_hppw,iv_GH_own_FuelEfficiency,iv_GH_own_size,iv_GH_other_hppw,iv_GH_other_FuelEfficiency,iv_GH_other_size,logit_share
135,2006,3371,3.474916666666667,9.0,51102005,10.298718375,0.1891891891891892,6.596610054732686e-05,0.9152275336359111,2.5453950632826707,310.9,295.79970525,2.3562058740934817,301.9,285.50098687499997,13.778912964051765,2103.5,1567.5231525,0.18984770483940439,782.25,242.0271683434239,1.315172701932478,8034.6700000000055,888.3035197559911,-9.537787001981041
135,2007,3290,3.56125,9.2,51713048,10.298718375,0.21006711409395973,6.362030719983862e-05,0.9201741889203668,2.7502627461436537,357.2,330.201509875,2.540195632049694,348.0,319.9027915,13.61577871130859,2060.2000000000003,1542.06841125,0.348294565577135,955.4599999999991,296.0019359155649,1.8422089330995224,7292.899999999994,878.4076096883218,-9.579385551909441
135,2008,2366,3.5106845841784997,9.2,52324877,10.298718375,0.21006711409395973,4.52174975967932e-05,0.9235641012591391,2.8571570957147023,362.6,321.905370125,2.6470899816207427,353.40000000000003,311.60665174999997,13.516623393349276,2086.0,1550.3659983750001,0.3551944376372185,959.1999999999989,246.06270944826338,1.8824990817456522,7389.120000000003,966.3793574367301,-9.924511360528026
135,2009,3742,3.8315555555555556,9.8,52877802,10.31124375,0.22550335570469798,7.07669354335114e-05,0.9291896626111653,3.052069881931056,391.9,348.35487125000003,2.826566526226358,382.09999999999997,338.0436275,13.645023505873654,2059.2999999999997,1563.83277925,0.4863064799216166,869.9700000000012,263.0703414210111,2.3193569550643094,6481.130000000005,1002.8780101612392,-9.482676276810848
135,2010,1921,3.8810891191709844,9.8,53362801,10.31124375,0.22550335570469798,3.59988599548963e-05,0.9249569564386247,3.0384629852141445,414.5,342.6139525,2.8129596295094466,404.7,332.30270874999997,14.105168575163725,2155.1,1609.611702875,0.4904447252007509,1045.5300000000007,245.3965649908705,2.3686811779095347,7109.489999999998,1032.8812115830515,-10.154015211796853
135,2011,1301,3.88914953271028,9.8,53783435,10.31124375,0.22550335570469798,2.4189604103940183e-05,0.9389811007794501,2.934003266798544,410.0,329.808084625,2.708499911093846,400.2,319.496840875,13.087954460332213,2103.9,1514.94194474,0.4887974240687043,1116.42,238.24772726569518,2.2414295422971593,8046.429999999993,937.5718557351538,-10.566627672638566
135,2012,1342,3.9253846153846155,9.2,54171475,10.335505499999998,0.22251655629139072,2.4773185518762412e-05,0.9197618488328037,2.726410130768168,385.8,312.21302575,2.503893574476777,376.6,301.87752025,13.768694552334546,2323.2999999999997,1612.330897375,0.4403575163419191,1277.2200000000003,216.97619595961987,2.3354440563482433,11767.870000000003,1039.0093382467676,-10.522108216411926
135,2013,1082,3.9091304347826092,9.2,54594744,10.335505499999998,0.22251655629139072,1.9818757644508782e-05,0.9195631909181587,2.731245522382343,403.2,312.559974375,2.508728966090952,394.0,302.224468875,13.11905728222231,2411.7000000000003,1578.6128777499998,0.43982706279892136,1710.1400000000003,218.65214108336113,2.3546790712759202,14515.370000000003,1012.4547450643586,-10.745025198769838
135,2014,804,3.9154354838709677,9.2,55952365,10.335505499999998,0.22251655629139072,1.4369365798925568e-05,0.9188134228106355,2.612957353904471,372.0,296.760721,2.39044079761308,362.8,286.4252155,13.841824099205859,2552.6,1645.5960405,0.3853872290071729,1576.62,214.76685978263959,2.40948971023556,16275.460000000006,1075.1702618883064,-11.065739793326681
135,2015,723,3.9060900000000003,9.2,56412140,10.335505499999998,0.22251655629139072,1.2816390230897108e-05,0.9279170405519096,2.440234722128731,337.8,272.92839487500004,2.21771816583734,328.6,262.592889375,13.83609007044859,2681.6,1651.7494353749998,0.3478792681326942,1437.6999999999998,211.3491428226007,2.4114161088356,19322.32,1170.4159359449404,-11.18997277322491
135,2016,684,3.91,9.2,56950757,10.335505499999998,0.22251655629139072,1.2010375911245569e-05,0.9300480413280547,2.3287960735325566,332.3,257.831409875,2.1062795172411657,323.1,247.495904375,14.384023980050662,2843.7999999999997,1716.568491125,0.33806020139069226,1500.5699999999988,186.39198901483633,2.4972420535841415,21949.400000000016,1201.3367091542532,-11.257220585681258
138,2006,9386,2.9743888888888885,10.6,51102005,15.110406,0.09939024390243903,0.00018367185397128743,0.9152275336359111,2.5453950632826707,310.9,295.79970525,2.4460048193802315,300.29999999999995,280.68929925,13.778912964051765,2103.5,1567.5231525,0.025056199527337453,540.010000000002,329.69406949784025,0.135944254718245,5725.2300000000105,3042.2084839210584,-8.513777220860739
138,2007,7159,2.9743888888888885,10.6,51713048,15.110406,0.09939024390243903,0.00013843701496767314,0.9201741889203668,2.7502627461436537,357.2,330.201509875,2.6508725022412145,346.59999999999997,315.091103875,13.61577871130859,2060.2000000000003,1542.06841125,0.032331671771151704,703.7400000000007,419.38966983823957,0.12964396504805054,5349.69999999999,2910.4907928419707,-8.801902810272674
138,2008,5954,3.191531440162272,11.4,52324877,15.5437375,0.09770114942528736,0.00011378908735896311,0.9235641012591391,2.8571570957147023,362.6,321.905370125,2.759455946289415,351.20000000000005,306.36163262499997,13.516623393349276,2086.0,1550.3659983750001,0.06355656290902423,587.3999999999987,528.9557970928854,0.14770639524487583,4464.87999999999,3408.076924568959,-9.001648863490637
138,2009,4544,3.2375,11.4,52877802,15.5437375,0.09770114942528736,8.593398038746013e-05,0.9291896626111653,3.052069881931056,391.9,348.35487125000003,2.9543687325057686,380.5,332.81113375,13.645023505873654,2059.2999999999997,1563.83277925,0.06854779296441571,599.5700000000015,540.8357743384258,0.14812908223161392,4538.4100000000035,3171.573331407657,-9.288488823243895
138,2010,3474,3.076712953367876,11.6,53362801,15.4617125,0.10240963855421686,6.510153018391969e-05,0.9249569564386247,3.0384629852141445,414.5,342.6139525,2.9360533466599277,402.9,327.15224,14.105168575163725,2155.1,1609.611702875,0.06791928015611182,670.4099999999999,565.693020721923,0.14986829930798828,4782.449999999997,3169.107273263762,-9.56155442776436
138,2011,3648,3.083102803738318,11.6,53783435,15.525802500000001,0.10303030303030303,6.782757553510667e-05,0.9389811007794501,2.934003266798544,410.0,329.808084625,2.830972963768241,398.4,314.282282125,13.087954460332213,2103.9,1514.94194474,0.080847534787857,718.9800000000014,571.0467369802063,0.13605236225147888,5557.029999999992,2922.2653271793533,-9.535581799956848
138,2012,2893,3.0863076923076926,11.6,54171475,15.525802500000001,0.10303030303030303,5.340449009372552e-05,0.9197618488328037,2.726410130768168,385.8,312.21302575,2.623379827737865,374.2,296.68722325,13.768694552334546,2323.2999999999997,1612.330897375,0.08053684258618676,723.3000000000011,465.94413667769913,0.14111270319968616,7654.750000000007,3228.186474256341,-9.753975228967418
138,2013,2028,3.0735279503105595,11.6,54594744,15.525802500000001,0.10303030303030303,3.7146432997286334e-05,0.9195631909181587,2.731245522382343,403.2,312.559974375,2.62821521935204,391.59999999999997,297.034171875,13.11905728222231,2411.7000000000003,1578.6128777499998,0.08116191469724499,1072.7000000000007,464.0185489864598,0.12179739480220819,9828.169999999998,3148.9613452996637,-10.116786293465191
138,2014,694,3.0775645161290326,11.6,55952365,15.525802500000001,0.10303030303030303,1.240340779160988e-05,0.9188134228106355,2.612957353904471,372.0,296.760721,2.509927050874168,360.4,281.2349185,13.841824099205859,2552.6,1645.5960405,0.07625120975494903,989.1000000000022,355.6831638177882,0.1548375592411424,11161.540000000015,3187.4911914223267,-11.212867101998842
138,2015,63,3.0529440000000005,11.6,56412140,15.525802500000001,0.10303030303030303,1.1167808914889596e-06,0.9279170405519096,2.440234722128731,337.8,272.92839487500004,2.337204419098428,326.2,257.40259237500004,13.83609007044859,2681.6,1651.7494353749998,0.07526403759444195,914.5000000000009,331.20340978001695,0.15539368261659003,13589.200000000012,3218.8609715599086,-13.630247268992143
139,2006,18102,1.8345833333333335,15.0,51102005,12.190440000000002,0.09785714285714285,0.0003542326763891162,0.9152275336359111,2.5453950632826707,310.9,295.79970525,2.447537920425528,295.9,283.60926524999996,13.778912964051765,2103.5,1567.5231525,0.025603290996005,507.4500000000007,143.92322358821912,0.13555476180465975,3096.670000000013,956.2636680824144,-7.8569740088279865
139,2007,13907,1.920916666666667,15.0,51713048,12.285360000000003,0.09785714285714285,0.0002689263259052145,0.9201741889203668,2.7502627461436537,357.2,330.201509875,2.652405603286511,342.2,317.916149875,13.61577871130859,2060.2000000000003,1542.06841125,0.03259972843283321,601.6599999999999,195.4125019795274,0.12966147007212614,2764.2599999999875,942.9059032757432,-8.137880806190248
139,2008,9234,1.9311298174442195,15.0,52324877,12.285360000000003,0.09785714285714285,0.0001764743756588286,0.9235641012591391,2.8571570957147023,362.6,321.905370125,2.7592999528575595,347.6,309.62001012499996,13.516623393349276,2086.0,1550.3659983750001,0.06348882427440794,542.7600000000002,178.43618862055882,0.14769918796587111,2561.199999999997,997.9089870849712,-8.562819801999424
139,2009,6148,1.8428055555555556,15.0,52877802,12.285360000000003,0.09716312056737589,0.00011626807029535758,0.9291896626111653,3.052069881931056,391.9,348.35487125000003,2.9549067613636804,376.9,336.06951125,13.645023505873654,2059.2999999999997,1563.83277925,0.06879156089177318,534.0499999999993,181.32567429133633,0.14844847877112377,2731.9300000000076,939.8428106640349,-8.986169678986396
139,2010,10504,1.8561730569948187,15.0,53362801,12.285360000000003,0.09716312056737589,0.0001968412415232851,0.9249569564386247,3.0384629852141445,414.5,342.6139525,2.9412998646467687,399.5,330.32859249999996,14.105168575163725,2155.1,1609.611702875,0.06943718152263223,474.5699999999997,186.31837984980575,0.1502385886535258,2879.8099999999977,967.5334686453498,-8.455104958582778
139,2011,16242,2.161906542056075,14.0,53783435,13.04314375,0.1,0.0003019888930485753,0.9389811007794501,2.934003266798544,410.0,329.808084625,2.8340032667985438,396.0,316.764940875,13.087954460332213,2103.9,1514.94194474,0.08140255917800432,471.2999999999993,222.69414840662103,0.13416117716258347,3568.389999999992,1082.0764179497419,-8.042160392308714
139,2012,14128,2.1641538461538463,14.0,54171475,13.04314375,0.1,0.0002608014642392514,0.9197618488328037,2.726410130768168,385.8,312.21302575,2.6264101307681678,371.8,299.169882,13.768694552334546,2323.2999999999997,1612.330897375,0.0810642134430003,468.89999999999964,172.08038313022917,0.1378100255554333,5165.950000000012,1233.222136379387,-8.168110611099811
139,2013,8411,2.2182763975155284,16.2,54594744,13.04314375,0.10202702702702703,0.00015406244967464269,0.9195631909181587,2.731245522382343,403.2,312.559974375,2.629218495355316,387.0,299.516830625,13.11905728222231,2411.7000000000003,1578.6128777499998,0.08129334431846591,688.1400000000012,171.8775055183023,0.1197308499170755,5287.970000000001,1199.3571676708743,-8.694296006213827
139,2014,3703,2.2215665322580644,16.2,55952365,13.04314375,0.10202702702702703,6.618129546445445e-05,0.9188134228106355,2.612957353904471,372.0,296.760721,2.510930326877444,355.8,283.71757725,13.841824099205859,2552.6,1645.5960405,0.07655674621144404,635.8200000000015,126.94769985149469,0.1531926380701858,5964.460000000021,1215.8449620722458,-9.538440481592035
139,2015,2183,2.2037940000000003,16.2,56412140,13.04314375,0.10202702702702703,3.8697344224133314e-05,0.9279170405519096,2.440234722128731,337.8,272.92839487500004,2.338207695101704,321.6,259.885251125,13.83609007044859,2681.6,1651.7494353749998,0.07563445530465523,620.1000000000004,125.98676861123658,0.15373725581872444,7205.320000000007,1277.7683014670693,-10.084926638833732
139,2016,1729,2.3040000000000003,16.2,56950757,13.04314375,0.10134228187919463,3.035956133120408e-05,0.9300480413280547,2.3287960735325566,332.3,257.831409875,2.227453791653362,316.1,244.788266125,14.384023980050662,2843.7999999999997,1716.568491125,0.07832999604600177,582.1700000000019,119.4830379521909,0.17517215176464473,8450.60000000002,1274.1805900343898,-10.329880017620518
140,2009,1361,1.9157777777777778,12.8,52877802,13.797300000000003,0.08134328358208955,2.5738588756015237e-05,0.9291896626111653,3.052069881931056,391.9,348.35487125000003,2.9707265983489664,379.09999999999997,334.55757125,13.645023505873654,2059.2999999999997,1563.83277925,0.08346373267172469,484.77000000000044,271.5694380674868,0.193292490434803,3413.930000000015,1613.6522697203472,-10.494076780993417
140,2010,1153,1.9296746113989638,12.8,53362801,13.797300000000003,0.08134328358208955,2.1606811831335466e-05,0.9249569564386247,3.0384629852141445,414.5,342.6139525,2.9571197016320547,401.7,328.8166525,14.105168575163725,2155.1,1609.611702875,0.08367883552670946,524.7299999999996,293.9219930157069,0.1983456714308134,3738.6900000000023,1660.6546239720992,-10.664493854296351
140,2011,2122,1.9336822429906544,12.8,53783435,13.797300000000003,0.08134328358208955,3.945452721641896e-05,0.9389811007794501,2.934003266798544,410.0,329.808084625,2.852659983216454,397.2,316.010784625,13.087954460332213,2103.9,1514.94194474,0.09614872696342552,554.8200000000015,292.0133671570802,0.1759260183534157,4372.629999999997,1468.9998156264337,-10.077401831977143
140,2012,1898,1.8910384615384614,13.2,54171475,13.797300000000003,0.083206106870229,3.503688980224371e-05,0.9197618488328037,2.726410130768168,385.8,312.21302575,2.6432040238979386,372.6,298.41572575,13.768694552334546,2323.2999999999997,1612.330897375,0.09264295590409072,520.4200000000001,227.4546723064159,0.1664491223426614,5815.070000000014,1655.4295550963143,-10.17546855477368
140,2013,1492,1.8832080745341617,13.2,54594744,13.797300000000003,0.083206106870229,2.732863808281618e-05,0.9195631909181587,2.731245522382343,403.2,312.559974375,2.6480394155121143,390.0,298.762674375,13.11905728222231,2411.7000000000003,1578.6128777499998,0.09345974351888914,814.1399999999994,226.72848774654267,0.13245270196003167,7586.569999999992,1611.6962316429344,-10.42371887741256
140,2014,1484,1.9516754032258066,13.2,55952365,13.797300000000003,0.083206106870229,2.6522560753240724e-05,0.9188134228106355,2.612957353904471,372.0,296.760721,2.529751247034242,358.8,282.963421,13.841824099205859,2552.6,1645.5960405,0.09124307710998292,751.0200000000004,165.14511662224504,0.17568947310463434,8667.460000000006,1628.3619264131266,-10.452842638778321
140,2015,1712,1.8711270000000004,13.2,56412140,13.797300000000003,0.083206106870229,3.0348077559192045e-05,0.9279170405519096,2.440234722128731,337.8,272.92839487500004,2.3570286152585016,324.6,259.13109487500003,13.83609007044859,2681.6,1651.7494353749998,0.09079170452629515,706.5,159.64700396672833,0.17601825145833772,10682.320000000007,1681.0040234005646,-10.327964438681988
140,2016,1939,1.8730000000000002,13.2,56950757,13.797300000000003,0.083206106870229,3.404695744430579e-05,0.9300480413280547,2.3287960735325566,332.3,257.831409875,2.245589966662328,319.1,244.034109875,14.384023980050662,2843.7999999999997,1716.568491125,0.09251386294993302,723.7700000000004,155.6723560886603,0.20155822658999778,12459.800000000003,1680.8583619761266,-10.215250848061157
