data_2.csv
NameID,year,Sales,price,FuelEfficiency,HH,size,hppw,share,share0,hppw_own_sum,FuelEfficiency_own_sum,size_own_sum,iv_BLP_own_hppw,iv_BLP_own_FuelEfficiency,iv_BLP_own_size,iv_BLP_other_hppw,iv_BLP_other_FuelEfficiency,iv_BLP_other_size,iv_GH_own_hppw,iv_GH_own_FuelEfficiency,iv_GH_own_size,iv_GH_other_hppw,iv_GH_other_FuelEfficiency,iv_GH_other_size,logit_share
141,2006,35507,1.5344722222222225,16.6,51102005,11.187720375000001,0.0923728813559322,0.0006948259662218733,0.9152275336359111,2.5453950632826707,310.9,295.79970525,2.4530221819267384,294.29999999999995,284.61198487499996,13.778912964051765,2103.5,1567.5231525,0.028484006541883322,726.0100000000002,174.52979772916296,0.13958784665779778,3494.429999999993,794.5507545678556,-7.183266578091035
141,2007,24852,1.5344722222222225,16.6,51713048,11.187720375000001,0.0923728813559322,0.00048057503785118216,0.9201741889203668,2.7502627461436537,357.2,330.201509875,2.6578898647877214,340.59999999999997,319.0137895,13.61577871130859,2060.2000000000003,1542.06841125,0.03459772627612656,823.7399999999998,224.64248013571887,0.1350350267160665,3148.899999999994,772.6090151967655,-7.5573348844852735
141,2008,16872,1.5126845841784993,16.6,52324877,11.187720375000001,0.0923728813559322,0.0003224470073766251,0.9235641012591391,2.8571570957147023,362.6,321.905370125,2.76478421435877,346.0,310.71764974999996,13.516623393349276,2086.0,1550.3659983750001,0.06665929524980008,747.5600000000013,189.45382332847566,0.15198515722396166,2863.279999999999,845.8276198465828,-7.960056682907749
141,2009,13174,1.5344722222222225,16.6,52877802,11.187720375000001,0.0923728813559322,0.000249140461625088,0.9291896626111653,3.052069881931056,391.9,348.35487125000003,2.9596970005751237,375.29999999999995,337.167150875,13.645023505873654,2059.2999999999997,1563.83277925,0.07170208967735248,746.2100000000028,198.8773837109975,0.15478891003905604,3068.890000000014,843.0897711852449,-8.224051314444244
141,2010,10486,1.6739720207253885,15.0,53362801,11.326329000000001,0.09159663865546218,0.00019650392789538916,0.9249569564386247,3.0384629852141445,414.5,342.6139525,2.946866346558682,399.5,331.2876235,14.105168575163725,2155.1,1609.611702875,0.07279317424013765,474.5699999999997,186.78727312244973,0.15911830238684388,2879.8099999999977,862.016329101556,-8.456820061432932
141,2011,7290,1.6774485981308411,15.0,53783435,11.326329000000001,0.09159663865546218,0.00013554359255782007,0.9389811007794501,2.934003266798544,410.0,329.808084625,2.8424066281430815,395.0,318.481755625,13.087954460332213,2103.9,1514.94194474,0.08563197641535003,463.2999999999993,183.67254963966934,0.14159943445790635,3188.5899999999965,761.2268949625286,-8.843257326148366
141,2012,7374,1.6791923076923079,15.0,54171475,11.326329000000001,0.09159663865546218,0.00013612330105466022,0.9197618488328037,2.726410130768168,385.8,312.21302575,2.6348134921127055,370.8,300.88669675,13.768694552334546,2323.2999999999997,1612.330897375,0.08502478198496943,451.2999999999993,156.31961168968792,0.14219879071718866,4608.35000000002,870.2293617315008,-8.818308955149464
141,2013,6001,1.6722391304347826,15.0,54594744,11.326329000000001,0.09159663865546218,0.00010991900612264067,0.9195631909181587,2.731245522382343,403.2,312.559974375,2.639648883726881,388.2,301.23364537500004,13.11905728222231,2411.7000000000003,1578.6128777499998,0.08576042658570232,682.380000000001,157.3080271115441,0.11470391068461838,5909.329999999987,846.102816957784,-9.031910257186752
141,2014,5063,1.666678427419355,17.2,55952365,11.262554625,0.09083333333333334,9.048768537308477e-05,0.9188134228106355,2.612957353904471,372.0,296.760721,2.5221240205711375,354.8,285.498166375,13.841824099205859,2552.6,1645.5960405,0.08324235953132392,693.4200000000019,145.08243208168915,0.1543636849944976,5635.460000000006,887.2856948930785,-9.225624590535737
141,2015,3913,1.6613370000000003,15.0,56412140,11.326329000000001,0.09159663865546218,6.936450203803649e-05,0.9279170405519096,2.440234722128731,337.8,272.92839487500004,2.3486380834732685,322.8,261.60206587500005,13.83609007044859,2681.6,1651.7494353749998,0.08210910636193908,607.1399999999994,142.6886107693772,0.15357032734398768,8287.23999999999,966.4484412090169,-9.501322373173263
141,2016,3494,1.676,17.2,56950757,11.262554625,0.09083333333333334,6.135124771036846e-05,0.9300480413280547,2.3287960735325566,332.3,257.831409875,2.2379627401992233,315.1,246.56885525,14.384023980050662,2843.7999999999997,1716.568491125,0.08486555557432512,618.9699999999993,128.81894072271825,0.1785986670406401,7706.200000000026,981.9745593598927,-9.626376012609805
142,2006,57069,1.3792777777777778,16.4,51102005,10.215724,0.09158878504672897,0.001116766357797507,0.9152275336359111,2.5453950632826707,310.9,295.79970525,2.4538062782359416,294.5,285.58398124999997,13.778912964051765,2103.5,1567.5231525,0.029013828363182614,691.9700000000012,250.26459190696096,0.140857479681459,3405.2300000000105,908.4304798380072,-6.7087353761788515
142,2007,51847,1.4029166666666668,16.4,51713048,10.215724,0.09074074074074075,0.0010025902940395237,0.9201741889203668,2.7502627461436537,357.2,330.201509875,2.659522005402913,340.8,319.985785875,13.61577871130859,2060.2000000000003,1542.06841125,0.03550594348187697,788.4200000000001,304.8419220563901,0.13823708678544344,3062.179999999993,899.4171190588386,-6.8219760428943514
142,2008,47295,1.4681044624746453,17.4,52324877,10.8793575,0.09316239316239316,0.0009038721677262615,0.9235641012591391,2.8571570957147023,362.6,321.905370125,2.763994702552309,345.20000000000005,311.02601262499996,13.516623393349276,2086.0,1550.3659983750001,0.06610279855301338,901.7999999999975,204.25512958547824,0.1508566457040028,3279.279999999999,862.9341274279286,-6.929307544419089
142,2009,59760,1.4892500000000002,18.0,52877802,10.8793575,0.09316239316239316,0.0011301528758702944,0.9291896626111653,3.052069881931056,391.9,348.35487125000003,2.958907488768663,373.9,337.47551375,13.645023505873654,2059.2999999999997,1563.83277925,0.07113078566816411,1053.6499999999996,216.38144323367578,0.15331116941977196,3939.1300000000047,875.3062568781825,-6.711959963838184
142,2010,54406,1.500052849740933,18.0,53362801,10.8793575,0.09316239316239316,0.0010195491799615242,0.9249569564386247,3.0384629852141445,414.5,342.6139525,2.945300592051751,396.5,331.73459499999996,14.105168575163725,2155.1,1609.611702875,0.07166753132983905,858.5699999999997,205.2306565625504,0.15573734728554278,3908.2100000000064,901.4488741204477,-6.810386653685677
142,2011,35734,1.5031682242990656,18.0,53783435,10.8793575,0.09316239316239316,0.0006644053136435038,0.9389811007794501,2.934003266798544,410.0,329.808084625,2.8408408736361506,392.0,318.92872712499997,13.087954460332213,2103.9,1514.94194474,0.08454416276809018,775.2999999999993,200.5935261374234,0.1388003089453429,3633.189999999988,805.3578534158514,-7.253658255657959
142,2012,40680,1.5919615384615386,19.0,54171475,10.8793575,0.0925,0.0007509487234748547,0.9197618488328037,2.726410130768168,385.8,312.21302575,2.633910130768168,366.8,301.33366824999996,13.768694552334546,2323.2999999999997,1612.330897375,0.08442286540452276,900.8999999999996,177.36222647841805,0.14077169384045085,5197.950000000012,912.0927116392995,-7.110532683781056
142,2013,20995,1.5853695652173918,19.0,54594744,10.8793575,0.0925,0.00038456082878600916,0.9195631909181587,2.731245522382343,403.2,312.559974375,2.6387455223823433,384.2,301.680616875,13.11905728222231,2411.7000000000003,1578.6128777499998,0.08514977379351585,992.7800000000007,178.66079419495327,0.11395161084239991,5383.729999999996,887.6001062582582,-7.779552065057972
142,2014,14478,1.6092762096774194,19.0,55952365,10.8793575,0.0925,0.0002587558184537865,0.9188134228106355,2.612957353904471,372.0,296.760721,2.520457353904471,353.0,285.88136349999996,13.841824099205859,2552.6,1645.5960405,0.08186583501830896,918.0600000000013,168.88493264268072,0.15191871577492222,5763.979999999996,935.1464973877664,-8.17495352765256
142,2015,11012,1.575423,19.0,56412140,10.8793575,0.0925,0.00019520620915994323,0.9279170405519096,2.440234722128731,337.8,272.92839487500004,2.347734722128731,318.8,262.049037375,13.83609007044859,2681.6,1651.7494353749998,0.08135900623725406,896.7399999999998,168.31424079355747,0.15235407702957282,6282.439999999988,1023.6990992252831,-8.466641129121177
142,2016,11024,1.62,19.0,56950757,10.8793575,0.0925,0.00019357073690872976,0.9300480413280547,2.3287960735325566,332.3,257.831409875,2.2362960735325568,313.3,246.95205237500002,14.384023980050662,2843.7999999999997,1716.568491125,0.08351956866254989,791.0500000000011,148.24039228595575,0.17587414266269397,7112.200000000012,1041.8046545804682,-8.477348510050367
144,2006,69348,1.5005555555555556,16.8,51102005,10.940674125,0.09909090909090909,0.0013570504718944001,0.9152275336359111,2.5453950632826707,310.9,295.79970525,2.4463041541917616,294.09999999999997,284.859031125,13.778912964051765,2103.5,1567.5231525,0.025154154585847188,761.9700000000012,189.48052848150382,0.1358161344367943,3594.9100000000035,798.2422877503268,-6.513859131109324
144,2007,62239,1.5005555555555556,16.8,51713048,10.940674125,0.0981981981981982,0.0012035453798816887,0.9201741889203668,2.7502627461436537,357.2,330.201509875,2.6520645479454554,340.4,319.26083575,13.61577871130859,2060.2000000000003,1542.06841125,0.03252911930772995,861.2199999999993,240.19067390049986,0.12960147149477752,3246.659999999989,780.1237622774133,-6.639291303783704
144,2008,65302,1.4792494929006088,16.8,52324877,11.05775625,0.0981981981981982,0.001248010578218846,0.9235641012591391,2.8571570957147023,362.6,321.905370125,2.758958897516504,345.8,310.847613875,13.516623393349276,2086.0,1550.3659983750001,0.06334530137160499,782.8799999999992,195.06604742171476,0.14770682429009074,2950.720000000001,849.8378218045982,-6.606689462399498
144,2009,57624,1.4871944444444443,16.8,52877802,11.05775625,0.0981981981981982,0.0010897578533994284,0.9291896626111653,3.052069881931056,391.9,348.35487125000003,2.953871683732858,375.09999999999997,337.297115,13.645023505873654,2059.2999999999997,1563.83277925,0.06833751216527018,783.1700000000019,205.5823525354799,0.14790449750973522,3160.3300000000017,853.4914838340119,-6.748357357075684
144,2010,46825,1.551814507772021,18.0,53362801,11.05775625,0.09732142857142857,0.0008774839236793436,0.9249569564386247,3.0384629852141445,414.5,342.6139525,2.941141556642716,396.5,331.55619624999997,14.105168575163725,2155.1,1609.611702875,0.06936802086448202,858.5699999999997,196.4799113220588,0.15011383945745216,3908.2100000000064,878.9545102606135,-6.960443847253121
144,2011,27421,1.5550373831775703,18.0,53783435,11.05775625,0.09732142857142857,0.0005098409947226316,0.9389811007794501,2.934003266798544,410.0,329.808084625,2.8366818382271153,392.0,318.750328375,13.087954460332213,2103.9,1514.94194474,0.08232132667871062,775.2999999999993,192.49832886845343,0.1345079995266083,3633.189999999988,781.4194395397062,-7.518451728969647
144,2012,23227,1.4413846153846157,22.6,54171475,11.213060625,0.0766990291262136,0.00042876809243241025,0.9197618488328037,2.726410130768168,385.8,312.21302575,2.6497111016419543,363.2,300.99996512499996,13.768694552334546,2323.2999999999997,1612.330897375,0.10107148732854859,2016.9000000000015,160.66933490655447,0.1989244177388807,9586.35000000002,875.5085580269224,-7.670953859867935
144,2013,671,1.4354161490683233,22.6,54594744,11.213060625,0.0766990291262136,1.2290560424644541e-05,0.9195631909181587,2.731245522382343,403.2,312.559974375,2.6545464932561296,380.59999999999997,301.34691375,13.11905728222231,2411.7000000000003,1578.6128777499998,0.10195120348165959,1983.5000000000036,161.73634694233624,0.15959506236697907,8686.36999999998,851.4026427798599,-11.222822521204584
144,2014,10,1.39779435483871,22.6,55952365,11.213060625,0.0766990291262136,1.7872345521051703e-07,0.9188134228106355,2.612957353904471,372.0,296.760721,2.5362583247782573,349.4,285.54766037499996,13.841824099205859,2552.6,1645.5960405,0.10027614675898033,1833.9000000000033,147.76038790363327,0.2070354574914135,8800.940000000017,891.1055972808463,-15.452753969511601
145,2006,69863,1.32275,18.2,51102005,10.3506585,0.10186915887850467,0.0013671283543571333,0.9152275336359111,2.5453950632826707,310.9,295.79970525,2.443525904404166,292.7,285.44904675,13.778912964051765,2103.5,1567.5231525,0.02441028238565257,1067.4500000000007,237.04017019755793,0.13797634493276645,4614.110000000015,876.6957242579083,-6.50646025674739
145,2007,55659,1.3751666666666669,19.4,51713048,10.3506585,0.1,0.0010763047654820115,0.9201741889203668,2.7502627461436537,357.2,330.201509875,2.6502627461436536,337.8,319.850851375,13.61577871130859,2060.2000000000003,1542.06841125,0.03226033707180942,1545.0200000000004,290.6588633529818,0.12981731641141625,5522.1799999999785,866.2264654267965,-6.751029326973871
145,2008,62704,1.4174452332657201,17.6,52324877,10.428482999999998,0.09909090909090909,0.0011983592431569405,0.9235641012591391,2.8571570957147023,362.6,321.905370125,2.758066186623793,345.0,311.476887125,13.516623393349276,2086.0,1550.3659983750001,0.06299936849597876,945.7600000000002,235.13960303935983,0.1478788050607096,3410.87999999999,935.1867695472029,-6.647286884626947
145,2009,65745,1.4378611111111113,18.0,52877802,10.428482999999998,0.09909090909090909,0.0012433383672036898,0.9291896626111653,3.052069881931056,391.9,348.35487125000003,2.952978972840147,373.9,337.92638825000006,13.645023505873654,2059.2999999999997,1563.83277925,0.06799582202505627,1053.6499999999996,251.90240401448955,0.14767110778711245,3939.1300000000047,969.3097171162372,-6.616512882123864
145,2010,66347,1.4482911917098447,18.0,53362801,10.428482999999998,0.09909090909090909,0.0012433192927785032,0.9249569564386247,3.0384629852141445,414.5,342.6139525,2.9393720761232354,396.5,332.1854695,14.105168575163725,2155.1,1609.611702875,0.06869390509457896,858.5699999999997,235.574749601471,0.14920043796632898,3908.2100000000064,998.3047852323434,-6.611962550597433
145,2011,46475,1.3475607476635516,18.0,53783435,10.428482999999998,0.09909090909090909,0.0008641136439128517,0.9389811007794501,2.934003266798544,410.0,329.808084625,2.8349123577076347,392.0,319.379601625,13.087954460332213,2103.9,1514.94194474,0.08166934197714193,775.2999999999993,228.99710255744867,0.1340665489086419,3633.189999999988,903.3098621829267,-6.990846338561427
145,2012,85330,1.2980769230769231,22.6,54171475,10.597987499999999,0.0766990291262136,0.0015751832491177323,0.9197618488328037,2.726410130768168,385.8,312.21302575,2.6497111016419543,363.2,301.61503825,13.768694552334546,2323.2999999999997,1612.330897375,0.10107148732854859,2016.9000000000015,195.93688996007313,0.1989244177388807,9586.35000000002,967.3414414944564,-6.369743162412922
145,2013,147634,1.2927018633540373,22.6,54594744,10.597987499999999,0.0766990291262136,0.002704179728363595,0.9195631909181587,2.731245522382343,403.2,312.559974375,2.6545464932561296,380.59999999999997,301.96198687500004,13.11905728222231,2411.7000000000003,1578.6128777499998,0.10195120348165959,1983.5000000000036,197.43069954584007,0.15959506236697907,8686.36999999998,942.003599437594,-5.829100141251252
145,2014,106765,1.258820564516129,22.6,55952365,10.597987499999999,0.0766990291262136,0.0019081409695550849,0.9188134228106355,2.612957353904471,372.0,296.760721,2.5362583247782573,349.4,286.1627335,13.841824099205859,2552.6,1645.5960405,0.10027614675898033,1833.9000000000033,190.8501272746198,0.2070354574914135,8800.940000000017,997.0286927597845,-6.176953626063632
145,2015,97995,1.4625360000000003,23.4,56412140,10.597987499999999,0.07596153846153846,0.001737126086689851,0.9279170405519096,2.440234722128731,337.8,272.92839487500004,2.3642731836671924,314.40000000000003,262.33040737500005,13.83609007044859,2681.6,1651.7494353749998,0.10078037959050623,2028.4199999999964,188.95419334721464,0.21159782551364126,9362.439999999988,1089.0440560292554,-6.280710259440714
145,2016,102402,1.48,23.4,56950757,10.597987499999999,0.07596153846153846,0.0017980796989230537,0.9300480413280547,2.3287960735325566,332.3,257.831409875,2.252834535071018,308.90000000000003,247.23342237500003,14.384023980050662,2843.7999999999997,1716.568491125,0.10204098908294629,1784.569999999998,166.42774806336365,0.23931138555312703,9697.640000000014,1113.4104840039654,-6.248516980656996
