data_2.csv
NameID,year,Sales,price,FuelEfficiency,HH,size,hppw,share,share0,hppw_own_sum,FuelEfficiency_own_sum,size_own_sum,iv_BLP_own_hppw,iv_BLP_own_FuelEfficiency,iv_BLP_own_size,iv_BLP_other_hppw,iv_BLP_other_FuelEfficiency,iv_BLP_other_size,iv_GH_own_hppw,iv_GH_own_FuelEfficiency,iv_GH_own_size,iv_GH_other_hppw,iv_GH_other_FuelEfficiency,iv_GH_other_size,logit_share
154,2006,36294,1.0144166666666667,22.5,51102005,8.237543125,0.06279069767441861,0.0007102265361212344,0.9152275336359111,0.5811653400581879,148.3,75.114698625,0.5183746423837693,125.80000000000001,66.8771555,15.743142687276247,2266.1,1788.2081591249998,0.003767809793657817,266.8899999999985,37.313934930736195,0.37275861371556474,13527.48000000001,2470.216901306718,-7.161343999880133
154,2007,49958,0.9671388888888889,23.0,51713048,8.237543125,0.06279069767441861,0.0009660617954679446,0.9201741889203668,0.5811653400581879,149.8,75.114698625,0.5183746423837693,126.80000000000001,66.8771555,15.784876117394056,2267.6,1797.1552225,0.003767809793657817,301.33999999999924,37.313934930736195,0.37678864549888513,14546.180000000008,2551.1786899886574,-6.859090464256267
154,2008,44834,0.9534066937119676,21.0,52324877,8.237543125,0.06279069767441861,0.0008568390901329782,0.9235641012591391,0.77273807391568,180.6,101.684979375,0.7099473762412614,159.6,93.44743625,15.6010424151483,2268.0,1770.586389125,0.006024299695972984,233.90000000000055,92.28320305274724,0.4240017299874499,9126.86,2534.2479097348078,-6.982745345932519
154,2009,33680,0.97125,21.0,52877802,8.237543125,0.06279069767441861,0.0006369402419563506,0.9291896626111653,0.7464454304457473,158.5,95.04273325,0.6836547327713287,137.5,86.805190125,15.950647957358962,2292.7,1817.14491725,0.007219584712532159,240.25,101.24110240066261,0.4451915178322823,9467.330000000016,2710.187965777084,-7.28539231528862
154,2010,29333,0.9782953367875648,21.0,53362801,8.237543125,0.06279069767441861,0.0005496900359484503,0.9249569564386247,0.9808236159707218,219.0,122.087025,0.9180329182963032,198.0,113.849481875,16.16280794440715,2350.6,1830.138630375,0.008143864192837275,233.97999999999956,107.9136964584925,0.4554081655405038,9005.199999999997,2728.0399444342947,-7.428147933474106
154,2011,24394,1.175355140186916,27.0,53783435,8.187466875,0.06419753086419754,0.00045355972522022813,0.9389811007794501,0.8490376784800997,184.6,107.10884250000001,0.7848401476159022,157.6,98.92137562500001,15.172920048650658,2329.3,1737.641186865,0.00736505825288572,915.7199999999993,109.17828554849257,0.4148616471786981,23042.569999999978,2616.374787663579,-7.635423671747888
154,2012,21821,1.1765769230769232,25.0,54171475,8.187466875,0.06419753086419754,0.00040281347332706,0.9197618488328037,0.9270560020989946,178.0,106.737926375,0.8628584712347971,153.0,98.5504595,15.568048681003718,2531.1,1817.80599675,0.01668893832549119,745.2000000000007,110.48842975153548,0.4015771891231257,16932.45000000001,2768.8804306294696,-7.733396446092423
154,2013,23439,1.1179285714285716,29.0,54594744,8.1123525,0.06419753086419754,0.00042932704291094397,0.9195631909181587,0.9393477777836274,181.4,106.66281199999999,0.8751502469194299,152.4,98.55045949999999,14.910955026821025,2633.5,1784.510040125,0.017580309144728773,1481.9599999999991,114.27438538945216,0.3513984542578532,27316.54999999999,2799.530319769834,-7.669435077511412
154,2014,14927,1.1188397177419356,29.0,55952365,8.1123525,0.06419753086419754,0.00026678050159273874,0.9188134228106355,1.2481327614543398,216.8,131.553951875,1.1839352305901423,187.8,123.441599375,15.206648691655989,2707.7999999999997,1810.802809625,0.03698187997777194,1764.6399999999994,151.64399346918185,0.38759174507447214,26585.399999999994,2925.5330380020314,-8.144412129872407
154,2015,15841,1.1328660000000002,31.0,56412140,8.16242875,0.06341463414634146,0.00028080835082661284,0.9279170405519096,1.1774049143048257,191.0,123.50983275,1.1139902801584842,160.0,115.347404,15.098919878272493,2828.4,1801.1679975,0.036821046458560686,2359.4400000000005,153.57960003226412,0.3954501204443004,31354.139999999985,2960.5546781676094,-8.103025200694825
154,2016,11742,1.1340000000000001,31.0,56950757,8.16242875,0.06341463414634146,0.00020617811980971562,0.9300480413280547,1.2984126347436717,243.2,142.9937415,1.2349980005973302,212.2,134.83131275,15.414407418839547,2932.9,1831.4061595,0.03686970624500269,2424.120000000001,160.48475994305318,0.428334000731422,30652.72999999998,3014.923166108918,-8.414251066679677
155,2006,4447,1.2744444444444445,15.8,51102005,9.5144875,0.05106382978723404,8.702202584810517e-05,0.9152275336359111,0.5811653400581879,148.3,75.114698625,0.5301015102709539,132.5,65.600211125,15.743142687276247,2266.1,1788.2081591249998,0.00671705210539892,201.22999999999956,26.826196364080033,0.5323744732627349,3605.4500000000116,1462.264038332345,-9.260766726704405
155,2007,3425,1.2744444444444445,15.8,51713048,9.5144875,0.05106382978723404,6.623086691776512e-05,0.9201741889203668,0.5811653400581879,149.8,75.114698625,0.5301015102709539,134.0,65.600211125,15.784876117394056,2267.6,1797.1552225,0.00671705210539892,223.57999999999902,26.826196364080033,0.5373833098889964,3340.100000000006,1520.376022515331,-9.539171644972532
155,2008,4184,1.2776257606490875,15.8,52324877,9.5144875,0.05052631578947368,7.996196531909669e-05,0.9235641012591391,0.77273807391568,180.6,101.684979375,0.7222117581262063,164.79999999999998,92.170491875,15.6010424151483,2268.0,1770.586389125,0.011080978095224153,198.54000000000087,59.274634697167585,0.5912627292393484,3053.2599999999948,1525.9623756156798,-9.3544443993216
155,2009,2956,1.4080555555555556,15.2,52877802,9.389296875,0.06597938144329897,5.590247491754669e-05,0.9291896626111653,0.7464454304457473,158.5,95.04273325,0.6804660490024483,143.3,85.653436375,15.950647957358962,2292.7,1817.14491725,0.006154691406498561,189.21000000000004,65.02546517463838,0.40793368195118873,3098.930000000022,1711.7603343968804,-9.71845950157679
155,2010,950,1.4182694300518133,15.2,53362801,9.389296875,0.06597938144329897,1.780266369450884e-05,0.9249569564386247,0.9808236159707218,219.0,122.087025,0.9148442345274228,203.8,112.697728125,16.16280794440715,2350.6,1830.138630375,0.0068160762384777696,254.85999999999876,70.30666756610435,0.41720791450639716,3098.4800000000105,1719.9829764884562,-10.858154389970823
155,2011,1073,1.4212149532710283,15.2,53783435,9.389296875,0.06597938144329897,1.9950380632996016e-05,0.9389811007794501,0.8490376784800997,184.6,107.10884250000001,0.7830582970368007,169.4,97.71954562500001,15.172920048650658,2329.3,1737.641186865,0.006658899760535797,292.6800000000003,62.967864961567784,0.395583265415115,3320.0499999999884,1608.3184690930284,-10.759302408520373
155,2012,933,1.4226923076923077,15.2,54171475,9.389296875,0.06597938144329897,1.722308650447491e-05,0.9197618488328037,0.9270560020989946,178.0,106.737926375,0.8610766206556957,162.8,97.3486295,15.568048681003718,2531.1,1817.80599675,0.015704745842899562,294.40000000000055,65.16956541762784,0.38251437764085194,4690.290000000023,1716.0051389743749,-10.885619333096209
155,2013,1027,1.4168012422360252,15.2,54594744,9.389296875,0.06597938144329897,1.881133465888218e-05,0.9195631909181587,0.9393477777836274,181.4,106.66281199999999,0.8733683963403285,166.20000000000002,97.27351512499999,14.910955026821025,2633.5,1784.510040125,0.01655231244689348,388.9999999999991,65.35575700557229,0.3339814607722953,6067.309999999998,1683.7796433173426,-10.797194448247707
155,2014,860,1.4189425403225808,15.2,55952365,9.389296875,0.06597938144329897,1.5370217148104463e-05,0.9188134228106355,1.2481327614543398,216.8,131.553951875,1.1821533800110409,201.60000000000002,122.164655,15.206648691655989,2707.7999999999997,1810.802809625,0.035317377489155144,428.8000000000002,83.85342842912087,0.36935294353964965,6776.880000000019,1764.9821860397715,-10.998406673258094
155,2015,653,1.4075910000000003,14.8,56412140,9.389296875,0.0653061224489796,1.1575522573687153e-05,0.9279170405519096,1.1774049143048257,191.0,123.50983275,1.1120987918558463,176.2,114.120535875,15.098919878272493,2828.4,1801.1679975,0.03504516307228275,386.28000000000065,87.38922597079227,0.3758262258124989,8732.459999999992,1857.145987402917,-11.291804866107244
155,2016,599,1.409,14.8,56950757,9.389296875,0.0653061224489796,1.0517858436894878e-05,0.9300480413280547,1.2984126347436717,243.2,142.9937415,1.2331065122946923,228.39999999999998,133.60444462499999,15.414407418839547,2932.9,1831.4061595,0.03512300109406036,658.3200000000015,89.55331810613097,0.40800357172521284,9932.929999999993,1880.3853065275616,-11.38991690518836
